stm32f3xx_hal_can.c:274:19:HAL_CAN_Init	24	static
stm32f3xx_hal_can.c:459:19:HAL_CAN_DeInit	16	static
stm32f3xx_hal_can.c:506:13:HAL_CAN_MspInit	16	static
stm32f3xx_hal_can.c:522:13:HAL_CAN_MspDeInit	16	static
stm32f3xx_hal_can.c:838:19:HAL_CAN_ConfigFilter	32	static
stm32f3xx_hal_can.c:988:19:HAL_CAN_Start	24	static
stm32f3xx_hal_can.c:1040:19:HAL_CAN_Stop	24	static
stm32f3xx_hal_can.c:1095:19:HAL_CAN_RequestSleep	24	static
stm32f3xx_hal_can.c:1126:19:HAL_CAN_WakeUp	32	static
stm32f3xx_hal_can.c:1175:10:HAL_CAN_IsSleepActive	24	static
stm32f3xx_hal_can.c:1206:19:HAL_CAN_AddTxMessage	40	static
stm32f3xx_hal_can.c:1314:19:HAL_CAN_AbortTxRequest	24	static
stm32f3xx_hal_can.c:1363:10:HAL_CAN_GetTxMailboxesFreeLevel	24	static
stm32f3xx_hal_can.c:1406:10:HAL_CAN_IsTxMessagePending	24	static
stm32f3xx_hal_can.c:1438:10:HAL_CAN_GetTxTimestamp	40	static,ignoring_inline_asm
stm32f3xx_hal_can.c:1472:19:HAL_CAN_GetRxMessage	32	static
stm32f3xx_hal_can.c:1562:10:HAL_CAN_GetRxFifoFillLevel	24	static
stm32f3xx_hal_can.c:1615:19:HAL_CAN_ActivateNotification	24	static
stm32f3xx_hal_can.c:1648:19:HAL_CAN_DeactivateNotification	24	static
stm32f3xx_hal_can.c:1679:6:HAL_CAN_IRQHandler	48	static
stm32f3xx_hal_can.c:2090:13:HAL_CAN_TxMailbox0CompleteCallback	16	static
stm32f3xx_hal_can.c:2107:13:HAL_CAN_TxMailbox1CompleteCallback	16	static
stm32f3xx_hal_can.c:2124:13:HAL_CAN_TxMailbox2CompleteCallback	16	static
stm32f3xx_hal_can.c:2141:13:HAL_CAN_TxMailbox0AbortCallback	16	static
stm32f3xx_hal_can.c:2158:13:HAL_CAN_TxMailbox1AbortCallback	16	static
stm32f3xx_hal_can.c:2175:13:HAL_CAN_TxMailbox2AbortCallback	16	static
stm32f3xx_hal_can.c:2192:13:HAL_CAN_RxFifo0MsgPendingCallback	16	static
stm32f3xx_hal_can.c:2209:13:HAL_CAN_RxFifo0FullCallback	16	static
stm32f3xx_hal_can.c:2226:13:HAL_CAN_RxFifo1MsgPendingCallback	16	static
stm32f3xx_hal_can.c:2243:13:HAL_CAN_RxFifo1FullCallback	16	static
stm32f3xx_hal_can.c:2260:13:HAL_CAN_SleepCallback	16	static
stm32f3xx_hal_can.c:2276:13:HAL_CAN_WakeUpFromRxMsgCallback	16	static
stm32f3xx_hal_can.c:2293:13:HAL_CAN_ErrorCallback	16	static
stm32f3xx_hal_can.c:2330:22:HAL_CAN_GetState	24	static
stm32f3xx_hal_can.c:2365:10:HAL_CAN_GetError	16	static
stm32f3xx_hal_can.c:2377:19:HAL_CAN_ResetError	24	static
