main.c:126:5:main	8	static
main.c:232:6:SystemClock_Config	128	static
main.c:278:13:MX_NVIC_Init	8	static
main.c:302:13:MX_ADC1_Init	88	static
main.c:400:13:MX_ADC3_Init	48	static
main.c:463:13:MX_CAN_Init	8	static
main.c:500:13:MX_COMP2_Init	8	static
main.c:535:13:MX_COMP4_Init	8	static
main.c:570:13:MX_COMP6_Init	8	static
main.c:605:13:MX_DAC_Init	24	static
main.c:643:13:MX_SPI1_Init	8	static
main.c:683:13:MX_TIM1_Init	112	static
main.c:779:13:MX_TIM2_Init	56	static
main.c:846:13:MX_USART1_UART_Init	8	static
main.c:881:13:MX_GPIO_Init	40	static
main.c:930:6:SPIread	32	static
main.c:941:6:SPIwrite	40	static
main.c:953:6:configureDriver	8	static
main.c:959:6:resetDriver	8	static
main.c:971:6:Error_Handler	4	static
