mc_api.c:69:13:MC_StartMotor1	8	static
mc_api.c:89:13:MC_StopMotor1	8	static
mc_api.c:125:13:MC_ProgramSpeedRampMotor1	16	static
mc_api.c:161:13:MC_ProgramTorqueRampMotor1	16	static
mc_api.c:186:13:MC_SetCurrentReferenceMotor1	16	static
mc_api.c:202:28:MC_GetCommandStateMotor1	8	static
mc_api.c:214:13:MC_StopSpeedRampMotor1	8	static
mc_api.c:225:13:MC_StopRampMotor1	8	static
mc_api.c:233:13:MC_HasRampCompletedMotor1	8	static
mc_api.c:241:16:MC_GetMecSpeedReferenceMotor1	8	static
mc_api.c:249:16:MC_GetMecSpeedAverageMotor1	8	static
mc_api.c:257:16:MC_GetLastRampFinalSpeedMotor1	8	static
mc_api.c:265:23:MC_GetControlModeMotor1	8	static
mc_api.c:281:16:MC_GetImposedDirectionMotor1	8	static
mc_api.c:289:13:MC_GetSpeedSensorReliabilityMotor1	8	static
mc_api.c:304:16:MC_GetPhaseCurrentAmplitudeMotor1	8	static
mc_api.c:319:16:MC_GetPhaseVoltageAmplitudeMotor1	8	static
mc_api.c:327:13:MC_GetIabMotor1	16	static
mc_api.c:335:20:MC_GetIalphabetaMotor1	16	static
mc_api.c:343:13:MC_GetIqdMotor1	16	static
mc_api.c:351:13:MC_GetIqdrefMotor1	16	static
mc_api.c:359:13:MC_GetVqdMotor1	16	static
mc_api.c:367:20:MC_GetValphabetaMotor1	16	static
mc_api.c:375:16:MC_GetElAngledppMotor1	8	static
mc_api.c:383:16:MC_GetTerefMotor1	8	static
mc_api.c:397:13:MC_SetIdrefMotor1	16	static
mc_api.c:410:13:MC_Clear_IqdrefMotor1	8	static
mc_api.c:423:13:MC_AcknowledgeFaultMotor1	8	static
mc_api.c:437:17:MC_GetOccurredFaultsMotor1	8	static
mc_api.c:451:17:MC_GetCurrentFaultsMotor1	8	static
mc_api.c:459:17:MC_GetSTMStateMotor1	8	static
