stm32f3xx_ll_gpio.h:705:22:LL_GPIO_LockPin	24	static
mc_tasks.c:122:13:MCboot	40	static
mc_tasks.c:262:13:MC_RunMotorControlTasks	8	static
mc_tasks.c:282:13:MC_Scheduler	8	static
mc_tasks.c:327:13:TSK_MediumFrequencyTaskM1	40	static
mc_tasks.c:549:13:FOC_Clear	32	static
mc_tasks.c:585:13:FOC_InitAdditionalMethods	16	static
mc_tasks.c:602:13:FOC_CalcCurrRef	24	static
mc_tasks.c:625:13:TSK_SetChargeBootCapDelayM1	16	static
mc_tasks.c:636:13:TSK_ChargeBootCapDelayHasElapsedM1	16	static
mc_tasks.c:652:13:TSK_SetStopPermanencyTimeM1	16	static
mc_tasks.c:663:13:TSK_StopPermanencyTimeHasElapsedM1	16	static
mc_tasks.c:688:16:TSK_HighFrequencyTask	32	static
mc_tasks.c:763:17:FOC_CurrControllerM1	40	static
mc_tasks.c:803:13:TSK_SafetyTask	8	static
mc_tasks.c:825:13:TSK_SafetyTask_PWMOFF	32	static
mc_tasks.c:876:23:GetMCI	24	static
mc_tasks.c:895:22:GetMCT	24	static
mc_tasks.c:911:13:TSK_HardwareFaultTask	8	static
mc_tasks.c:926:13:mc_lock_pins	8	static
