Archive member included to satisfy reference by file (symbol)

../../MCSDK_v5.4.4/MotorControl/lib\libmc-gcc_M4_NoCCMRAM.lib(revup_ctrl.o)
                              Application/User/mc_tasks.o (RUC_Init)
../../MCSDK_v5.4.4/MotorControl/lib\libmc-gcc_M4_NoCCMRAM.lib(sto_pll_speed_pos_fdbk.o)
                              Application/User/mc_tasks.o (STO_PLL_CalcElAngle)
c:/st/stm32cubeide_1.3.0/stm32cubeide/plugins/com.st.stm32cube.ide.mcu.externaltools.gnu-tools-for-stm32.7-2018-q2-update.win32_1.4.0.202007081208/tools/bin/../lib/gcc/arm-none-eabi/7.3.1/../../../../arm-none-eabi/lib/thumb/v7e-m/fpv4-sp/hard\libc_nano.a(lib_a-errno.o)
                              Application/User/syscalls.o (__errno)
c:/st/stm32cubeide_1.3.0/stm32cubeide/plugins/com.st.stm32cube.ide.mcu.externaltools.gnu-tools-for-stm32.7-2018-q2-update.win32_1.4.0.202007081208/tools/bin/../lib/gcc/arm-none-eabi/7.3.1/../../../../arm-none-eabi/lib/thumb/v7e-m/fpv4-sp/hard\libc_nano.a(lib_a-exit.o)
                              c:/st/stm32cubeide_1.3.0/stm32cubeide/plugins/com.st.stm32cube.ide.mcu.externaltools.gnu-tools-for-stm32.7-2018-q2-update.win32_1.4.0.202007081208/tools/bin/../lib/gcc/arm-none-eabi/7.3.1/../../../../arm-none-eabi/lib/thumb/v7e-m/fpv4-sp/hard/crt0.o (exit)
c:/st/stm32cubeide_1.3.0/stm32cubeide/plugins/com.st.stm32cube.ide.mcu.externaltools.gnu-tools-for-stm32.7-2018-q2-update.win32_1.4.0.202007081208/tools/bin/../lib/gcc/arm-none-eabi/7.3.1/../../../../arm-none-eabi/lib/thumb/v7e-m/fpv4-sp/hard\libc_nano.a(lib_a-impure.o)
                              c:/st/stm32cubeide_1.3.0/stm32cubeide/plugins/com.st.stm32cube.ide.mcu.externaltools.gnu-tools-for-stm32.7-2018-q2-update.win32_1.4.0.202007081208/tools/bin/../lib/gcc/arm-none-eabi/7.3.1/../../../../arm-none-eabi/lib/thumb/v7e-m/fpv4-sp/hard\libc_nano.a(lib_a-exit.o) (_global_impure_ptr)
c:/st/stm32cubeide_1.3.0/stm32cubeide/plugins/com.st.stm32cube.ide.mcu.externaltools.gnu-tools-for-stm32.7-2018-q2-update.win32_1.4.0.202007081208/tools/bin/../lib/gcc/arm-none-eabi/7.3.1/../../../../arm-none-eabi/lib/thumb/v7e-m/fpv4-sp/hard\libc_nano.a(lib_a-init.o)
                              c:/st/stm32cubeide_1.3.0/stm32cubeide/plugins/com.st.stm32cube.ide.mcu.externaltools.gnu-tools-for-stm32.7-2018-q2-update.win32_1.4.0.202007081208/tools/bin/../lib/gcc/arm-none-eabi/7.3.1/../../../../arm-none-eabi/lib/thumb/v7e-m/fpv4-sp/hard/crt0.o (__libc_init_array)
c:/st/stm32cubeide_1.3.0/stm32cubeide/plugins/com.st.stm32cube.ide.mcu.externaltools.gnu-tools-for-stm32.7-2018-q2-update.win32_1.4.0.202007081208/tools/bin/../lib/gcc/arm-none-eabi/7.3.1/../../../../arm-none-eabi/lib/thumb/v7e-m/fpv4-sp/hard\libc_nano.a(lib_a-memset.o)
                              c:/st/stm32cubeide_1.3.0/stm32cubeide/plugins/com.st.stm32cube.ide.mcu.externaltools.gnu-tools-for-stm32.7-2018-q2-update.win32_1.4.0.202007081208/tools/bin/../lib/gcc/arm-none-eabi/7.3.1/../../../../arm-none-eabi/lib/thumb/v7e-m/fpv4-sp/hard/crt0.o (memset)

Allocating common symbols
Common symbol       size              file

pOCPDisabling       0x4               Application/User/mc_tasks.o
pTemperatureSensor  0x4               Application/User/mc_tasks.o
pwmcHandle          0x4               Application/User/mc_tasks.o
pPIDSpeed           0x4               Application/User/mc_tasks.o
pPIDIq              0x4               Application/User/mc_tasks.o
oMCInterface        0x4               Application/User/mc_tasks.o
SPIRxBuf            0x5               Application/User/main.o
pR_Brake            0x4               Application/User/mc_tasks.o
hcomp6              0x30              Application/User/main.o
FOCVars             0x26              Application/User/mc_tasks.o
MCT                 0x54              Application/User/mc_tasks.o
hcan                0x28              Application/User/main.o
pCLM                0x4               Application/User/mc_tasks.o
RCM_UserConvHandle  0x1               Application/User/regular_conversion_manager.o
pMCI                0x4               Application/User/motorcontrol.o
pBusSensorM1        0x4               Application/User/mc_tasks.o
Mci                 0x1c              Application/User/mc_tasks.o
RCM_CB_array        0x20              Application/User/regular_conversion_manager.o
hcomp4              0x30              Application/User/main.o
hadc1               0x50              Application/User/main.o
STM                 0x6               Application/User/mc_tasks.o
hadc3               0x50              Application/User/main.o
huart1              0x80              Application/User/main.o
RCM_UserConvState   0x1               Application/User/regular_conversion_manager.o
pREMNG              0x4               Application/User/mc_tasks.o
hdac                0x14              Application/User/main.o
RCM_handle_array    0x10              Application/User/regular_conversion_manager.o
pMPM                0x4               Application/User/mc_tasks.o
htim1               0x40              Application/User/main.o
RCM_UserConvValue   0x2               Application/User/regular_conversion_manager.o
hcomp2              0x30              Application/User/main.o
hspi1               0x64              Application/User/main.o
htim2               0x40              Application/User/main.o
pPIDId              0x4               Application/User/mc_tasks.o
pMCT                0x4               Application/User/motorcontrol.o
pSTC                0x4               Application/User/mc_tasks.o
MCP_UI_Params       0xb0              Application/User/ui_task.o
RealBusVoltageSensorFilterBufferM1
                    0xc               Application/User/mc_config.o

Discarded input sections

 .text          0x0000000000000000        0x0 c:/st/stm32cubeide_1.3.0/stm32cubeide/plugins/com.st.stm32cube.ide.mcu.externaltools.gnu-tools-for-stm32.7-2018-q2-update.win32_1.4.0.202007081208/tools/bin/../lib/gcc/arm-none-eabi/7.3.1/thumb/v7e-m/fpv4-sp/hard/crti.o
 .data          0x0000000000000000        0x0 c:/st/stm32cubeide_1.3.0/stm32cubeide/plugins/com.st.stm32cube.ide.mcu.externaltools.gnu-tools-for-stm32.7-2018-q2-update.win32_1.4.0.202007081208/tools/bin/../lib/gcc/arm-none-eabi/7.3.1/thumb/v7e-m/fpv4-sp/hard/crti.o
 .bss           0x0000000000000000        0x0 c:/st/stm32cubeide_1.3.0/stm32cubeide/plugins/com.st.stm32cube.ide.mcu.externaltools.gnu-tools-for-stm32.7-2018-q2-update.win32_1.4.0.202007081208/tools/bin/../lib/gcc/arm-none-eabi/7.3.1/thumb/v7e-m/fpv4-sp/hard/crti.o
 .data          0x0000000000000000        0x4 c:/st/stm32cubeide_1.3.0/stm32cubeide/plugins/com.st.stm32cube.ide.mcu.externaltools.gnu-tools-for-stm32.7-2018-q2-update.win32_1.4.0.202007081208/tools/bin/../lib/gcc/arm-none-eabi/7.3.1/thumb/v7e-m/fpv4-sp/hard/crtbegin.o
 .text          0x0000000000000000       0x74 c:/st/stm32cubeide_1.3.0/stm32cubeide/plugins/com.st.stm32cube.ide.mcu.externaltools.gnu-tools-for-stm32.7-2018-q2-update.win32_1.4.0.202007081208/tools/bin/../lib/gcc/arm-none-eabi/7.3.1/../../../../arm-none-eabi/lib/thumb/v7e-m/fpv4-sp/hard/crt0.o
 .data          0x0000000000000000        0x0 c:/st/stm32cubeide_1.3.0/stm32cubeide/plugins/com.st.stm32cube.ide.mcu.externaltools.gnu-tools-for-stm32.7-2018-q2-update.win32_1.4.0.202007081208/tools/bin/../lib/gcc/arm-none-eabi/7.3.1/../../../../arm-none-eabi/lib/thumb/v7e-m/fpv4-sp/hard/crt0.o
 .bss           0x0000000000000000        0x0 c:/st/stm32cubeide_1.3.0/stm32cubeide/plugins/com.st.stm32cube.ide.mcu.externaltools.gnu-tools-for-stm32.7-2018-q2-update.win32_1.4.0.202007081208/tools/bin/../lib/gcc/arm-none-eabi/7.3.1/../../../../arm-none-eabi/lib/thumb/v7e-m/fpv4-sp/hard/crt0.o
 .ARM.extab     0x0000000000000000        0x0 c:/st/stm32cubeide_1.3.0/stm32cubeide/plugins/com.st.stm32cube.ide.mcu.externaltools.gnu-tools-for-stm32.7-2018-q2-update.win32_1.4.0.202007081208/tools/bin/../lib/gcc/arm-none-eabi/7.3.1/../../../../arm-none-eabi/lib/thumb/v7e-m/fpv4-sp/hard/crt0.o
 .ARM.exidx     0x0000000000000000        0x8 c:/st/stm32cubeide_1.3.0/stm32cubeide/plugins/com.st.stm32cube.ide.mcu.externaltools.gnu-tools-for-stm32.7-2018-q2-update.win32_1.4.0.202007081208/tools/bin/../lib/gcc/arm-none-eabi/7.3.1/../../../../arm-none-eabi/lib/thumb/v7e-m/fpv4-sp/hard/crt0.o
 .ARM.attributes
                0x0000000000000000       0x20 c:/st/stm32cubeide_1.3.0/stm32cubeide/plugins/com.st.stm32cube.ide.mcu.externaltools.gnu-tools-for-stm32.7-2018-q2-update.win32_1.4.0.202007081208/tools/bin/../lib/gcc/arm-none-eabi/7.3.1/../../../../arm-none-eabi/lib/thumb/v7e-m/fpv4-sp/hard/crt0.o
 .text          0x0000000000000000       0x14 Application/Startup/startup_stm32f303cbtx.o
 .data          0x0000000000000000        0x0 Application/Startup/startup_stm32f303cbtx.o
 .bss           0x0000000000000000        0x0 Application/Startup/startup_stm32f303cbtx.o
 .text          0x0000000000000000        0x0 Application/User/esc.o
 .data          0x0000000000000000        0x0 Application/User/esc.o
 .bss           0x0000000000000000        0x0 Application/User/esc.o
 .text.esc_pwm_stop
                0x0000000000000000       0x28 Application/User/esc.o
 .text.esc_pwm_run
                0x0000000000000000      0x190 Application/User/esc.o
 .text          0x0000000000000000        0x0 Application/User/main.o
 .data          0x0000000000000000        0x0 Application/User/main.o
 .bss           0x0000000000000000        0x0 Application/User/main.o
 .text.SPIwrite
                0x0000000000000000       0x58 Application/User/main.o
 .text.Error_Handler
                0x0000000000000000        0x4 Application/User/main.o
 .data.GSTAT_Write
                0x0000000000000000        0x4 Application/User/main.o
 .text          0x0000000000000000        0x0 Application/User/mc_api.o
 .data          0x0000000000000000        0x0 Application/User/mc_api.o
 .bss           0x0000000000000000        0x0 Application/User/mc_api.o
 .text.MC_StartMotor1
                0x0000000000000000        0xc Application/User/mc_api.o
 .text.MC_StopMotor1
                0x0000000000000000        0xc Application/User/mc_api.o
 .text.MC_ProgramSpeedRampMotor1
                0x0000000000000000       0x10 Application/User/mc_api.o
 .text.MC_ProgramTorqueRampMotor1
                0x0000000000000000       0x10 Application/User/mc_api.o
 .text.MC_SetCurrentReferenceMotor1
                0x0000000000000000       0x14 Application/User/mc_api.o
 .text.MC_GetCommandStateMotor1
                0x0000000000000000        0xc Application/User/mc_api.o
 .text.MC_StopSpeedRampMotor1
                0x0000000000000000        0xc Application/User/mc_api.o
 .text.MC_StopRampMotor1
                0x0000000000000000        0xc Application/User/mc_api.o
 .text.MC_HasRampCompletedMotor1
                0x0000000000000000        0xc Application/User/mc_api.o
 .text.MC_GetMecSpeedReferenceMotor1
                0x0000000000000000        0xc Application/User/mc_api.o
 .text.MC_GetMecSpeedAverageMotor1
                0x0000000000000000        0xc Application/User/mc_api.o
 .text.MC_GetLastRampFinalSpeedMotor1
                0x0000000000000000        0xc Application/User/mc_api.o
 .text.MC_GetControlModeMotor1
                0x0000000000000000        0xc Application/User/mc_api.o
 .text.MC_GetImposedDirectionMotor1
                0x0000000000000000        0xc Application/User/mc_api.o
 .text.MC_GetSpeedSensorReliabilityMotor1
                0x0000000000000000        0xc Application/User/mc_api.o
 .text.MC_GetPhaseCurrentAmplitudeMotor1
                0x0000000000000000        0xc Application/User/mc_api.o
 .text.MC_GetPhaseVoltageAmplitudeMotor1
                0x0000000000000000        0xc Application/User/mc_api.o
 .text.MC_GetIabMotor1
                0x0000000000000000       0x10 Application/User/mc_api.o
 .text.MC_GetIalphabetaMotor1
                0x0000000000000000       0x10 Application/User/mc_api.o
 .text.MC_GetIqdMotor1
                0x0000000000000000       0x10 Application/User/mc_api.o
 .text.MC_GetIqdrefMotor1
                0x0000000000000000       0x10 Application/User/mc_api.o
 .text.MC_GetVqdMotor1
                0x0000000000000000       0x10 Application/User/mc_api.o
 .text.MC_GetValphabetaMotor1
                0x0000000000000000       0x10 Application/User/mc_api.o
 .text.MC_GetElAngledppMotor1
                0x0000000000000000        0xc Application/User/mc_api.o
 .text.MC_GetTerefMotor1
                0x0000000000000000        0xc Application/User/mc_api.o
 .text.MC_SetIdrefMotor1
                0x0000000000000000       0x10 Application/User/mc_api.o
 .text.MC_Clear_IqdrefMotor1
                0x0000000000000000        0xc Application/User/mc_api.o
 .text.MC_GetOccurredFaultsMotor1
                0x0000000000000000        0xc Application/User/mc_api.o
 .text.MC_GetCurrentFaultsMotor1
                0x0000000000000000        0xc Application/User/mc_api.o
 .text          0x0000000000000000        0x0 Application/User/mc_config.o
 .data          0x0000000000000000        0x0 Application/User/mc_config.o
 .bss           0x0000000000000000        0x0 Application/User/mc_config.o
 .data.pPQD_MotorPowMeasM1
                0x0000000000000000        0x4 Application/User/mc_config.o
 .data.pSTO_PLL_M1
                0x0000000000000000        0x4 Application/User/mc_config.o
 .text          0x0000000000000000        0x0 Application/User/mc_interface.o
 .data          0x0000000000000000        0x0 Application/User/mc_interface.o
 .bss           0x0000000000000000        0x0 Application/User/mc_interface.o
 .text.MCI_IsCommandAcknowledged
                0x0000000000000000       0x10 Application/User/mc_interface.o
 .text.MCI_GetOccurredFaults
                0x0000000000000000        0xc Application/User/mc_interface.o
 .text.MCI_GetCurrentFaults
                0x0000000000000000        0xc Application/User/mc_interface.o
 .text.MCI_RampCompleted
                0x0000000000000000       0x1c Application/User/mc_interface.o
 .text.MCI_StopSpeedRamp
                0x0000000000000000        0x8 Application/User/mc_interface.o
 .text.MCI_GetSpdSensorReliability
                0x0000000000000000       0x10 Application/User/mc_interface.o
 .text.MCI_GetIqdHF
                0x0000000000000000       0x10 Application/User/mc_interface.o
 .text.MCI_GetElAngledpp
                0x0000000000000000        0x8 Application/User/mc_interface.o
 .text.MCI_GetPhaseCurrentAmplitude
                0x0000000000000000       0x28 Application/User/mc_interface.o
 .text.MCI_GetPhaseVoltageAmplitude
                0x0000000000000000       0x28 Application/User/mc_interface.o
 .text          0x0000000000000000        0x0 Application/User/mc_math.o
 .data          0x0000000000000000        0x0 Application/User/mc_math.o
 .bss           0x0000000000000000        0x0 Application/User/mc_math.o
 .text.MCM_Sqrt
                0x0000000000000000       0x70 Application/User/mc_math.o
 .text.MCM_PhaseComputation
                0x0000000000000000      0x194 Application/User/mc_math.o
 .text.MCM_floatToIntBit
                0x0000000000000000        0x8 Application/User/mc_math.o
 .text          0x0000000000000000        0x0 Application/User/mc_parameters.o
 .data          0x0000000000000000        0x0 Application/User/mc_parameters.o
 .bss           0x0000000000000000        0x0 Application/User/mc_parameters.o
 .text          0x0000000000000000        0x0 Application/User/mc_tasks.o
 .data          0x0000000000000000        0x0 Application/User/mc_tasks.o
 .bss           0x0000000000000000        0x0 Application/User/mc_tasks.o
 .text.GetMCI   0x0000000000000000       0x10 Application/User/mc_tasks.o
 .text.GetMCT   0x0000000000000000       0x10 Application/User/mc_tasks.o
 .text          0x0000000000000000        0x0 Application/User/motor_control_protocol.o
 .data          0x0000000000000000        0x0 Application/User/motor_control_protocol.o
 .bss           0x0000000000000000        0x0 Application/User/motor_control_protocol.o
 .text.MCP_SendOverrunMessage
                0x0000000000000000       0x1c Application/User/motor_control_protocol.o
 .text.MCP_SendTimeoutMessage
                0x0000000000000000       0x1c Application/User/motor_control_protocol.o
 .text.MCP_SendATRMessage
                0x0000000000000000       0xdc Application/User/motor_control_protocol.o
 .text.MCP_SendBadCRCMessage
                0x0000000000000000       0x1c Application/User/motor_control_protocol.o
 .text          0x0000000000000000        0x0 Application/User/motorcontrol.o
 .data          0x0000000000000000        0x0 Application/User/motorcontrol.o
 .bss           0x0000000000000000        0x0 Application/User/motorcontrol.o
 .text          0x0000000000000000        0x0 Application/User/regular_conversion_manager.o
 .data          0x0000000000000000        0x0 Application/User/regular_conversion_manager.o
 .bss           0x0000000000000000        0x0 Application/User/regular_conversion_manager.o
 .text.RCM_RegisterRegConv_WithCB
                0x0000000000000000      0x1cc Application/User/regular_conversion_manager.o
 .text.RCM_RegisterRegConv
                0x0000000000000000      0x1b4 Application/User/regular_conversion_manager.o
 .text.RCM_ExecRegularConv
                0x0000000000000000       0x74 Application/User/regular_conversion_manager.o
 .text.RCM_RequestUserConv
                0x0000000000000000       0x20 Application/User/regular_conversion_manager.o
 .text.RCM_GetUserConv
                0x0000000000000000       0x20 Application/User/regular_conversion_manager.o
 .text.RCM_GetUserConvState
                0x0000000000000000        0xc Application/User/regular_conversion_manager.o
 .text          0x0000000000000000        0x0 Application/User/stm32f30x_mc_it.o
 .data          0x0000000000000000        0x0 Application/User/stm32f30x_mc_it.o
 .bss           0x0000000000000000        0x0 Application/User/stm32f30x_mc_it.o
 .text          0x0000000000000000        0x0 Application/User/stm32f3xx_hal_msp.o
 .data          0x0000000000000000        0x0 Application/User/stm32f3xx_hal_msp.o
 .bss           0x0000000000000000        0x0 Application/User/stm32f3xx_hal_msp.o
 .text.HAL_MspInit
                0x0000000000000000       0x34 Application/User/stm32f3xx_hal_msp.o
 .text.HAL_ADC_MspInit
                0x0000000000000000       0xb0 Application/User/stm32f3xx_hal_msp.o
 .text.HAL_ADC_MspDeInit
                0x0000000000000000       0x5c Application/User/stm32f3xx_hal_msp.o
 .text.HAL_CAN_MspInit
                0x0000000000000000       0x70 Application/User/stm32f3xx_hal_msp.o
 .text.HAL_CAN_MspDeInit
                0x0000000000000000       0x2c Application/User/stm32f3xx_hal_msp.o
 .text.HAL_COMP_MspInit
                0x0000000000000000       0xc8 Application/User/stm32f3xx_hal_msp.o
 .text.HAL_COMP_MspDeInit
                0x0000000000000000       0x44 Application/User/stm32f3xx_hal_msp.o
 .text.HAL_DAC_MspInit
                0x0000000000000000       0x64 Application/User/stm32f3xx_hal_msp.o
 .text.HAL_DAC_MspDeInit
                0x0000000000000000       0x28 Application/User/stm32f3xx_hal_msp.o
 .text.HAL_SPI_MspInit
                0x0000000000000000       0x70 Application/User/stm32f3xx_hal_msp.o
 .text.HAL_SPI_MspDeInit
                0x0000000000000000       0x28 Application/User/stm32f3xx_hal_msp.o
 .text.HAL_TIM_Base_MspInit
                0x0000000000000000       0x90 Application/User/stm32f3xx_hal_msp.o
 .text.HAL_TIM_Base_MspDeInit
                0x0000000000000000       0x54 Application/User/stm32f3xx_hal_msp.o
 .text.HAL_UART_MspInit
                0x0000000000000000       0x68 Application/User/stm32f3xx_hal_msp.o
 .text.HAL_UART_MspDeInit
                0x0000000000000000       0x34 Application/User/stm32f3xx_hal_msp.o
 .text          0x0000000000000000        0x0 Application/User/stm32f3xx_it.o
 .data          0x0000000000000000        0x0 Application/User/stm32f3xx_it.o
 .bss           0x0000000000000000        0x0 Application/User/stm32f3xx_it.o
 .comment       0x0000000000000000       0x7c Application/User/stm32f3xx_it.o
 .ARM.attributes
                0x0000000000000000       0x35 Application/User/stm32f3xx_it.o
 .text          0x0000000000000000        0x0 Application/User/syscalls.o
 .data          0x0000000000000000        0x0 Application/User/syscalls.o
 .bss           0x0000000000000000        0x0 Application/User/syscalls.o
 .text.initialise_monitor_handles
                0x0000000000000000        0x4 Application/User/syscalls.o
 .text._getpid  0x0000000000000000        0x4 Application/User/syscalls.o
 .text._kill    0x0000000000000000       0x10 Application/User/syscalls.o
 .text._exit    0x0000000000000000        0xc Application/User/syscalls.o
 .text._read    0x0000000000000000       0x1c Application/User/syscalls.o
 .text._write   0x0000000000000000       0x1c Application/User/syscalls.o
 .text._close   0x0000000000000000        0x8 Application/User/syscalls.o
 .text._fstat   0x0000000000000000        0xc Application/User/syscalls.o
 .text._isatty  0x0000000000000000        0x4 Application/User/syscalls.o
 .text._lseek   0x0000000000000000        0x4 Application/User/syscalls.o
 .text._open    0x0000000000000000        0xc Application/User/syscalls.o
 .text._wait    0x0000000000000000       0x10 Application/User/syscalls.o
 .text._unlink  0x0000000000000000       0x10 Application/User/syscalls.o
 .text._times   0x0000000000000000        0x8 Application/User/syscalls.o
 .text._stat    0x0000000000000000        0xc Application/User/syscalls.o
 .text._link    0x0000000000000000       0x10 Application/User/syscalls.o
 .text._fork    0x0000000000000000       0x10 Application/User/syscalls.o
 .text._execve  0x0000000000000000       0x10 Application/User/syscalls.o
 .bss.__env     0x0000000000000000        0x4 Application/User/syscalls.o
 .data.environ  0x0000000000000000        0x4 Application/User/syscalls.o
 .comment       0x0000000000000000       0x7c Application/User/syscalls.o
 .ARM.attributes
                0x0000000000000000       0x35 Application/User/syscalls.o
 .text          0x0000000000000000        0x0 Application/User/sysmem.o
 .data          0x0000000000000000        0x0 Application/User/sysmem.o
 .bss           0x0000000000000000        0x0 Application/User/sysmem.o
 .text._sbrk    0x0000000000000000       0x3c Application/User/sysmem.o
 .bss.heap_end.6424
                0x0000000000000000        0x4 Application/User/sysmem.o
 .comment       0x0000000000000000       0x7c Application/User/sysmem.o
 .ARM.attributes
                0x0000000000000000       0x35 Application/User/sysmem.o
 .text          0x0000000000000000        0x0 Application/User/ui_task.o
 .data          0x0000000000000000        0x0 Application/User/ui_task.o
 .bss           0x0000000000000000        0x0 Application/User/ui_task.o
 .text.GetMCP   0x0000000000000000        0xc Application/User/ui_task.o
 .text.UI_SerialCommunicationTimeOutHasElapsed
                0x0000000000000000       0x18 Application/User/ui_task.o
 .text.UI_SerialCommunicationATRTimeHasElapsed
                0x0000000000000000       0x18 Application/User/ui_task.o
 .text          0x0000000000000000        0x0 Application/User/user_interface.o
 .data          0x0000000000000000        0x0 Application/User/user_interface.o
 .bss           0x0000000000000000        0x0 Application/User/user_interface.o
 .text.UI_GetSelectedMCConfig
                0x0000000000000000        0xc Application/User/user_interface.o
 .text          0x0000000000000000        0x0 ../../MCSDK_v5.4.4/MotorControl/lib\libmc-gcc_M4_NoCCMRAM.lib(revup_ctrl.o)
 .data          0x0000000000000000        0x0 ../../MCSDK_v5.4.4/MotorControl/lib\libmc-gcc_M4_NoCCMRAM.lib(revup_ctrl.o)
 .bss           0x0000000000000000        0x0 ../../MCSDK_v5.4.4/MotorControl/lib\libmc-gcc_M4_NoCCMRAM.lib(revup_ctrl.o)
 .text.RUC_OTF_Exec
                0x0000000000000000      0x224 ../../MCSDK_v5.4.4/MotorControl/lib\libmc-gcc_M4_NoCCMRAM.lib(revup_ctrl.o)
 .text.RUC_Completed
                0x0000000000000000        0xc ../../MCSDK_v5.4.4/MotorControl/lib\libmc-gcc_M4_NoCCMRAM.lib(revup_ctrl.o)
 .text.RUC_Stop
                0x0000000000000000       0x20 ../../MCSDK_v5.4.4/MotorControl/lib\libmc-gcc_M4_NoCCMRAM.lib(revup_ctrl.o)
 .text.RUC_Get_SCLowsideOTF_Status
                0x0000000000000000        0x8 ../../MCSDK_v5.4.4/MotorControl/lib\libmc-gcc_M4_NoCCMRAM.lib(revup_ctrl.o)
 .text          0x0000000000000000        0x0 ../../MCSDK_v5.4.4/MotorControl/lib\libmc-gcc_M4_NoCCMRAM.lib(sto_pll_speed_pos_fdbk.o)
 .data          0x0000000000000000        0x0 ../../MCSDK_v5.4.4/MotorControl/lib\libmc-gcc_M4_NoCCMRAM.lib(sto_pll_speed_pos_fdbk.o)
 .bss           0x0000000000000000        0x0 ../../MCSDK_v5.4.4/MotorControl/lib\libmc-gcc_M4_NoCCMRAM.lib(sto_pll_speed_pos_fdbk.o)
 .text.STO_PLL_Return
                0x0000000000000000        0x4 ../../MCSDK_v5.4.4/MotorControl/lib\libmc-gcc_M4_NoCCMRAM.lib(sto_pll_speed_pos_fdbk.o)
 .text.STO_PLL_SetMecAngle
                0x0000000000000000        0x4 ../../MCSDK_v5.4.4/MotorControl/lib\libmc-gcc_M4_NoCCMRAM.lib(sto_pll_speed_pos_fdbk.o)
 .text.STO_SetPLL
                0x0000000000000000       0x20 ../../MCSDK_v5.4.4/MotorControl/lib\libmc-gcc_M4_NoCCMRAM.lib(sto_pll_speed_pos_fdbk.o)
 .text.STO_PLL_BemfConsistencyCheckSwitch
                0x0000000000000000        0x8 ../../MCSDK_v5.4.4/MotorControl/lib\libmc-gcc_M4_NoCCMRAM.lib(sto_pll_speed_pos_fdbk.o)
 .text.STO_PLL_IsBemfConsistent
                0x0000000000000000        0x8 ../../MCSDK_v5.4.4/MotorControl/lib\libmc-gcc_M4_NoCCMRAM.lib(sto_pll_speed_pos_fdbk.o)
 .text.STO_SetMinStartUpValidSpeedUnit
                0x0000000000000000        0x8 ../../MCSDK_v5.4.4/MotorControl/lib\libmc-gcc_M4_NoCCMRAM.lib(sto_pll_speed_pos_fdbk.o)
 .text          0x0000000000000000        0x0 c:/st/stm32cubeide_1.3.0/stm32cubeide/plugins/com.st.stm32cube.ide.mcu.externaltools.gnu-tools-for-stm32.7-2018-q2-update.win32_1.4.0.202007081208/tools/bin/../lib/gcc/arm-none-eabi/7.3.1/../../../../arm-none-eabi/lib/thumb/v7e-m/fpv4-sp/hard\libc_nano.a(lib_a-errno.o)
 .data          0x0000000000000000        0x0 c:/st/stm32cubeide_1.3.0/stm32cubeide/plugins/com.st.stm32cube.ide.mcu.externaltools.gnu-tools-for-stm32.7-2018-q2-update.win32_1.4.0.202007081208/tools/bin/../lib/gcc/arm-none-eabi/7.3.1/../../../../arm-none-eabi/lib/thumb/v7e-m/fpv4-sp/hard\libc_nano.a(lib_a-errno.o)
 .bss           0x0000000000000000        0x0 c:/st/stm32cubeide_1.3.0/stm32cubeide/plugins/com.st.stm32cube.ide.mcu.externaltools.gnu-tools-for-stm32.7-2018-q2-update.win32_1.4.0.202007081208/tools/bin/../lib/gcc/arm-none-eabi/7.3.1/../../../../arm-none-eabi/lib/thumb/v7e-m/fpv4-sp/hard\libc_nano.a(lib_a-errno.o)
 .text.__errno  0x0000000000000000        0xc c:/st/stm32cubeide_1.3.0/stm32cubeide/plugins/com.st.stm32cube.ide.mcu.externaltools.gnu-tools-for-stm32.7-2018-q2-update.win32_1.4.0.202007081208/tools/bin/../lib/gcc/arm-none-eabi/7.3.1/../../../../arm-none-eabi/lib/thumb/v7e-m/fpv4-sp/hard\libc_nano.a(lib_a-errno.o)
 .debug_frame   0x0000000000000000       0x20 c:/st/stm32cubeide_1.3.0/stm32cubeide/plugins/com.st.stm32cube.ide.mcu.externaltools.gnu-tools-for-stm32.7-2018-q2-update.win32_1.4.0.202007081208/tools/bin/../lib/gcc/arm-none-eabi/7.3.1/../../../../arm-none-eabi/lib/thumb/v7e-m/fpv4-sp/hard\libc_nano.a(lib_a-errno.o)
 .ARM.attributes
                0x0000000000000000       0x34 c:/st/stm32cubeide_1.3.0/stm32cubeide/plugins/com.st.stm32cube.ide.mcu.externaltools.gnu-tools-for-stm32.7-2018-q2-update.win32_1.4.0.202007081208/tools/bin/../lib/gcc/arm-none-eabi/7.3.1/../../../../arm-none-eabi/lib/thumb/v7e-m/fpv4-sp/hard\libc_nano.a(lib_a-errno.o)
 .text          0x0000000000000000        0x0 c:/st/stm32cubeide_1.3.0/stm32cubeide/plugins/com.st.stm32cube.ide.mcu.externaltools.gnu-tools-for-stm32.7-2018-q2-update.win32_1.4.0.202007081208/tools/bin/../lib/gcc/arm-none-eabi/7.3.1/../../../../arm-none-eabi/lib/thumb/v7e-m/fpv4-sp/hard\libc_nano.a(lib_a-exit.o)
 .data          0x0000000000000000        0x0 c:/st/stm32cubeide_1.3.0/stm32cubeide/plugins/com.st.stm32cube.ide.mcu.externaltools.gnu-tools-for-stm32.7-2018-q2-update.win32_1.4.0.202007081208/tools/bin/../lib/gcc/arm-none-eabi/7.3.1/../../../../arm-none-eabi/lib/thumb/v7e-m/fpv4-sp/hard\libc_nano.a(lib_a-exit.o)
 .bss           0x0000000000000000        0x0 c:/st/stm32cubeide_1.3.0/stm32cubeide/plugins/com.st.stm32cube.ide.mcu.externaltools.gnu-tools-for-stm32.7-2018-q2-update.win32_1.4.0.202007081208/tools/bin/../lib/gcc/arm-none-eabi/7.3.1/../../../../arm-none-eabi/lib/thumb/v7e-m/fpv4-sp/hard\libc_nano.a(lib_a-exit.o)
 .text.exit     0x0000000000000000       0x28 c:/st/stm32cubeide_1.3.0/stm32cubeide/plugins/com.st.stm32cube.ide.mcu.externaltools.gnu-tools-for-stm32.7-2018-q2-update.win32_1.4.0.202007081208/tools/bin/../lib/gcc/arm-none-eabi/7.3.1/../../../../arm-none-eabi/lib/thumb/v7e-m/fpv4-sp/hard\libc_nano.a(lib_a-exit.o)
 .debug_frame   0x0000000000000000       0x28 c:/st/stm32cubeide_1.3.0/stm32cubeide/plugins/com.st.stm32cube.ide.mcu.externaltools.gnu-tools-for-stm32.7-2018-q2-update.win32_1.4.0.202007081208/tools/bin/../lib/gcc/arm-none-eabi/7.3.1/../../../../arm-none-eabi/lib/thumb/v7e-m/fpv4-sp/hard\libc_nano.a(lib_a-exit.o)
 .ARM.attributes
                0x0000000000000000       0x34 c:/st/stm32cubeide_1.3.0/stm32cubeide/plugins/com.st.stm32cube.ide.mcu.externaltools.gnu-tools-for-stm32.7-2018-q2-update.win32_1.4.0.202007081208/tools/bin/../lib/gcc/arm-none-eabi/7.3.1/../../../../arm-none-eabi/lib/thumb/v7e-m/fpv4-sp/hard\libc_nano.a(lib_a-exit.o)
 .text          0x0000000000000000        0x0 c:/st/stm32cubeide_1.3.0/stm32cubeide/plugins/com.st.stm32cube.ide.mcu.externaltools.gnu-tools-for-stm32.7-2018-q2-update.win32_1.4.0.202007081208/tools/bin/../lib/gcc/arm-none-eabi/7.3.1/../../../../arm-none-eabi/lib/thumb/v7e-m/fpv4-sp/hard\libc_nano.a(lib_a-impure.o)
 .data          0x0000000000000000        0x0 c:/st/stm32cubeide_1.3.0/stm32cubeide/plugins/com.st.stm32cube.ide.mcu.externaltools.gnu-tools-for-stm32.7-2018-q2-update.win32_1.4.0.202007081208/tools/bin/../lib/gcc/arm-none-eabi/7.3.1/../../../../arm-none-eabi/lib/thumb/v7e-m/fpv4-sp/hard\libc_nano.a(lib_a-impure.o)
 .bss           0x0000000000000000        0x0 c:/st/stm32cubeide_1.3.0/stm32cubeide/plugins/com.st.stm32cube.ide.mcu.externaltools.gnu-tools-for-stm32.7-2018-q2-update.win32_1.4.0.202007081208/tools/bin/../lib/gcc/arm-none-eabi/7.3.1/../../../../arm-none-eabi/lib/thumb/v7e-m/fpv4-sp/hard\libc_nano.a(lib_a-impure.o)
 .data._impure_ptr
                0x0000000000000000        0x4 c:/st/stm32cubeide_1.3.0/stm32cubeide/plugins/com.st.stm32cube.ide.mcu.externaltools.gnu-tools-for-stm32.7-2018-q2-update.win32_1.4.0.202007081208/tools/bin/../lib/gcc/arm-none-eabi/7.3.1/../../../../arm-none-eabi/lib/thumb/v7e-m/fpv4-sp/hard\libc_nano.a(lib_a-impure.o)
 .data.impure_data
                0x0000000000000000       0x60 c:/st/stm32cubeide_1.3.0/stm32cubeide/plugins/com.st.stm32cube.ide.mcu.externaltools.gnu-tools-for-stm32.7-2018-q2-update.win32_1.4.0.202007081208/tools/bin/../lib/gcc/arm-none-eabi/7.3.1/../../../../arm-none-eabi/lib/thumb/v7e-m/fpv4-sp/hard\libc_nano.a(lib_a-impure.o)
 .rodata._global_impure_ptr
                0x0000000000000000        0x4 c:/st/stm32cubeide_1.3.0/stm32cubeide/plugins/com.st.stm32cube.ide.mcu.externaltools.gnu-tools-for-stm32.7-2018-q2-update.win32_1.4.0.202007081208/tools/bin/../lib/gcc/arm-none-eabi/7.3.1/../../../../arm-none-eabi/lib/thumb/v7e-m/fpv4-sp/hard\libc_nano.a(lib_a-impure.o)
 .ARM.attributes
                0x0000000000000000       0x34 c:/st/stm32cubeide_1.3.0/stm32cubeide/plugins/com.st.stm32cube.ide.mcu.externaltools.gnu-tools-for-stm32.7-2018-q2-update.win32_1.4.0.202007081208/tools/bin/../lib/gcc/arm-none-eabi/7.3.1/../../../../arm-none-eabi/lib/thumb/v7e-m/fpv4-sp/hard\libc_nano.a(lib_a-impure.o)
 .text          0x0000000000000000        0x0 c:/st/stm32cubeide_1.3.0/stm32cubeide/plugins/com.st.stm32cube.ide.mcu.externaltools.gnu-tools-for-stm32.7-2018-q2-update.win32_1.4.0.202007081208/tools/bin/../lib/gcc/arm-none-eabi/7.3.1/../../../../arm-none-eabi/lib/thumb/v7e-m/fpv4-sp/hard\libc_nano.a(lib_a-init.o)
 .data          0x0000000000000000        0x0 c:/st/stm32cubeide_1.3.0/stm32cubeide/plugins/com.st.stm32cube.ide.mcu.externaltools.gnu-tools-for-stm32.7-2018-q2-update.win32_1.4.0.202007081208/tools/bin/../lib/gcc/arm-none-eabi/7.3.1/../../../../arm-none-eabi/lib/thumb/v7e-m/fpv4-sp/hard\libc_nano.a(lib_a-init.o)
 .bss           0x0000000000000000        0x0 c:/st/stm32cubeide_1.3.0/stm32cubeide/plugins/com.st.stm32cube.ide.mcu.externaltools.gnu-tools-for-stm32.7-2018-q2-update.win32_1.4.0.202007081208/tools/bin/../lib/gcc/arm-none-eabi/7.3.1/../../../../arm-none-eabi/lib/thumb/v7e-m/fpv4-sp/hard\libc_nano.a(lib_a-init.o)
 .text          0x0000000000000000        0x0 c:/st/stm32cubeide_1.3.0/stm32cubeide/plugins/com.st.stm32cube.ide.mcu.externaltools.gnu-tools-for-stm32.7-2018-q2-update.win32_1.4.0.202007081208/tools/bin/../lib/gcc/arm-none-eabi/7.3.1/../../../../arm-none-eabi/lib/thumb/v7e-m/fpv4-sp/hard\libc_nano.a(lib_a-memset.o)
 .data          0x0000000000000000        0x0 c:/st/stm32cubeide_1.3.0/stm32cubeide/plugins/com.st.stm32cube.ide.mcu.externaltools.gnu-tools-for-stm32.7-2018-q2-update.win32_1.4.0.202007081208/tools/bin/../lib/gcc/arm-none-eabi/7.3.1/../../../../arm-none-eabi/lib/thumb/v7e-m/fpv4-sp/hard\libc_nano.a(lib_a-memset.o)
 .bss           0x0000000000000000        0x0 c:/st/stm32cubeide_1.3.0/stm32cubeide/plugins/com.st.stm32cube.ide.mcu.externaltools.gnu-tools-for-stm32.7-2018-q2-update.win32_1.4.0.202007081208/tools/bin/../lib/gcc/arm-none-eabi/7.3.1/../../../../arm-none-eabi/lib/thumb/v7e-m/fpv4-sp/hard\libc_nano.a(lib_a-memset.o)
 .text          0x0000000000000000        0x0 c:/st/stm32cubeide_1.3.0/stm32cubeide/plugins/com.st.stm32cube.ide.mcu.externaltools.gnu-tools-for-stm32.7-2018-q2-update.win32_1.4.0.202007081208/tools/bin/../lib/gcc/arm-none-eabi/7.3.1/thumb/v7e-m/fpv4-sp/hard/crtend.o
 .data          0x0000000000000000        0x0 c:/st/stm32cubeide_1.3.0/stm32cubeide/plugins/com.st.stm32cube.ide.mcu.externaltools.gnu-tools-for-stm32.7-2018-q2-update.win32_1.4.0.202007081208/tools/bin/../lib/gcc/arm-none-eabi/7.3.1/thumb/v7e-m/fpv4-sp/hard/crtend.o
 .bss           0x0000000000000000        0x0 c:/st/stm32cubeide_1.3.0/stm32cubeide/plugins/com.st.stm32cube.ide.mcu.externaltools.gnu-tools-for-stm32.7-2018-q2-update.win32_1.4.0.202007081208/tools/bin/../lib/gcc/arm-none-eabi/7.3.1/thumb/v7e-m/fpv4-sp/hard/crtend.o
 .eh_frame      0x0000000000000000        0x4 c:/st/stm32cubeide_1.3.0/stm32cubeide/plugins/com.st.stm32cube.ide.mcu.externaltools.gnu-tools-for-stm32.7-2018-q2-update.win32_1.4.0.202007081208/tools/bin/../lib/gcc/arm-none-eabi/7.3.1/thumb/v7e-m/fpv4-sp/hard/crtend.o
 .ARM.attributes
                0x0000000000000000       0x34 c:/st/stm32cubeide_1.3.0/stm32cubeide/plugins/com.st.stm32cube.ide.mcu.externaltools.gnu-tools-for-stm32.7-2018-q2-update.win32_1.4.0.202007081208/tools/bin/../lib/gcc/arm-none-eabi/7.3.1/thumb/v7e-m/fpv4-sp/hard/crtend.o
 .text          0x0000000000000000        0x0 c:/st/stm32cubeide_1.3.0/stm32cubeide/plugins/com.st.stm32cube.ide.mcu.externaltools.gnu-tools-for-stm32.7-2018-q2-update.win32_1.4.0.202007081208/tools/bin/../lib/gcc/arm-none-eabi/7.3.1/thumb/v7e-m/fpv4-sp/hard/crtn.o
 .data          0x0000000000000000        0x0 c:/st/stm32cubeide_1.3.0/stm32cubeide/plugins/com.st.stm32cube.ide.mcu.externaltools.gnu-tools-for-stm32.7-2018-q2-update.win32_1.4.0.202007081208/tools/bin/../lib/gcc/arm-none-eabi/7.3.1/thumb/v7e-m/fpv4-sp/hard/crtn.o
 .bss           0x0000000000000000        0x0 c:/st/stm32cubeide_1.3.0/stm32cubeide/plugins/com.st.stm32cube.ide.mcu.externaltools.gnu-tools-for-stm32.7-2018-q2-update.win32_1.4.0.202007081208/tools/bin/../lib/gcc/arm-none-eabi/7.3.1/thumb/v7e-m/fpv4-sp/hard/crtn.o

Memory Configuration

Name             Origin             Length             Attributes
CCMRAM           0x0000000010000000 0x0000000000002000 xrw
RAM              0x0000000020000000 0x0000000000008000 xrw
FLASH            0x0000000008000000 0x0000000000020000 xr
*default*        0x0000000000000000 0xffffffffffffffff

Linker script and memory map

LOAD c:/st/stm32cubeide_1.3.0/stm32cubeide/plugins/com.st.stm32cube.ide.mcu.externaltools.gnu-tools-for-stm32.7-2018-q2-update.win32_1.4.0.202007081208/tools/bin/../lib/gcc/arm-none-eabi/7.3.1/thumb/v7e-m/fpv4-sp/hard/crti.o
LOAD c:/st/stm32cubeide_1.3.0/stm32cubeide/plugins/com.st.stm32cube.ide.mcu.externaltools.gnu-tools-for-stm32.7-2018-q2-update.win32_1.4.0.202007081208/tools/bin/../lib/gcc/arm-none-eabi/7.3.1/thumb/v7e-m/fpv4-sp/hard/crtbegin.o
LOAD c:/st/stm32cubeide_1.3.0/stm32cubeide/plugins/com.st.stm32cube.ide.mcu.externaltools.gnu-tools-for-stm32.7-2018-q2-update.win32_1.4.0.202007081208/tools/bin/../lib/gcc/arm-none-eabi/7.3.1/../../../../arm-none-eabi/lib/thumb/v7e-m/fpv4-sp/hard/crt0.o
LOAD Application/Startup/startup_stm32f303cbtx.o
LOAD Application/User/esc.o
LOAD Application/User/main.o
LOAD Application/User/mc_api.o
LOAD Application/User/mc_config.o
LOAD Application/User/mc_interface.o
LOAD Application/User/mc_math.o
LOAD Application/User/mc_parameters.o
LOAD Application/User/mc_tasks.o
LOAD Application/User/motor_control_protocol.o
LOAD Application/User/motorcontrol.o
LOAD Application/User/regular_conversion_manager.o
LOAD Application/User/stm32f30x_mc_it.o
LOAD Application/User/stm32f3xx_hal_msp.o
LOAD Application/User/stm32f3xx_it.o
LOAD Application/User/syscalls.o
LOAD Application/User/sysmem.o
LOAD Application/User/ui_task.o
LOAD Application/User/user_interface.o
LOAD ../../MCSDK_v5.4.4/MotorControl/lib\libmc-gcc_M4_NoCCMRAM.lib
START GROUP
LOAD c:/st/stm32cubeide_1.3.0/stm32cubeide/plugins/com.st.stm32cube.ide.mcu.externaltools.gnu-tools-for-stm32.7-2018-q2-update.win32_1.4.0.202007081208/tools/bin/../lib/gcc/arm-none-eabi/7.3.1/../../../../arm-none-eabi/lib/thumb/v7e-m/fpv4-sp/hard\libc_nano.a
LOAD c:/st/stm32cubeide_1.3.0/stm32cubeide/plugins/com.st.stm32cube.ide.mcu.externaltools.gnu-tools-for-stm32.7-2018-q2-update.win32_1.4.0.202007081208/tools/bin/../lib/gcc/arm-none-eabi/7.3.1/../../../../arm-none-eabi/lib/thumb/v7e-m/fpv4-sp/hard\libm.a
END GROUP
START GROUP
LOAD c:/st/stm32cubeide_1.3.0/stm32cubeide/plugins/com.st.stm32cube.ide.mcu.externaltools.gnu-tools-for-stm32.7-2018-q2-update.win32_1.4.0.202007081208/tools/bin/../lib/gcc/arm-none-eabi/7.3.1/thumb/v7e-m/fpv4-sp/hard\libgcc.a
LOAD c:/st/stm32cubeide_1.3.0/stm32cubeide/plugins/com.st.stm32cube.ide.mcu.externaltools.gnu-tools-for-stm32.7-2018-q2-update.win32_1.4.0.202007081208/tools/bin/../lib/gcc/arm-none-eabi/7.3.1/../../../../arm-none-eabi/lib/thumb/v7e-m/fpv4-sp/hard\libc_nano.a
END GROUP
START GROUP
LOAD c:/st/stm32cubeide_1.3.0/stm32cubeide/plugins/com.st.stm32cube.ide.mcu.externaltools.gnu-tools-for-stm32.7-2018-q2-update.win32_1.4.0.202007081208/tools/bin/../lib/gcc/arm-none-eabi/7.3.1/thumb/v7e-m/fpv4-sp/hard\libgcc.a
LOAD c:/st/stm32cubeide_1.3.0/stm32cubeide/plugins/com.st.stm32cube.ide.mcu.externaltools.gnu-tools-for-stm32.7-2018-q2-update.win32_1.4.0.202007081208/tools/bin/../lib/gcc/arm-none-eabi/7.3.1/../../../../arm-none-eabi/lib/thumb/v7e-m/fpv4-sp/hard\libc_nano.a
LOAD c:/st/stm32cubeide_1.3.0/stm32cubeide/plugins/com.st.stm32cube.ide.mcu.externaltools.gnu-tools-for-stm32.7-2018-q2-update.win32_1.4.0.202007081208/tools/bin/../lib/gcc/arm-none-eabi/7.3.1/../../../../arm-none-eabi/lib/thumb/v7e-m/fpv4-sp/hard\libnosys.a
END GROUP
START GROUP
LOAD c:/st/stm32cubeide_1.3.0/stm32cubeide/plugins/com.st.stm32cube.ide.mcu.externaltools.gnu-tools-for-stm32.7-2018-q2-update.win32_1.4.0.202007081208/tools/bin/../lib/gcc/arm-none-eabi/7.3.1/thumb/v7e-m/fpv4-sp/hard\libgcc.a
LOAD c:/st/stm32cubeide_1.3.0/stm32cubeide/plugins/com.st.stm32cube.ide.mcu.externaltools.gnu-tools-for-stm32.7-2018-q2-update.win32_1.4.0.202007081208/tools/bin/../lib/gcc/arm-none-eabi/7.3.1/../../../../arm-none-eabi/lib/thumb/v7e-m/fpv4-sp/hard\libc_nano.a
LOAD c:/st/stm32cubeide_1.3.0/stm32cubeide/plugins/com.st.stm32cube.ide.mcu.externaltools.gnu-tools-for-stm32.7-2018-q2-update.win32_1.4.0.202007081208/tools/bin/../lib/gcc/arm-none-eabi/7.3.1/../../../../arm-none-eabi/lib/thumb/v7e-m/fpv4-sp/hard\libnosys.a
END GROUP
LOAD c:/st/stm32cubeide_1.3.0/stm32cubeide/plugins/com.st.stm32cube.ide.mcu.externaltools.gnu-tools-for-stm32.7-2018-q2-update.win32_1.4.0.202007081208/tools/bin/../lib/gcc/arm-none-eabi/7.3.1/thumb/v7e-m/fpv4-sp/hard/crtend.o
LOAD c:/st/stm32cubeide_1.3.0/stm32cubeide/plugins/com.st.stm32cube.ide.mcu.externaltools.gnu-tools-for-stm32.7-2018-q2-update.win32_1.4.0.202007081208/tools/bin/../lib/gcc/arm-none-eabi/7.3.1/thumb/v7e-m/fpv4-sp/hard/crtn.o
                0x0000000020008000                _estack = (ORIGIN (RAM) + LENGTH (RAM))
                0x0000000000000200                _Min_Heap_Size = 0x200
                0x0000000000000400                _Min_Stack_Size = 0x400

.isr_vector     0x0000000008000000      0x188
                0x0000000008000000                . = ALIGN (0x4)
 *(.isr_vector)
 .isr_vector    0x0000000008000000      0x188 Application/Startup/startup_stm32f303cbtx.o
                0x0000000008000000                g_pfnVectors
                0x0000000008000188                . = ALIGN (0x4)

.text           0x0000000008000188     0x3544
                0x0000000008000188                . = ALIGN (0x4)
 *(.text)
 .text          0x0000000008000188       0x40 c:/st/stm32cubeide_1.3.0/stm32cubeide/plugins/com.st.stm32cube.ide.mcu.externaltools.gnu-tools-for-stm32.7-2018-q2-update.win32_1.4.0.202007081208/tools/bin/../lib/gcc/arm-none-eabi/7.3.1/thumb/v7e-m/fpv4-sp/hard/crtbegin.o
 *(.text*)
 .text.Reset_Handler
                0x00000000080001c8       0x50 Application/Startup/startup_stm32f303cbtx.o
                0x00000000080001c8                Reset_Handler
 .text.Default_Handler
                0x0000000008000218        0x2 Application/Startup/startup_stm32f303cbtx.o
                0x0000000008000218                RTC_Alarm_IRQHandler
                0x0000000008000218                TIM8_TRG_COM_IRQHandler
                0x0000000008000218                TIM8_CC_IRQHandler
                0x0000000008000218                DebugMon_Handler
                0x0000000008000218                TIM1_CC_IRQHandler
                0x0000000008000218                USB_HP_IRQHandler
                0x0000000008000218                PVD_IRQHandler
                0x0000000008000218                TAMP_STAMP_IRQHandler
                0x0000000008000218                PendSV_Handler
                0x0000000008000218                NMI_Handler
                0x0000000008000218                EXTI3_IRQHandler
                0x0000000008000218                USB_HP_CAN_TX_IRQHandler
                0x0000000008000218                EXTI0_IRQHandler
                0x0000000008000218                I2C2_EV_IRQHandler
                0x0000000008000218                FPU_IRQHandler
                0x0000000008000218                UsageFault_Handler
                0x0000000008000218                SPI1_IRQHandler
                0x0000000008000218                CAN_SCE_IRQHandler
                0x0000000008000218                TIM6_DAC_IRQHandler
                0x0000000008000218                TIM8_UP_IRQHandler
                0x0000000008000218                DMA2_Channel2_IRQHandler
                0x0000000008000218                DMA1_Channel4_IRQHandler
                0x0000000008000218                USART3_IRQHandler
                0x0000000008000218                DMA1_Channel7_IRQHandler
                0x0000000008000218                UART5_IRQHandler
                0x0000000008000218                ADC3_IRQHandler
                0x0000000008000218                TIM4_IRQHandler
                0x0000000008000218                CAN_RX1_IRQHandler
                0x0000000008000218                DMA2_Channel1_IRQHandler
                0x0000000008000218                I2C1_EV_IRQHandler
                0x0000000008000218                DMA1_Channel6_IRQHandler
                0x0000000008000218                UART4_IRQHandler
                0x0000000008000218                DMA2_Channel4_IRQHandler
                0x0000000008000218                TIM3_IRQHandler
                0x0000000008000218                RCC_IRQHandler
                0x0000000008000218                DMA1_Channel1_IRQHandler
                0x0000000008000218                Default_Handler
                0x0000000008000218                USBWakeUp_RMP_IRQHandler
                0x0000000008000218                EXTI15_10_IRQHandler
                0x0000000008000218                TIM7_IRQHandler
                0x0000000008000218                EXTI9_5_IRQHandler
                0x0000000008000218                RTC_WKUP_IRQHandler
                0x0000000008000218                SPI2_IRQHandler
                0x0000000008000218                USB_LP_CAN_RX0_IRQHandler
                0x0000000008000218                MemManage_Handler
                0x0000000008000218                SVC_Handler
                0x0000000008000218                DMA2_Channel5_IRQHandler
                0x0000000008000218                DMA1_Channel5_IRQHandler
                0x0000000008000218                USB_LP_IRQHandler
                0x0000000008000218                EXTI4_IRQHandler
                0x0000000008000218                TIM1_TRG_COM_TIM17_IRQHandler
                0x0000000008000218                DMA1_Channel3_IRQHandler
                0x0000000008000218                ADC4_IRQHandler
                0x0000000008000218                WWDG_IRQHandler
                0x0000000008000218                COMP7_IRQHandler
                0x0000000008000218                COMP1_2_3_IRQHandler
                0x0000000008000218                EXTI1_IRQHandler
                0x0000000008000218                USART2_IRQHandler
                0x0000000008000218                COMP4_5_6_IRQHandler
                0x0000000008000218                I2C2_ER_IRQHandler
                0x0000000008000218                DMA1_Channel2_IRQHandler
                0x0000000008000218                TIM8_BRK_IRQHandler
                0x0000000008000218                FLASH_IRQHandler
                0x0000000008000218                BusFault_Handler
                0x0000000008000218                SPI3_IRQHandler
                0x0000000008000218                I2C1_ER_IRQHandler
                0x0000000008000218                USBWakeUp_IRQHandler
                0x0000000008000218                DMA2_Channel3_IRQHandler
                0x0000000008000218                EXTI2_TSC_IRQHandler
 *fill*         0x000000000800021a        0x2 
 .text.esc_boot
                0x000000000800021c       0x28 Application/User/esc.o
                0x000000000800021c                esc_boot
 .text.esc_pwm_control
                0x0000000008000244      0x1b0 Application/User/esc.o
                0x0000000008000244                esc_pwm_control
 .text.TIM2_IRQHandler
                0x00000000080003f4       0xac Application/User/esc.o
                0x00000000080003f4                TIM2_IRQHandler
 .text.SystemClock_Config
                0x00000000080004a0       0x6c Application/User/main.o
                0x00000000080004a0                SystemClock_Config
 .text.SPIread  0x000000000800050c       0x50 Application/User/main.o
                0x000000000800050c                SPIread
 .text.configureDriver
                0x000000000800055c       0xfc Application/User/main.o
                0x000000000800055c                configureDriver
 .text.resetDriver
                0x0000000008000658       0x2c Application/User/main.o
                0x0000000008000658                resetDriver
 .text.startup.main
                0x0000000008000684      0x674 Application/User/main.o
                0x0000000008000684                main
 .text.MC_AcknowledgeFaultMotor1
                0x0000000008000cf8        0xc Application/User/mc_api.o
                0x0000000008000cf8                MC_AcknowledgeFaultMotor1
 .text.MC_GetSTMStateMotor1
                0x0000000008000d04        0xc Application/User/mc_api.o
                0x0000000008000d04                MC_GetSTMStateMotor1
 .text.MCI_Init
                0x0000000008000d10       0x1c Application/User/mc_interface.o
                0x0000000008000d10                MCI_Init
 .text.MCI_ExecSpeedRamp
                0x0000000008000d2c       0x10 Application/User/mc_interface.o
                0x0000000008000d2c                MCI_ExecSpeedRamp
 .text.MCI_ExecTorqueRamp
                0x0000000008000d3c       0x18 Application/User/mc_interface.o
                0x0000000008000d3c                MCI_ExecTorqueRamp
 .text.MCI_SetCurrentReferences
                0x0000000008000d54       0x1c Application/User/mc_interface.o
                0x0000000008000d54                MCI_SetCurrentReferences
 .text.MCI_StartMotor
                0x0000000008000d70       0x14 Application/User/mc_interface.o
                0x0000000008000d70                MCI_StartMotor
 .text.MCI_StopMotor
                0x0000000008000d84        0x8 Application/User/mc_interface.o
                0x0000000008000d84                MCI_StopMotor
 .text.MCI_FaultAcknowledged
                0x0000000008000d8c        0x8 Application/User/mc_interface.o
                0x0000000008000d8c                MCI_FaultAcknowledged
 .text.MCI_EncoderAlign
                0x0000000008000d94        0x8 Application/User/mc_interface.o
                0x0000000008000d94                MCI_EncoderAlign
 .text.MCI_ExecBufferedCommands
                0x0000000008000d9c       0x74 Application/User/mc_interface.o
                0x0000000008000d9c                MCI_ExecBufferedCommands
 .text.MCI_GetSTMState
                0x0000000008000e10        0x8 Application/User/mc_interface.o
                0x0000000008000e10                MCI_GetSTMState
 .text.MCI_GetControlMode
                0x0000000008000e18        0x4 Application/User/mc_interface.o
                0x0000000008000e18                MCI_GetControlMode
 .text.MCI_GetImposedMotorDirection
                0x0000000008000e1c       0x44 Application/User/mc_interface.o
                0x0000000008000e1c                MCI_GetImposedMotorDirection
 .text.MCI_GetLastRampFinalSpeed
                0x0000000008000e60       0x10 Application/User/mc_interface.o
                0x0000000008000e60                MCI_GetLastRampFinalSpeed
 .text.MCI_StopRamp
                0x0000000008000e70        0x8 Application/User/mc_interface.o
                0x0000000008000e70                MCI_StopRamp
 .text.MCI_GetAvrgMecSpeedUnit
                0x0000000008000e78       0x10 Application/User/mc_interface.o
                0x0000000008000e78                MCI_GetAvrgMecSpeedUnit
 .text.MCI_GetMecSpeedRefUnit
                0x0000000008000e88        0x8 Application/User/mc_interface.o
                0x0000000008000e88                MCI_GetMecSpeedRefUnit
 .text.MCI_GetIab
                0x0000000008000e90       0x10 Application/User/mc_interface.o
                0x0000000008000e90                MCI_GetIab
 .text.MCI_GetIalphabeta
                0x0000000008000ea0       0x10 Application/User/mc_interface.o
                0x0000000008000ea0                MCI_GetIalphabeta
 .text.MCI_GetIqd
                0x0000000008000eb0       0x10 Application/User/mc_interface.o
                0x0000000008000eb0                MCI_GetIqd
 .text.MCI_GetIqdref
                0x0000000008000ec0       0x10 Application/User/mc_interface.o
                0x0000000008000ec0                MCI_GetIqdref
 .text.MCI_GetVqd
                0x0000000008000ed0       0x14 Application/User/mc_interface.o
                0x0000000008000ed0                MCI_GetVqd
 .text.MCI_GetValphabeta
                0x0000000008000ee4       0x14 Application/User/mc_interface.o
                0x0000000008000ee4                MCI_GetValphabeta
 .text.MCI_GetTeref
                0x0000000008000ef8        0x8 Application/User/mc_interface.o
                0x0000000008000ef8                MCI_GetTeref
 .text.MCI_SetIdref
                0x0000000008000f00        0x8 Application/User/mc_interface.o
                0x0000000008000f00                MCI_SetIdref
 .text.MCI_Clear_Iqdref
                0x0000000008000f08       0x14 Application/User/mc_interface.o
                0x0000000008000f08                MCI_Clear_Iqdref
 .text.MCM_Clarke
                0x0000000008000f1c       0x4c Application/User/mc_math.o
                0x0000000008000f1c                MCM_Clarke
 .text.MCM_Trig_Functions
                0x0000000008000f68       0x94 Application/User/mc_math.o
                0x0000000008000f68                MCM_Trig_Functions
 .text.MCM_Park
                0x0000000008000ffc       0x74 Application/User/mc_math.o
                0x0000000008000ffc                MCM_Park
 .text.MCM_Rev_Park
                0x0000000008001070       0x3c Application/User/mc_math.o
                0x0000000008001070                MCM_Rev_Park
 .text.FOC_Clear
                0x00000000080010ac       0x7c Application/User/mc_tasks.o
                0x00000000080010ac                FOC_Clear
 .text.MCboot   0x0000000008001128      0x20c Application/User/mc_tasks.o
                0x0000000008001128                MCboot
 .text.FOC_InitAdditionalMethods
                0x0000000008001334        0x4 Application/User/mc_tasks.o
                0x0000000008001334                FOC_InitAdditionalMethods
 .text.FOC_CalcCurrRef
                0x0000000008001338       0x2c Application/User/mc_tasks.o
                0x0000000008001338                FOC_CalcCurrRef
 .text.TSK_SetChargeBootCapDelayM1
                0x0000000008001364        0xc Application/User/mc_tasks.o
                0x0000000008001364                TSK_SetChargeBootCapDelayM1
 .text.TSK_ChargeBootCapDelayHasElapsedM1
                0x0000000008001370       0x14 Application/User/mc_tasks.o
                0x0000000008001370                TSK_ChargeBootCapDelayHasElapsedM1
 .text.TSK_SetStopPermanencyTimeM1
                0x0000000008001384        0xc Application/User/mc_tasks.o
                0x0000000008001384                TSK_SetStopPermanencyTimeM1
 .text.TSK_StopPermanencyTimeHasElapsedM1
                0x0000000008001390       0x14 Application/User/mc_tasks.o
                0x0000000008001390                TSK_StopPermanencyTimeHasElapsedM1
 .text.TSK_MediumFrequencyTaskM1
                0x00000000080013a4      0x290 Application/User/mc_tasks.o
                0x00000000080013a4                TSK_MediumFrequencyTaskM1
 .text.MC_Scheduler
                0x0000000008001634       0x5c Application/User/mc_tasks.o
                0x0000000008001634                MC_Scheduler
 .text.TSK_HighFrequencyTask
                0x0000000008001690      0x188 Application/User/mc_tasks.o
                0x0000000008001690                TSK_HighFrequencyTask
 .text.TSK_SafetyTask_PWMOFF
                0x0000000008001818       0x98 Application/User/mc_tasks.o
                0x0000000008001818                TSK_SafetyTask_PWMOFF
 .text.TSK_SafetyTask
                0x00000000080018b0       0x20 Application/User/mc_tasks.o
                0x00000000080018b0                TSK_SafetyTask
 .text.MC_RunMotorControlTasks
                0x00000000080018d0       0x20 Application/User/mc_tasks.o
                0x00000000080018d0                MC_RunMotorControlTasks
 .text.TSK_HardwareFaultTask
                0x00000000080018f0       0x20 Application/User/mc_tasks.o
                0x00000000080018f0                TSK_HardwareFaultTask
 .text.mc_lock_pins
                0x0000000008001910      0x11c Application/User/mc_tasks.o
                0x0000000008001910                mc_lock_pins
 .text.MCP_ReceivedFrame
                0x0000000008001a2c      0x5d0 Application/User/motor_control_protocol.o
                0x0000000008001a2c                MCP_ReceivedFrame
 .text.MCP_WaitNextFrame
                0x0000000008001ffc       0x1c Application/User/motor_control_protocol.o
                0x0000000008001ffc                MCP_WaitNextFrame
 .text.MCP_Init
                0x0000000008002018       0x40 Application/User/motor_control_protocol.o
                0x0000000008002018                MCP_Init
 .text.MCP_OnTimeOut
                0x0000000008002058        0x8 Application/User/motor_control_protocol.o
                0x0000000008002058                MCP_OnTimeOut
 .text.MCP_SentFrame
                0x0000000008002060        0x8 Application/User/motor_control_protocol.o
                0x0000000008002060                MCP_SentFrame
 .text.MX_MotorControl_Init
                0x0000000008002068       0x4c Application/User/motorcontrol.o
                0x0000000008002068                MX_MotorControl_Init
 .text.RCM_ExecUserConv
                0x00000000080020b4       0xb0 Application/User/regular_conversion_manager.o
                0x00000000080020b4                RCM_ExecUserConv
 .text.ADC1_2_IRQHandler
                0x0000000008002164        0xc Application/User/stm32f30x_mc_it.o
                0x0000000008002164                ADC1_2_IRQHandler
 .text.TIM1_UP_TIM16_IRQHandler
                0x0000000008002170       0x18 Application/User/stm32f30x_mc_it.o
                0x0000000008002170                TIM1_UP_TIM16_IRQHandler
 .text.TIM1_BRK_TIM15_IRQHandler
                0x0000000008002188       0x3c Application/User/stm32f30x_mc_it.o
                0x0000000008002188                TIM1_BRK_TIM15_IRQHandler
 .text.USART1_IRQHandler
                0x00000000080021c4       0x6c Application/User/stm32f30x_mc_it.o
                0x00000000080021c4                USART1_IRQHandler
 .text.HardFault_Handler
                0x0000000008002230       0x74 Application/User/stm32f30x_mc_it.o
                0x0000000008002230                HardFault_Handler
 .text.SysTick_Handler
                0x00000000080022a4       0x30 Application/User/stm32f30x_mc_it.o
                0x00000000080022a4                SysTick_Handler
 .text.HAL_TIM_MspPostInit
                0x00000000080022d4       0xbc Application/User/stm32f3xx_hal_msp.o
                0x00000000080022d4                HAL_TIM_MspPostInit
 .text.UI_TaskInit
                0x0000000008002390       0x7c Application/User/ui_task.o
                0x0000000008002390                UI_TaskInit
 .text.UI_Scheduler
                0x000000000800240c       0x40 Application/User/ui_task.o
                0x000000000800240c                UI_Scheduler
 .text.UI_IdleTimeHasElapsed
                0x000000000800244c       0x14 Application/User/ui_task.o
                0x000000000800244c                UI_IdleTimeHasElapsed
 .text.UI_SetIdleTime
                0x0000000008002460        0xc Application/User/ui_task.o
                0x0000000008002460                UI_SetIdleTime
 .text.UI_SerialCommunicationTimeOutStop
                0x000000000800246c        0xc Application/User/ui_task.o
                0x000000000800246c                UI_SerialCommunicationTimeOutStop
 .text.UI_SerialCommunicationTimeOutStart
                0x0000000008002478        0xc Application/User/ui_task.o
                0x0000000008002478                UI_SerialCommunicationTimeOutStart
 .text.UI_Init  0x0000000008002484       0x14 Application/User/user_interface.o
                0x0000000008002484                UI_Init
 .text.UI_SelectMC
                0x0000000008002498       0x10 Application/User/user_interface.o
                0x0000000008002498                UI_SelectMC
 .text.UI_GetSelectedMC
                0x00000000080024a8        0x4 Application/User/user_interface.o
                0x00000000080024a8                UI_GetSelectedMC
 .text.UI_SetReg
                0x00000000080024ac      0x2dc Application/User/user_interface.o
                0x00000000080024ac                UI_SetReg
 .text.UI_GetReg
                0x0000000008002788      0x5f4 Application/User/user_interface.o
                0x0000000008002788                UI_GetReg
 .text.UI_ExecCmd
                0x0000000008002d7c       0x78 Application/User/user_interface.o
                0x0000000008002d7c                UI_ExecCmd
 .text.UI_ExecSpeedRamp
                0x0000000008002df4       0x24 Application/User/user_interface.o
                0x0000000008002df4                UI_ExecSpeedRamp
 .text.UI_ExecTorqueRamp
                0x0000000008002e18       0x14 Application/User/user_interface.o
                0x0000000008002e18                UI_ExecTorqueRamp
 .text.UI_GetRevupData
                0x0000000008002e2c       0x38 Application/User/user_interface.o
                0x0000000008002e2c                UI_GetRevupData
 .text.UI_SetRevupData
                0x0000000008002e64       0x34 Application/User/user_interface.o
                0x0000000008002e64                UI_SetRevupData
 .text.UI_SetCurrentReferences
                0x0000000008002e98       0x1c Application/User/user_interface.o
                0x0000000008002e98                UI_SetCurrentReferences
 .text.UI_GetMPInfo
                0x0000000008002eb4        0x4 Application/User/user_interface.o
                0x0000000008002eb4                UI_GetMPInfo
 .text.RUC_Init
                0x0000000008002eb8       0x7c ../../MCSDK_v5.4.4/MotorControl/lib\libmc-gcc_M4_NoCCMRAM.lib(revup_ctrl.o)
                0x0000000008002eb8                RUC_Init
 .text.RUC_Clear
                0x0000000008002f34       0x90 ../../MCSDK_v5.4.4/MotorControl/lib\libmc-gcc_M4_NoCCMRAM.lib(revup_ctrl.o)
                0x0000000008002f34                RUC_Clear
 .text.RUC_Exec
                0x0000000008002fc4       0x74 ../../MCSDK_v5.4.4/MotorControl/lib\libmc-gcc_M4_NoCCMRAM.lib(revup_ctrl.o)
                0x0000000008002fc4                RUC_Exec
 .text.RUC_FirstAccelerationStageReached
                0x0000000008003038       0x14 ../../MCSDK_v5.4.4/MotorControl/lib\libmc-gcc_M4_NoCCMRAM.lib(revup_ctrl.o)
                0x0000000008003038                RUC_FirstAccelerationStageReached
 .text.RUC_SetPhaseDurationms
                0x000000000800304c        0xc ../../MCSDK_v5.4.4/MotorControl/lib\libmc-gcc_M4_NoCCMRAM.lib(revup_ctrl.o)
                0x000000000800304c                RUC_SetPhaseDurationms
 .text.RUC_SetPhaseFinalMecSpeedUnit
                0x0000000008003058        0xc ../../MCSDK_v5.4.4/MotorControl/lib\libmc-gcc_M4_NoCCMRAM.lib(revup_ctrl.o)
                0x0000000008003058                RUC_SetPhaseFinalMecSpeedUnit
 .text.RUC_SetPhaseFinalTorque
                0x0000000008003064        0xc ../../MCSDK_v5.4.4/MotorControl/lib\libmc-gcc_M4_NoCCMRAM.lib(revup_ctrl.o)
                0x0000000008003064                RUC_SetPhaseFinalTorque
 .text.RUC_GetPhaseDurationms
                0x0000000008003070        0xc ../../MCSDK_v5.4.4/MotorControl/lib\libmc-gcc_M4_NoCCMRAM.lib(revup_ctrl.o)
                0x0000000008003070                RUC_GetPhaseDurationms
 .text.RUC_GetPhaseFinalMecSpeedUnit
                0x000000000800307c       0x10 ../../MCSDK_v5.4.4/MotorControl/lib\libmc-gcc_M4_NoCCMRAM.lib(revup_ctrl.o)
                0x000000000800307c                RUC_GetPhaseFinalMecSpeedUnit
 .text.RUC_GetPhaseFinalTorque
                0x000000000800308c       0x10 ../../MCSDK_v5.4.4/MotorControl/lib\libmc-gcc_M4_NoCCMRAM.lib(revup_ctrl.o)
                0x000000000800308c                RUC_GetPhaseFinalTorque
 .text.RUC_GetNumberOfPhases
                0x000000000800309c        0x8 ../../MCSDK_v5.4.4/MotorControl/lib\libmc-gcc_M4_NoCCMRAM.lib(revup_ctrl.o)
                0x000000000800309c                RUC_GetNumberOfPhases
 .text.STO_PLL_CalcElAngle
                0x00000000080030a4      0x1d4 ../../MCSDK_v5.4.4/MotorControl/lib\libmc-gcc_M4_NoCCMRAM.lib(sto_pll_speed_pos_fdbk.o)
                0x00000000080030a4                STO_PLL_CalcElAngle
 .text.STO_PLL_CalcAvrgMecSpeedUnit
                0x0000000008003278      0x140 ../../MCSDK_v5.4.4/MotorControl/lib\libmc-gcc_M4_NoCCMRAM.lib(sto_pll_speed_pos_fdbk.o)
                0x0000000008003278                STO_PLL_CalcAvrgMecSpeedUnit
 .text.STO_PLL_CalcAvrgElSpeedDpp
                0x00000000080033b8       0x54 ../../MCSDK_v5.4.4/MotorControl/lib\libmc-gcc_M4_NoCCMRAM.lib(sto_pll_speed_pos_fdbk.o)
                0x00000000080033b8                STO_PLL_CalcAvrgElSpeedDpp
 .text.STO_PLL_Clear
                0x000000000800340c       0x5c ../../MCSDK_v5.4.4/MotorControl/lib\libmc-gcc_M4_NoCCMRAM.lib(sto_pll_speed_pos_fdbk.o)
                0x000000000800340c                STO_PLL_Clear
 .text.STO_PLL_Init
                0x0000000008003468       0x74 ../../MCSDK_v5.4.4/MotorControl/lib\libmc-gcc_M4_NoCCMRAM.lib(sto_pll_speed_pos_fdbk.o)
                0x0000000008003468                STO_PLL_Init
 .text.STO_PLL_IsObserverConverged
                0x00000000080034dc       0xac ../../MCSDK_v5.4.4/MotorControl/lib\libmc-gcc_M4_NoCCMRAM.lib(sto_pll_speed_pos_fdbk.o)
                0x00000000080034dc                STO_PLL_IsObserverConverged
 .text.STO_PLL_GetEstimatedBemf
                0x0000000008003588       0x18 ../../MCSDK_v5.4.4/MotorControl/lib\libmc-gcc_M4_NoCCMRAM.lib(sto_pll_speed_pos_fdbk.o)
                0x0000000008003588                STO_PLL_GetEstimatedBemf
 .text.STO_PLL_GetEstimatedCurrent
                0x00000000080035a0       0x28 ../../MCSDK_v5.4.4/MotorControl/lib\libmc-gcc_M4_NoCCMRAM.lib(sto_pll_speed_pos_fdbk.o)
                0x00000000080035a0                STO_PLL_GetEstimatedCurrent
 .text.STO_PLL_GetObserverGains
                0x00000000080035c8       0x10 ../../MCSDK_v5.4.4/MotorControl/lib\libmc-gcc_M4_NoCCMRAM.lib(sto_pll_speed_pos_fdbk.o)
                0x00000000080035c8                STO_PLL_GetObserverGains
 .text.STO_PLL_SetObserverGains
                0x00000000080035d8        0x8 ../../MCSDK_v5.4.4/MotorControl/lib\libmc-gcc_M4_NoCCMRAM.lib(sto_pll_speed_pos_fdbk.o)
                0x00000000080035d8                STO_PLL_SetObserverGains
 .text.STO_GetPLLGains
                0x00000000080035e0       0x1c ../../MCSDK_v5.4.4/MotorControl/lib\libmc-gcc_M4_NoCCMRAM.lib(sto_pll_speed_pos_fdbk.o)
                0x00000000080035e0                STO_GetPLLGains
 .text.STO_SetPLLGains
                0x00000000080035fc       0x1c ../../MCSDK_v5.4.4/MotorControl/lib\libmc-gcc_M4_NoCCMRAM.lib(sto_pll_speed_pos_fdbk.o)
                0x00000000080035fc                STO_SetPLLGains
 .text.STO_OTF_ResetPLL
                0x0000000008003618        0xc ../../MCSDK_v5.4.4/MotorControl/lib\libmc-gcc_M4_NoCCMRAM.lib(sto_pll_speed_pos_fdbk.o)
                0x0000000008003618                STO_OTF_ResetPLL
 .text.STO_ResetPLL
                0x0000000008003624        0x8 ../../MCSDK_v5.4.4/MotorControl/lib\libmc-gcc_M4_NoCCMRAM.lib(sto_pll_speed_pos_fdbk.o)
                0x0000000008003624                STO_ResetPLL
 .text.STO_PLL_GetEstimatedBemfLevel
                0x000000000800362c        0x8 ../../MCSDK_v5.4.4/MotorControl/lib\libmc-gcc_M4_NoCCMRAM.lib(sto_pll_speed_pos_fdbk.o)
                0x000000000800362c                STO_PLL_GetEstimatedBemfLevel
 .text.STO_PLL_GetObservedBemfLevel
                0x0000000008003634        0x8 ../../MCSDK_v5.4.4/MotorControl/lib\libmc-gcc_M4_NoCCMRAM.lib(sto_pll_speed_pos_fdbk.o)
                0x0000000008003634                STO_PLL_GetObservedBemfLevel
 .text.STO_PLL_IsVarianceTight
                0x000000000800363c        0x8 ../../MCSDK_v5.4.4/MotorControl/lib\libmc-gcc_M4_NoCCMRAM.lib(sto_pll_speed_pos_fdbk.o)
                0x000000000800363c                STO_PLL_IsVarianceTight
 .text.STO_PLL_ForceConvergency1
                0x0000000008003644        0xc ../../MCSDK_v5.4.4/MotorControl/lib\libmc-gcc_M4_NoCCMRAM.lib(sto_pll_speed_pos_fdbk.o)
                0x0000000008003644                STO_PLL_ForceConvergency1
 .text.STO_PLL_ForceConvergency2
                0x0000000008003650        0xc ../../MCSDK_v5.4.4/MotorControl/lib\libmc-gcc_M4_NoCCMRAM.lib(sto_pll_speed_pos_fdbk.o)
                0x0000000008003650                STO_PLL_ForceConvergency2
 .text.__libc_init_array
                0x000000000800365c       0x48 c:/st/stm32cubeide_1.3.0/stm32cubeide/plugins/com.st.stm32cube.ide.mcu.externaltools.gnu-tools-for-stm32.7-2018-q2-update.win32_1.4.0.202007081208/tools/bin/../lib/gcc/arm-none-eabi/7.3.1/../../../../arm-none-eabi/lib/thumb/v7e-m/fpv4-sp/hard\libc_nano.a(lib_a-init.o)
                0x000000000800365c                __libc_init_array
 .text.memset   0x00000000080036a4       0x10 c:/st/stm32cubeide_1.3.0/stm32cubeide/plugins/com.st.stm32cube.ide.mcu.externaltools.gnu-tools-for-stm32.7-2018-q2-update.win32_1.4.0.202007081208/tools/bin/../lib/gcc/arm-none-eabi/7.3.1/../../../../arm-none-eabi/lib/thumb/v7e-m/fpv4-sp/hard\libc_nano.a(lib_a-memset.o)
                0x00000000080036a4                memset
 *(.glue_7)
 .glue_7        0x00000000080036b4        0x0 linker stubs
 *(.glue_7t)
 .glue_7t       0x00000000080036b4        0x0 linker stubs
 *(.eh_frame)
 .eh_frame      0x00000000080036b4        0x0 c:/st/stm32cubeide_1.3.0/stm32cubeide/plugins/com.st.stm32cube.ide.mcu.externaltools.gnu-tools-for-stm32.7-2018-q2-update.win32_1.4.0.202007081208/tools/bin/../lib/gcc/arm-none-eabi/7.3.1/thumb/v7e-m/fpv4-sp/hard/crtbegin.o
 *(.init)
 .init          0x00000000080036b4        0x4 c:/st/stm32cubeide_1.3.0/stm32cubeide/plugins/com.st.stm32cube.ide.mcu.externaltools.gnu-tools-for-stm32.7-2018-q2-update.win32_1.4.0.202007081208/tools/bin/../lib/gcc/arm-none-eabi/7.3.1/thumb/v7e-m/fpv4-sp/hard/crti.o
                0x00000000080036b4                _init
 .init          0x00000000080036b8        0x8 c:/st/stm32cubeide_1.3.0/stm32cubeide/plugins/com.st.stm32cube.ide.mcu.externaltools.gnu-tools-for-stm32.7-2018-q2-update.win32_1.4.0.202007081208/tools/bin/../lib/gcc/arm-none-eabi/7.3.1/thumb/v7e-m/fpv4-sp/hard/crtn.o
 *(.fini)
 .fini          0x00000000080036c0        0x4 c:/st/stm32cubeide_1.3.0/stm32cubeide/plugins/com.st.stm32cube.ide.mcu.externaltools.gnu-tools-for-stm32.7-2018-q2-update.win32_1.4.0.202007081208/tools/bin/../lib/gcc/arm-none-eabi/7.3.1/thumb/v7e-m/fpv4-sp/hard/crti.o
                0x00000000080036c0                _fini
 .fini          0x00000000080036c4        0x8 c:/st/stm32cubeide_1.3.0/stm32cubeide/plugins/com.st.stm32cube.ide.mcu.externaltools.gnu-tools-for-stm32.7-2018-q2-update.win32_1.4.0.202007081208/tools/bin/../lib/gcc/arm-none-eabi/7.3.1/thumb/v7e-m/fpv4-sp/hard/crtn.o
                0x00000000080036cc                . = ALIGN (0x4)
                0x00000000080036cc                _etext = .

.vfp11_veneer   0x00000000080036cc        0x0
 .vfp11_veneer  0x00000000080036cc        0x0 linker stubs

.v4_bx          0x00000000080036cc        0x0
 .v4_bx         0x00000000080036cc        0x0 linker stubs

.iplt           0x00000000080036cc        0x0
 .iplt          0x00000000080036cc        0x0 c:/st/stm32cubeide_1.3.0/stm32cubeide/plugins/com.st.stm32cube.ide.mcu.externaltools.gnu-tools-for-stm32.7-2018-q2-update.win32_1.4.0.202007081208/tools/bin/../lib/gcc/arm-none-eabi/7.3.1/thumb/v7e-m/fpv4-sp/hard/crtbegin.o

.rodata         0x00000000080036cc      0x2d0
                0x00000000080036cc                . = ALIGN (0x4)
 *(.rodata)
 *(.rodata*)
 .rodata.hSin_Cos_Table
                0x00000000080036cc      0x200 Application/User/mc_math.o
                0x00000000080036cc                hSin_Cos_Table
 .rodata.ESC_ParamsM1
                0x00000000080038cc       0x2c Application/User/mc_parameters.o
                0x00000000080038cc                ESC_ParamsM1
 .rodata.R3_1_ParamsM1
                0x00000000080038f8       0x84 Application/User/mc_parameters.o
                0x00000000080038f8                R3_1_ParamsM1
 .rodata.s_fwVer
                0x000000000800397c       0x20 Application/User/motorcontrol.o
                0x000000000800397c                s_fwVer
                0x000000000800399c                . = ALIGN (0x4)

.rel.dyn        0x000000000800399c        0x0
 .rel.iplt      0x000000000800399c        0x0 c:/st/stm32cubeide_1.3.0/stm32cubeide/plugins/com.st.stm32cube.ide.mcu.externaltools.gnu-tools-for-stm32.7-2018-q2-update.win32_1.4.0.202007081208/tools/bin/../lib/gcc/arm-none-eabi/7.3.1/thumb/v7e-m/fpv4-sp/hard/crtbegin.o

.ARM.extab      0x000000000800399c        0x0
                0x000000000800399c                . = ALIGN (0x4)
 *(.ARM.extab* .gnu.linkonce.armextab.*)
                0x000000000800399c                . = ALIGN (0x4)

.ARM            0x000000000800399c        0x0
                0x000000000800399c                . = ALIGN (0x4)
                0x000000000800399c                __exidx_start = .
 *(.ARM.exidx*)
                0x000000000800399c                __exidx_end = .
                0x000000000800399c                . = ALIGN (0x4)

.preinit_array  0x000000000800399c        0x0
                0x000000000800399c                . = ALIGN (0x4)
                0x000000000800399c                PROVIDE (__preinit_array_start = .)
 *(.preinit_array*)
                0x000000000800399c                PROVIDE (__preinit_array_end = .)
                0x000000000800399c                . = ALIGN (0x4)

.init_array     0x000000000800399c        0x4
                0x000000000800399c                . = ALIGN (0x4)
                0x000000000800399c                PROVIDE (__init_array_start = .)
 *(SORT_BY_NAME(.init_array.*))
 *(.init_array*)
 .init_array    0x000000000800399c        0x4 c:/st/stm32cubeide_1.3.0/stm32cubeide/plugins/com.st.stm32cube.ide.mcu.externaltools.gnu-tools-for-stm32.7-2018-q2-update.win32_1.4.0.202007081208/tools/bin/../lib/gcc/arm-none-eabi/7.3.1/thumb/v7e-m/fpv4-sp/hard/crtbegin.o
                0x00000000080039a0                PROVIDE (__init_array_end = .)
                0x00000000080039a0                . = ALIGN (0x4)

.fini_array     0x00000000080039a0        0x4
                0x00000000080039a0                . = ALIGN (0x4)
                [!provide]                        PROVIDE (__fini_array_start = .)
 *(SORT_BY_NAME(.fini_array.*))
 *(.fini_array*)
 .fini_array    0x00000000080039a0        0x4 c:/st/stm32cubeide_1.3.0/stm32cubeide/plugins/com.st.stm32cube.ide.mcu.externaltools.gnu-tools-for-stm32.7-2018-q2-update.win32_1.4.0.202007081208/tools/bin/../lib/gcc/arm-none-eabi/7.3.1/thumb/v7e-m/fpv4-sp/hard/crtbegin.o
                [!provide]                        PROVIDE (__fini_array_end = .)
                0x00000000080039a4                . = ALIGN (0x4)
                0x00000000080039a4                _sidata = LOADADDR (.data)

.data           0x0000000020000000      0x6d0 load address 0x00000000080039a4
                0x0000000020000000                . = ALIGN (0x4)
                0x0000000020000000                _sdata = .
 *(.data)
 *(.data*)
 .data.DRV_CONF_Write
                0x0000000020000000        0x4 Application/User/main.o
                0x0000000020000000                DRV_CONF_Write
 .data.GCONF_Write
                0x0000000020000004        0x4 Application/User/main.o
                0x0000000020000004                GCONF_Write
 .data.SHORT_CONF_Write
                0x0000000020000008        0x4 Application/User/main.o
                0x0000000020000008                SHORT_CONF_Write
 .data.CircleLimitationM1
                0x000000002000000c       0xb4 Application/User/mc_config.o
                0x000000002000000c                CircleLimitationM1
 .data.ESC_M1   0x00000000200000c0       0x34 Application/User/mc_config.o
                0x00000000200000c0                ESC_M1
 .data.PIDIdHandle_M1
                0x00000000200000f4       0x2c Application/User/mc_config.o
                0x00000000200000f4                PIDIdHandle_M1
 .data.PIDIqHandle_M1
                0x0000000020000120       0x2c Application/User/mc_config.o
                0x0000000020000120                PIDIqHandle_M1
 .data.PIDSpeedHandle_M1
                0x000000002000014c       0x2c Application/User/mc_config.o
                0x000000002000014c                PIDSpeedHandle_M1
 .data.PQD_MotorPowMeasM1
                0x0000000020000178      0x114 Application/User/mc_config.o
                0x0000000020000178                PQD_MotorPowMeasM1
 .data.PWM_Handle_M1
                0x000000002000028c       0x78 Application/User/mc_config.o
                0x000000002000028c                PWM_Handle_M1
 .data.RampExtMngrHFParamsM1
                0x0000000020000304       0x18 Application/User/mc_config.o
                0x0000000020000304                RampExtMngrHFParamsM1
 .data.RealBusVoltageSensorParamsM1
                0x000000002000031c       0x28 Application/User/mc_config.o
                0x000000002000031c                RealBusVoltageSensorParamsM1
 .data.RevUpControlM1
                0x0000000020000344       0x78 Application/User/mc_config.o
                0x0000000020000344                RevUpControlM1
 .data.STO_M1   0x00000000200003bc       0x14 Application/User/mc_config.o
                0x00000000200003bc                STO_M1
 .data.STO_PLL_M1
                0x00000000200003d0      0x128 Application/User/mc_config.o
                0x00000000200003d0                STO_PLL_M1
 .data.SpeednTorqCtrlM1
                0x00000000200004f8       0x34 Application/User/mc_config.o
                0x00000000200004f8                SpeednTorqCtrlM1
 .data.TempSensorParamsM1
                0x000000002000052c       0x28 Application/User/mc_config.o
                0x000000002000052c                TempSensorParamsM1
 .data.VirtualSpeedSensorM1
                0x0000000020000554       0x38 Application/User/mc_config.o
                0x0000000020000554                VirtualSpeedSensorM1
 .data.pUSART   0x000000002000058c      0x13c Application/User/mc_config.o
                0x000000002000058c                pUSART
 .data.wConfig  0x00000000200006c8        0x4 Application/User/motorcontrol.o
                0x00000000200006c8                wConfig
 .data.SystickDividerCounter.15187
                0x00000000200006cc        0x1 Application/User/stm32f30x_mc_it.o
 *fill*         0x00000000200006cd        0x1 
 .data.bCOMATRTimeCounter
                0x00000000200006ce        0x2 Application/User/ui_task.o
                0x00000000200006d0                . = ALIGN (0x4)
                0x00000000200006d0                _edata = .

.igot.plt       0x00000000200006d0        0x0 load address 0x0000000008004074
 .igot.plt      0x00000000200006d0        0x0 c:/st/stm32cubeide_1.3.0/stm32cubeide/plugins/com.st.stm32cube.ide.mcu.externaltools.gnu-tools-for-stm32.7-2018-q2-update.win32_1.4.0.202007081208/tools/bin/../lib/gcc/arm-none-eabi/7.3.1/thumb/v7e-m/fpv4-sp/hard/crtbegin.o
                0x00000000200006d0                . = ALIGN (0x4)

.bss            0x00000000200006d0      0x4f8 load address 0x0000000008004074
                0x00000000200006d0                _sbss = .
                0x00000000200006d0                __bss_start__ = _sbss
 *(.bss)
 .bss           0x00000000200006d0       0x1c c:/st/stm32cubeide_1.3.0/stm32cubeide/plugins/com.st.stm32cube.ide.mcu.externaltools.gnu-tools-for-stm32.7-2018-q2-update.win32_1.4.0.202007081208/tools/bin/../lib/gcc/arm-none-eabi/7.3.1/thumb/v7e-m/fpv4-sp/hard/crtbegin.o
 *(.bss*)
 .bss.UI_Params
                0x00000000200006ec       0x18 Application/User/mc_config.o
                0x00000000200006ec                UI_Params
 .bss.bMCBootCompleted
                0x0000000020000704        0x1 Application/User/mc_tasks.o
                0x0000000020000704                bMCBootCompleted
 *fill*         0x0000000020000705        0x1 
 .bss.hBootCapDelayCounterM1
                0x0000000020000706        0x2 Application/User/mc_tasks.o
 .bss.hMFTaskCounterM1
                0x0000000020000708        0x2 Application/User/mc_tasks.o
 .bss.hStopPermanencyCounterM1
                0x000000002000070a        0x2 Application/User/mc_tasks.o
 .bss.MPInfo    0x000000002000070c        0x8 Application/User/motor_control_protocol.o
                0x000000002000070c                MPInfo
 .bss.bCOMTimeoutCounter
                0x0000000020000714        0x2 Application/User/ui_task.o
 .bss.bUITaskCounter
                0x0000000020000716        0x2 Application/User/ui_task.o
 .bss.pMCP      0x0000000020000718        0x4 Application/User/ui_task.o
                0x0000000020000718                pMCP
 *(COMMON)
 COMMON         0x000000002000071c      0x2d8 Application/User/main.o
                0x000000002000071c                SPIRxBuf
                0x0000000020000724                hcomp6
                0x0000000020000754                hcan
                0x000000002000077c                hcomp4
                0x00000000200007ac                hadc1
                0x00000000200007fc                hadc3
                0x000000002000084c                huart1
                0x00000000200008cc                hdac
                0x00000000200008e0                htim1
                0x0000000020000920                hcomp2
                0x0000000020000950                hspi1
                0x00000000200009b4                htim2
 COMMON         0x00000000200009f4        0xc Application/User/mc_config.o
                0x00000000200009f4                RealBusVoltageSensorFilterBufferM1
 COMMON         0x0000000020000a00       0xd4 Application/User/mc_tasks.o
                0x0000000020000a00                pOCPDisabling
                0x0000000020000a04                pTemperatureSensor
                0x0000000020000a08                pwmcHandle
                0x0000000020000a0c                pPIDSpeed
                0x0000000020000a10                pPIDIq
                0x0000000020000a14                oMCInterface
                0x0000000020000a18                pR_Brake
                0x0000000020000a1c                FOCVars
                0x0000000020000a44                MCT
                0x0000000020000a98                pCLM
                0x0000000020000a9c                pBusSensorM1
                0x0000000020000aa0                Mci
                0x0000000020000abc                STM
                0x0000000020000ac4                pREMNG
                0x0000000020000ac8                pMPM
                0x0000000020000acc                pPIDId
                0x0000000020000ad0                pSTC
 COMMON         0x0000000020000ad4        0x8 Application/User/motorcontrol.o
                0x0000000020000ad4                pMCI
                0x0000000020000ad8                pMCT
 COMMON         0x0000000020000adc       0x3a Application/User/regular_conversion_manager.o
                0x0000000020000adc                RCM_UserConvHandle
                0x0000000020000ae0                RCM_CB_array
                0x0000000020000b00                RCM_UserConvState
                0x0000000020000b04                RCM_handle_array
                0x0000000020000b14                RCM_UserConvValue
 *fill*         0x0000000020000b16        0x2 
 COMMON         0x0000000020000b18       0xb0 Application/User/ui_task.o
                0x0000000020000b18                MCP_UI_Params
                0x0000000020000bc8                . = ALIGN (0x4)
                0x0000000020000bc8                _ebss = .
                0x0000000020000bc8                __bss_end__ = _ebss

._user_heap_stack
                0x0000000020000bc8      0x600 load address 0x0000000008004074
                0x0000000020000bc8                . = ALIGN (0x8)
                0x0000000020000bc8                PROVIDE (end = .)
                [!provide]                        PROVIDE (_end = .)
                0x0000000020000dc8                . = (. + _Min_Heap_Size)
 *fill*         0x0000000020000bc8      0x200 
                0x00000000200011c8                . = (. + _Min_Stack_Size)
 *fill*         0x0000000020000dc8      0x400 
                0x00000000200011c8                . = ALIGN (0x8)

/DISCARD/
 libc.a(*)
 libm.a(*)
 libgcc.a(*)

.ARM.attributes
                0x0000000000000000       0x30
 *(.ARM.attributes)
 .ARM.attributes
                0x0000000000000000       0x22 c:/st/stm32cubeide_1.3.0/stm32cubeide/plugins/com.st.stm32cube.ide.mcu.externaltools.gnu-tools-for-stm32.7-2018-q2-update.win32_1.4.0.202007081208/tools/bin/../lib/gcc/arm-none-eabi/7.3.1/thumb/v7e-m/fpv4-sp/hard/crti.o
 .ARM.attributes
                0x0000000000000022       0x34 c:/st/stm32cubeide_1.3.0/stm32cubeide/plugins/com.st.stm32cube.ide.mcu.externaltools.gnu-tools-for-stm32.7-2018-q2-update.win32_1.4.0.202007081208/tools/bin/../lib/gcc/arm-none-eabi/7.3.1/thumb/v7e-m/fpv4-sp/hard/crtbegin.o
 .ARM.attributes
                0x0000000000000056       0x21 Application/Startup/startup_stm32f303cbtx.o
 .ARM.attributes
                0x0000000000000077       0x35 Application/User/esc.o
 .ARM.attributes
                0x00000000000000ac       0x35 Application/User/main.o
 .ARM.attributes
                0x00000000000000e1       0x35 Application/User/mc_api.o
 .ARM.attributes
                0x0000000000000116       0x35 Application/User/mc_config.o
 .ARM.attributes
                0x000000000000014b       0x35 Application/User/mc_interface.o
 .ARM.attributes
                0x0000000000000180       0x35 Application/User/mc_math.o
 .ARM.attributes
                0x00000000000001b5       0x35 Application/User/mc_parameters.o
 .ARM.attributes
                0x00000000000001ea       0x35 Application/User/mc_tasks.o
 .ARM.attributes
                0x000000000000021f       0x35 Application/User/motor_control_protocol.o
 .ARM.attributes
                0x0000000000000254       0x35 Application/User/motorcontrol.o
 .ARM.attributes
                0x0000000000000289       0x35 Application/User/regular_conversion_manager.o
 .ARM.attributes
                0x00000000000002be       0x35 Application/User/stm32f30x_mc_it.o
 .ARM.attributes
                0x00000000000002f3       0x35 Application/User/stm32f3xx_hal_msp.o
 .ARM.attributes
                0x0000000000000328       0x35 Application/User/ui_task.o
 .ARM.attributes
                0x000000000000035d       0x35 Application/User/user_interface.o
 .ARM.attributes
                0x0000000000000392       0x35 ../../MCSDK_v5.4.4/MotorControl/lib\libmc-gcc_M4_NoCCMRAM.lib(revup_ctrl.o)
 .ARM.attributes
                0x00000000000003c7       0x35 ../../MCSDK_v5.4.4/MotorControl/lib\libmc-gcc_M4_NoCCMRAM.lib(sto_pll_speed_pos_fdbk.o)
 .ARM.attributes
                0x00000000000003fc       0x34 c:/st/stm32cubeide_1.3.0/stm32cubeide/plugins/com.st.stm32cube.ide.mcu.externaltools.gnu-tools-for-stm32.7-2018-q2-update.win32_1.4.0.202007081208/tools/bin/../lib/gcc/arm-none-eabi/7.3.1/../../../../arm-none-eabi/lib/thumb/v7e-m/fpv4-sp/hard\libc_nano.a(lib_a-init.o)
 .ARM.attributes
                0x0000000000000430       0x34 c:/st/stm32cubeide_1.3.0/stm32cubeide/plugins/com.st.stm32cube.ide.mcu.externaltools.gnu-tools-for-stm32.7-2018-q2-update.win32_1.4.0.202007081208/tools/bin/../lib/gcc/arm-none-eabi/7.3.1/../../../../arm-none-eabi/lib/thumb/v7e-m/fpv4-sp/hard\libc_nano.a(lib_a-memset.o)
 .ARM.attributes
                0x0000000000000464       0x22 c:/st/stm32cubeide_1.3.0/stm32cubeide/plugins/com.st.stm32cube.ide.mcu.externaltools.gnu-tools-for-stm32.7-2018-q2-update.win32_1.4.0.202007081208/tools/bin/../lib/gcc/arm-none-eabi/7.3.1/thumb/v7e-m/fpv4-sp/hard/crtn.o
OUTPUT(SinESC_Wing_1.0A.elf elf32-littlearm)

.comment        0x0000000000000000       0xfa
 .comment       0x0000000000000000       0x7b Application/User/esc.o
                                         0x7c (size before relaxing)
 .comment       0x000000000000007b       0x7c Application/User/main.o
 .comment       0x000000000000007b       0x7c Application/User/mc_api.o
 .comment       0x000000000000007b       0x7c Application/User/mc_config.o
 .comment       0x000000000000007b       0x7c Application/User/mc_interface.o
 .comment       0x000000000000007b       0x7c Application/User/mc_math.o
 .comment       0x000000000000007b       0x7c Application/User/mc_parameters.o
 .comment       0x000000000000007b       0x7c Application/User/mc_tasks.o
 .comment       0x000000000000007b       0x7c Application/User/motor_control_protocol.o
 .comment       0x000000000000007b       0x7c Application/User/motorcontrol.o
 .comment       0x000000000000007b       0x7c Application/User/regular_conversion_manager.o
 .comment       0x000000000000007b       0x7c Application/User/stm32f30x_mc_it.o
 .comment       0x000000000000007b       0x7c Application/User/stm32f3xx_hal_msp.o
 .comment       0x000000000000007b       0x7c Application/User/ui_task.o
 .comment       0x000000000000007b       0x7c Application/User/user_interface.o
 .comment       0x000000000000007b       0x7f ../../MCSDK_v5.4.4/MotorControl/lib\libmc-gcc_M4_NoCCMRAM.lib(revup_ctrl.o)
                                         0x80 (size before relaxing)
 .comment       0x00000000000000fa       0x80 ../../MCSDK_v5.4.4/MotorControl/lib\libmc-gcc_M4_NoCCMRAM.lib(sto_pll_speed_pos_fdbk.o)

.debug_frame    0x0000000000000000       0x4c
 .debug_frame   0x0000000000000000       0x2c c:/st/stm32cubeide_1.3.0/stm32cubeide/plugins/com.st.stm32cube.ide.mcu.externaltools.gnu-tools-for-stm32.7-2018-q2-update.win32_1.4.0.202007081208/tools/bin/../lib/gcc/arm-none-eabi/7.3.1/../../../../arm-none-eabi/lib/thumb/v7e-m/fpv4-sp/hard\libc_nano.a(lib_a-init.o)
 .debug_frame   0x000000000000002c       0x20 c:/st/stm32cubeide_1.3.0/stm32cubeide/plugins/com.st.stm32cube.ide.mcu.externaltools.gnu-tools-for-stm32.7-2018-q2-update.win32_1.4.0.202007081208/tools/bin/../lib/gcc/arm-none-eabi/7.3.1/../../../../arm-none-eabi/lib/thumb/v7e-m/fpv4-sp/hard\libc_nano.a(lib_a-memset.o)
