stm32f3xx_hal_adc_ex.c:7337:26:ADC_ConversionStop	16	static
stm32f3xx_hal_adc_ex.c:7194:13:ADC_DMAError	0	static
stm32f3xx_hal_adc_ex.c:7176:13:ADC_DMAHalfConvCplt	0	static
stm32f3xx_hal_adc_ex.c:7129:13:ADC_DMAConvCplt	0	static
stm32f3xx_hal_adc_ex.c:7278:26:ADC_Disable	16	static
stm32f3xx_hal_adc_ex.c:7224:26:ADC_Enable	16	static
stm32f3xx_hal_adc_ex.c:234:19:HAL_ADC_Init	24	static
stm32f3xx_hal_adc_ex.c:807:19:HAL_ADC_DeInit	16	static
stm32f3xx_hal_adc_ex.c:1242:19:HAL_ADC_Start	16	static
stm32f3xx_hal_adc_ex.c:1448:19:HAL_ADC_Stop	8	static
stm32f3xx_hal_adc_ex.c:1553:19:HAL_ADC_PollForConversion	24	static
stm32f3xx_hal_adc_ex.c:1856:19:HAL_ADC_PollForEvent	24	static
stm32f3xx_hal_adc_ex.c:2034:19:HAL_ADC_Start_IT	16	static
stm32f3xx_hal_adc_ex.c:2271:19:HAL_ADC_Stop_IT	8	static
stm32f3xx_hal_adc_ex.c:2377:19:HAL_ADC_Start_DMA	24	static
stm32f3xx_hal_adc_ex.c:2648:19:HAL_ADC_Stop_DMA	16	static
stm32f3xx_hal_adc_ex.c:2801:10:HAL_ADC_GetValue	0	static
stm32f3xx_hal_adc_ex.c:3316:19:HAL_ADCEx_Calibration_Start	24	static
stm32f3xx_hal_adc_ex.c:3505:10:HAL_ADCEx_Calibration_GetValue	0	static
stm32f3xx_hal_adc_ex.c:3540:19:HAL_ADCEx_Calibration_SetValue	4	static
stm32f3xx_hal_adc_ex.c:3605:19:HAL_ADCEx_InjectedStart	16	static
stm32f3xx_hal_adc_ex.c:3793:19:HAL_ADCEx_InjectedStop	8	static
stm32f3xx_hal_adc_ex.c:3936:19:HAL_ADCEx_InjectedPollForConversion	24	static
stm32f3xx_hal_adc_ex.c:4163:19:HAL_ADCEx_InjectedStart_IT	16	static
stm32f3xx_hal_adc_ex.c:4383:19:HAL_ADCEx_InjectedStop_IT	8	static
stm32f3xx_hal_adc_ex.c:4543:19:HAL_ADCEx_MultiModeStart_DMA	104	static
stm32f3xx_hal_adc_ex.c:4683:19:HAL_ADCEx_MultiModeStop_DMA	96	static
stm32f3xx_hal_adc_ex.c:4803:10:HAL_ADCEx_MultiModeGetValue	0	static
stm32f3xx_hal_adc_ex.c:4854:10:HAL_ADCEx_InjectedGetValue	0	static
stm32f3xx_hal_adc_ex.c:4968:19:HAL_ADCEx_RegularStop	8	static
stm32f3xx_hal_adc_ex.c:5042:19:HAL_ADCEx_RegularStop_IT	8	static
stm32f3xx_hal_adc_ex.c:5122:19:HAL_ADCEx_RegularStop_DMA	16	static
stm32f3xx_hal_adc_ex.c:5234:19:HAL_ADCEx_RegularMultiModeStop_DMA	96	static
stm32f3xx_hal_adc_ex.c:5379:13:HAL_ADCEx_InjectedConvCpltCallback	0	static
stm32f3xx_hal_adc_ex.c:5402:13:HAL_ADCEx_InjectedQueueOverflowCallback	0	static
stm32f3xx_hal_adc_ex.c:5418:13:HAL_ADCEx_LevelOutOfWindow2Callback	0	static
stm32f3xx_hal_adc_ex.c:5433:13:HAL_ADCEx_LevelOutOfWindow3Callback	0	static
stm32f3xx_hal_adc_ex.c:2859:6:HAL_ADC_IRQHandler	8	static
stm32f3xx_hal_adc_ex.c:5496:19:HAL_ADC_ConfigChannel	24	static
stm32f3xx_hal_adc_ex.c:5962:19:HAL_ADCEx_InjectedConfigChannel	32	static
stm32f3xx_hal_adc_ex.c:6714:19:HAL_ADC_AnalogWDGConfig	16	static
stm32f3xx_hal_adc_ex.c:6999:19:HAL_ADCEx_MultiModeConfigChannel	16	static
