stm32f3xx_hal_spi.c:3933:26:SPI_WaitFifoStateUntilTimeout.constprop	32	static
stm32f3xx_hal_spi.c:4042:26:SPI_EndRxTxTransaction	40	static
stm32f3xx_hal_spi.c:3864:26:SPI_WaitFlagStateUntilTimeout.constprop	24	static
stm32f3xx_hal_spi.c:4042:26:SPI_EndRxTxTransaction.constprop	32	static
stm32f3xx_hal_spi.c:4006:26:SPI_EndRxTransaction.constprop	16	static
stm32f3xx_hal_spi.c:4301:13:SPI_AbortTx_ISR	16	static
stm32f3xx_hal_spi.c:4257:13:SPI_AbortRx_ISR	32	static
stm32f3xx_hal_spi.c:535:13:HAL_SPI_MspInit	0	static
stm32f3xx_hal_spi.c:316:19:HAL_SPI_Init	24	static
stm32f3xx_hal_spi.c:551:13:HAL_SPI_MspDeInit	0	static
stm32f3xx_hal_spi.c:491:19:HAL_SPI_DeInit	8	static
stm32f3xx_hal_spi.c:823:19:HAL_SPI_Transmit	32	static
stm32f3xx_hal_spi.c:1235:19:HAL_SPI_TransmitReceive	32	static
stm32f3xx_hal_spi.c:1008:19:HAL_SPI_Receive	48	static
stm32f3xx_hal_spi.c:1533:19:HAL_SPI_Transmit_IT	12	static
stm32f3xx_hal_spi.c:1725:19:HAL_SPI_TransmitReceive_IT	12	static
stm32f3xx_hal_spi.c:1618:19:HAL_SPI_Receive_IT	12	static
stm32f3xx_hal_spi.c:1834:19:HAL_SPI_Transmit_DMA	24	static
stm32f3xx_hal_spi.c:2113:19:HAL_SPI_TransmitReceive_DMA	16	static
stm32f3xx_hal_spi.c:1959:19:HAL_SPI_Receive_DMA	24	static
stm32f3xx_hal_spi.c:2315:19:HAL_SPI_Abort	24	static
stm32f3xx_hal_spi.c:2636:19:HAL_SPI_DMAPause	0	static
stm32f3xx_hal_spi.c:2656:19:HAL_SPI_DMAResume	0	static
stm32f3xx_hal_spi.c:2676:19:HAL_SPI_DMAStop	16	static
stm32f3xx_hal_spi.c:2823:13:HAL_SPI_TxCpltCallback	0	static
stm32f3xx_hal_spi.c:2839:13:HAL_SPI_RxCpltCallback	0	static
stm32f3xx_hal_spi.c:2855:13:HAL_SPI_TxRxCpltCallback	0	static
stm32f3xx_hal_spi.c:2871:13:HAL_SPI_TxHalfCpltCallback	0	static
stm32f3xx_hal_spi.c:3259:13:SPI_DMAHalfTransmitCplt	8	static
stm32f3xx_hal_spi.c:2887:13:HAL_SPI_RxHalfCpltCallback	0	static
stm32f3xx_hal_spi.c:3277:13:SPI_DMAHalfReceiveCplt	8	static
stm32f3xx_hal_spi.c:2903:13:HAL_SPI_TxRxHalfCpltCallback	0	static
stm32f3xx_hal_spi.c:3295:13:SPI_DMAHalfTransmitReceiveCplt	8	static
stm32f3xx_hal_spi.c:2919:13:HAL_SPI_ErrorCallback	0	static
stm32f3xx_hal_spi.c:3809:13:SPI_TxISR_8BIT	16	static
stm32f3xx_hal_spi.c:3724:13:SPI_RxISR_8BIT	8	static
stm32f3xx_hal_spi.c:3489:13:SPI_2linesRxISR_8BIT	8	static
stm32f3xx_hal_spi.c:3313:13:SPI_DMAError	8	static
stm32f3xx_hal_spi.c:3009:13:SPI_DMATransmitCplt	24	static
stm32f3xx_hal_spi.c:3066:13:SPI_DMAReceiveCplt	16	static
stm32f3xx_hal_spi.c:3170:13:SPI_DMATransmitReceiveCplt	16	static
stm32f3xx_hal_spi.c:2716:6:HAL_SPI_IRQHandler	32	static
stm32f3xx_hal_spi.c:3336:13:SPI_DMAAbortOnError	8	static
stm32f3xx_hal_spi.c:3776:13:SPI_RxISR_16BIT	8	static
stm32f3xx_hal_spi.c:3834:13:SPI_TxISR_16BIT	16	static
stm32f3xx_hal_spi.c:3666:13:SPI_2linesTxISR_16BIT	8	static
stm32f3xx_hal_spi.c:3614:13:SPI_2linesRxISR_16BIT	8	static
stm32f3xx_hal_spi.c:3567:13:SPI_2linesTxISR_8BIT	8	static
stm32f3xx_hal_spi.c:2937:13:HAL_SPI_AbortCpltCallback	0	static
stm32f3xx_hal_spi.c:2475:19:HAL_SPI_Abort_IT	32	static
stm32f3xx_hal_spi.c:3424:13:SPI_DMARxAbortCallback	32	static
stm32f3xx_hal_spi.c:3358:13:SPI_DMATxAbortCallback	32	static
stm32f3xx_hal_spi.c:2972:22:HAL_SPI_GetState	0	static
stm32f3xx_hal_spi.c:2984:10:HAL_SPI_GetError	0	static
