stm32f3xx_hal_tim.c:6822:13:TIM_OC1_SetConfig	16	static
stm32f3xx_hal_tim.c:6975:13:TIM_OC3_SetConfig	16	static
stm32f3xx_hal_tim.c:375:13:HAL_TIM_Base_MspInit	0	static
stm32f3xx_hal_tim.c:273:19:HAL_TIM_Base_Init	16	static
stm32f3xx_hal_tim.c:390:13:HAL_TIM_Base_MspDeInit	0	static
stm32f3xx_hal_tim.c:332:19:HAL_TIM_Base_DeInit	8	static
stm32f3xx_hal_tim.c:406:19:HAL_TIM_Base_Start	0	static
stm32f3xx_hal_tim.c:445:19:HAL_TIM_Base_Stop	0	static
stm32f3xx_hal_tim.c:465:19:HAL_TIM_Base_Start_IT	0	static
stm32f3xx_hal_tim.c:507:19:HAL_TIM_Base_Stop_IT	0	static
stm32f3xx_hal_tim.c:532:19:HAL_TIM_Base_Start_DMA	24	static
stm32f3xx_hal_tim.c:600:19:HAL_TIM_Base_Stop_DMA	8	static
stm32f3xx_hal_tim.c:757:13:HAL_TIM_OC_MspInit	0	static
stm32f3xx_hal_tim.c:655:19:HAL_TIM_OC_Init	16	static
stm32f3xx_hal_tim.c:772:13:HAL_TIM_OC_MspDeInit	0	static
stm32f3xx_hal_tim.c:714:19:HAL_TIM_OC_DeInit	8	static
stm32f3xx_hal_tim.c:796:19:HAL_TIM_OC_Start	4	static
stm32f3xx_hal_tim.c:853:19:HAL_TIM_OC_Stop	12	static
stm32f3xx_hal_tim.c:888:19:HAL_TIM_OC_Start_IT	4	static
stm32f3xx_hal_tim.c:976:19:HAL_TIM_OC_Stop_IT	8	static
stm32f3xx_hal_tim.c:1047:19:HAL_TIM_OC_Start_DMA	16	static
stm32f3xx_hal_tim.c:1201:19:HAL_TIM_OC_Stop_DMA	16	static
stm32f3xx_hal_tim.c:1400:13:HAL_TIM_PWM_MspInit	0	static
stm32f3xx_hal_tim.c:1298:19:HAL_TIM_PWM_Init	16	static
stm32f3xx_hal_tim.c:1415:13:HAL_TIM_PWM_MspDeInit	0	static
stm32f3xx_hal_tim.c:1357:19:HAL_TIM_PWM_DeInit	8	static
stm32f3xx_hal_tim.c:1439:19:HAL_TIM_PWM_Start	4	static
stm32f3xx_hal_tim.c:1496:19:HAL_TIM_PWM_Stop	12	static
stm32f3xx_hal_tim.c:1531:19:HAL_TIM_PWM_Start_IT	4	static
stm32f3xx_hal_tim.c:1618:19:HAL_TIM_PWM_Stop_IT	8	static
stm32f3xx_hal_tim.c:1689:19:HAL_TIM_PWM_Start_DMA	16	static
stm32f3xx_hal_tim.c:1842:19:HAL_TIM_PWM_Stop_DMA	16	static
stm32f3xx_hal_tim.c:2041:13:HAL_TIM_IC_MspInit	0	static
stm32f3xx_hal_tim.c:1939:19:HAL_TIM_IC_Init	16	static
stm32f3xx_hal_tim.c:2056:13:HAL_TIM_IC_MspDeInit	0	static
stm32f3xx_hal_tim.c:1998:19:HAL_TIM_IC_DeInit	8	static
stm32f3xx_hal_tim.c:2077:19:HAL_TIM_IC_Start	4	static
stm32f3xx_hal_tim.c:2129:19:HAL_TIM_IC_Stop	8	static
stm32f3xx_hal_tim.c:2159:19:HAL_TIM_IC_Start_IT	4	static
stm32f3xx_hal_tim.c:2244:19:HAL_TIM_IC_Stop_IT	8	static
stm32f3xx_hal_tim.c:2310:19:HAL_TIM_IC_Start_DMA	16	static
stm32f3xx_hal_tim.c:2462:19:HAL_TIM_IC_Stop_DMA	16	static
stm32f3xx_hal_tim.c:2674:13:HAL_TIM_OnePulse_MspInit	0	static
stm32f3xx_hal_tim.c:2561:19:HAL_TIM_OnePulse_Init	16	static
stm32f3xx_hal_tim.c:2689:13:HAL_TIM_OnePulse_MspDeInit	0	static
stm32f3xx_hal_tim.c:2629:19:HAL_TIM_OnePulse_DeInit	8	static
stm32f3xx_hal_tim.c:2708:19:HAL_TIM_OnePulse_Start	8	static
stm32f3xx_hal_tim.c:2764:19:HAL_TIM_OnePulse_Stop	0	static
stm32f3xx_hal_tim.c:2806:19:HAL_TIM_OnePulse_Start_IT	8	static
stm32f3xx_hal_tim.c:2868:19:HAL_TIM_OnePulse_Stop_IT	0	static
stm32f3xx_hal_tim.c:3106:13:HAL_TIM_Encoder_MspInit	0	static
stm32f3xx_hal_tim.c:2947:19:HAL_TIM_Encoder_Init	24	static
stm32f3xx_hal_tim.c:3121:13:HAL_TIM_Encoder_MspDeInit	0	static
stm32f3xx_hal_tim.c:3061:19:HAL_TIM_Encoder_DeInit	8	static
stm32f3xx_hal_tim.c:3141:19:HAL_TIM_Encoder_Start	8	static
stm32f3xx_hal_tim.c:3235:19:HAL_TIM_Encoder_Stop	4	static
stm32f3xx_hal_tim.c:3295:19:HAL_TIM_Encoder_Start_IT	8	static
stm32f3xx_hal_tim.c:3395:19:HAL_TIM_Encoder_Stop_IT	4	static
stm32f3xx_hal_tim.c:3460:19:HAL_TIM_Encoder_Start_DMA	32	static
stm32f3xx_hal_tim.c:3668:19:HAL_TIM_Encoder_Stop_DMA	16	static
stm32f3xx_hal_tim.c:4078:19:HAL_TIM_IC_ConfigChannel	16	static
stm32f3xx_hal_tim.c:4467:19:HAL_TIM_DMABurst_WriteStart	24	static
stm32f3xx_hal_tim.c:4518:19:HAL_TIM_DMABurst_MultiWriteStart	24	static
stm32f3xx_hal_tim.c:4695:19:HAL_TIM_DMABurst_WriteStop	16	static
stm32f3xx_hal_tim.c:4795:19:HAL_TIM_DMABurst_ReadStart	24	static
stm32f3xx_hal_tim.c:4846:19:HAL_TIM_DMABurst_MultiReadStart	24	static
stm32f3xx_hal_tim.c:5024:19:HAL_TIM_DMABurst_ReadStop	16	static
stm32f3xx_hal_tim.c:5102:19:HAL_TIM_GenerateEvent	8	static
stm32f3xx_hal_tim.c:5142:19:HAL_TIM_ConfigOCrefClear	12	static
stm32f3xx_hal_tim.c:5315:19:HAL_TIM_ConfigClockSource	16	static
stm32f3xx_hal_tim.c:5467:19:HAL_TIM_ConfigTI1Input	0	static
stm32f3xx_hal_tim.c:5499:19:HAL_TIM_SlaveConfigSynchro	16	static
stm32f3xx_hal_tim.c:5539:19:HAL_TIM_SlaveConfigSynchro_IT	16	static
stm32f3xx_hal_tim.c:5582:10:HAL_TIM_ReadCapturedValue	0	static
stm32f3xx_hal_tim.c:5666:13:HAL_TIM_PeriodElapsedCallback	0	static
stm32f3xx_hal_tim.c:6699:13:TIM_DMAPeriodElapsedCplt	8	static
stm32f3xx_hal_tim.c:5681:13:HAL_TIM_PeriodElapsedHalfCpltCallback	0	static
stm32f3xx_hal_tim.c:6720:13:TIM_DMAPeriodElapsedHalfCplt	8	static
stm32f3xx_hal_tim.c:5696:13:HAL_TIM_OC_DelayElapsedCallback	0	static
stm32f3xx_hal_tim.c:5711:13:HAL_TIM_IC_CaptureCallback	0	static
stm32f3xx_hal_tim.c:6597:6:TIM_DMACaptureCplt	8	static
stm32f3xx_hal_tim.c:5726:13:HAL_TIM_IC_CaptureHalfCpltCallback	0	static
stm32f3xx_hal_tim.c:6660:6:TIM_DMACaptureHalfCplt	8	static
stm32f3xx_hal_tim.c:5741:13:HAL_TIM_PWM_PulseFinishedCallback	0	static
stm32f3xx_hal_tim.c:6499:13:TIM_DMADelayPulseCplt	8	static
stm32f3xx_hal_tim.c:5756:13:HAL_TIM_PWM_PulseFinishedHalfCpltCallback	0	static
stm32f3xx_hal_tim.c:6558:6:TIM_DMADelayPulseHalfCplt	8	static
stm32f3xx_hal_tim.c:5771:13:HAL_TIM_TriggerCallback	0	static
stm32f3xx_hal_tim.c:3745:6:HAL_TIM_IRQHandler	8	static
stm32f3xx_hal_tim.c:6736:13:TIM_DMATriggerCplt	8	static
stm32f3xx_hal_tim.c:5786:13:HAL_TIM_TriggerHalfCpltCallback	0	static
stm32f3xx_hal_tim.c:6757:13:TIM_DMATriggerHalfCplt	8	static
stm32f3xx_hal_tim.c:5801:13:HAL_TIM_ErrorCallback	0	static
stm32f3xx_hal_tim.c:6456:6:TIM_DMAError	8	static
stm32f3xx_hal_tim.c:6336:22:HAL_TIM_Base_GetState	0	static
stm32f3xx_hal_tim.c:6346:22:HAL_TIM_OC_GetState	0	static
stm32f3xx_hal_tim.c:6356:22:HAL_TIM_PWM_GetState	0	static
stm32f3xx_hal_tim.c:6366:22:HAL_TIM_IC_GetState	0	static
stm32f3xx_hal_tim.c:6376:22:HAL_TIM_OnePulse_GetState	0	static
stm32f3xx_hal_tim.c:6386:22:HAL_TIM_Encoder_GetState	0	static
stm32f3xx_hal_tim.c:6396:23:HAL_TIM_GetActiveChannel	0	static
stm32f3xx_hal_tim.c:6414:29:HAL_TIM_GetChannelState	0	static
stm32f3xx_hal_tim.c:6431:30:HAL_TIM_DMABurstState	0	static
stm32f3xx_hal_tim.c:6774:6:TIM_Base_SetConfig	12	static
stm32f3xx_hal_tim.c:6897:6:TIM_OC2_SetConfig	16	static
stm32f3xx_hal_tim.c:3978:19:HAL_TIM_OC_ConfigChannel	24	static
stm32f3xx_hal_tim.c:4174:19:HAL_TIM_PWM_ConfigChannel	24	static
stm32f3xx_hal_tim.c:4323:19:HAL_TIM_OnePulse_ConfigChannel	56	static
stm32f3xx_hal_tim.c:7355:6:TIM_TI1_SetConfig	12	static
stm32f3xx_hal_tim.c:7649:6:TIM_ETR_SetConfig	4	static
stm32f3xx_hal_tim.c:7681:6:TIM_CCxChannelCmd	4	static
