stm32f3xx_hal_uart.c:3709:13:UART_TxISR_8BIT	0	static
stm32f3xx_hal_uart.c:3738:13:UART_TxISR_16BIT	0	static
stm32f3xx_hal_uart.c:651:13:HAL_UART_MspInit	0	static
stm32f3xx_hal_uart.c:666:13:HAL_UART_MspDeInit	0	static
stm32f3xx_hal_uart.c:605:19:HAL_UART_DeInit	16	static
stm32f3xx_hal_uart.c:1163:19:HAL_UART_Receive	32	static
stm32f3xx_hal_uart.c:1249:19:HAL_UART_Transmit_IT	8	static
stm32f3xx_hal_uart.c:1302:19:HAL_UART_Receive_IT	8	static
stm32f3xx_hal_uart.c:1342:19:HAL_UART_Transmit_DMA	24	static
stm32f3xx_hal_uart.c:1418:19:HAL_UART_Receive_DMA	24	static
stm32f3xx_hal_uart.c:1453:19:HAL_UART_DMAPause	4	static
stm32f3xx_hal_uart.c:1487:19:HAL_UART_DMAResume	0	static
stm32f3xx_hal_uart.c:1519:19:HAL_UART_DMAStop	16	static
stm32f3xx_hal_uart.c:1594:19:HAL_UART_Abort	16	static
stm32f3xx_hal_uart.c:1689:19:HAL_UART_AbortTransmit	8	static
stm32f3xx_hal_uart.c:1741:19:HAL_UART_AbortReceive	16	static
stm32f3xx_hal_uart.c:2421:13:HAL_UART_TxCpltCallback	0	static
stm32f3xx_hal_uart.c:3340:13:UART_DMATransmitCplt	8	static
stm32f3xx_hal_uart.c:2436:13:HAL_UART_TxHalfCpltCallback	0	static
stm32f3xx_hal_uart.c:3374:13:UART_DMATxHalfCplt	8	static
stm32f3xx_hal_uart.c:2451:13:HAL_UART_RxCpltCallback	0	static
stm32f3xx_hal_uart.c:2466:13:HAL_UART_RxHalfCpltCallback	0	static
stm32f3xx_hal_uart.c:2481:13:HAL_UART_ErrorCallback	0	static
stm32f3xx_hal_uart.c:3483:13:UART_DMAError	8	static
stm32f3xx_hal_uart.c:3523:13:UART_DMAAbortOnError	8	static
stm32f3xx_hal_uart.c:2496:13:HAL_UART_AbortCpltCallback	0	static
stm32f3xx_hal_uart.c:1808:19:HAL_UART_Abort_IT	16	static
stm32f3xx_hal_uart.c:3596:13:UART_DMARxAbortCallback	8	static
stm32f3xx_hal_uart.c:3546:13:UART_DMATxAbortCallback	8	static
stm32f3xx_hal_uart.c:2511:13:HAL_UART_AbortTransmitCpltCallback	0	static
stm32f3xx_hal_uart.c:1954:19:HAL_UART_AbortTransmit_IT	8	static
stm32f3xx_hal_uart.c:3648:13:UART_DMATxOnlyAbortCallback	8	static
stm32f3xx_hal_uart.c:2526:13:HAL_UART_AbortReceiveCpltCallback	0	static
stm32f3xx_hal_uart.c:2038:19:HAL_UART_AbortReceive_IT	16	static
stm32f3xx_hal_uart.c:3676:13:UART_DMARxOnlyAbortCallback	8	static
stm32f3xx_hal_uart.c:2543:13:HAL_UARTEx_RxEventCallback	0	static
stm32f3xx_hal_uart.c:2130:6:HAL_UART_IRQHandler	16	static
stm32f3xx_hal_uart.c:3795:13:UART_RxISR_8BIT	16	static
stm32f3xx_hal_uart.c:3865:13:UART_RxISR_16BIT	16	static
stm32f3xx_hal_uart.c:3449:13:UART_DMARxHalfCplt	8	static
stm32f3xx_hal_uart.c:3392:13:UART_DMAReceiveCplt	8	static
stm32f3xx_hal_uart.c:2591:6:HAL_UART_ReceiverTimeout_Config	0	static
stm32f3xx_hal_uart.c:2603:19:HAL_UART_EnableReceiverTimeout	4	static
stm32f3xx_hal_uart.c:2634:19:HAL_UART_DisableReceiverTimeout	4	static
stm32f3xx_hal_uart.c:2705:6:HAL_MultiProcessor_EnterMuteMode	0	static
stm32f3xx_hal_uart.c:2715:19:HAL_HalfDuplex_EnableTransmitter	8	static
stm32f3xx_hal_uart.c:2738:19:HAL_HalfDuplex_EnableReceiver	8	static
stm32f3xx_hal_uart.c:2762:19:HAL_LIN_SendBreak	4	static
stm32f3xx_hal_uart.c:2807:23:HAL_UART_GetState	0	static
stm32f3xx_hal_uart.c:2823:10:HAL_UART_GetError	0	static
stm32f3xx_hal_uart.c:2867:19:UART_SetConfig	16	static
stm32f3xx_hal_uart.c:3011:6:UART_AdvFeatureConfig	4	static
stm32f3xx_hal_uart.c:3085:19:UART_CheckIdleState	16	static
stm32f3xx_hal_uart.c:288:19:HAL_UART_Init	16	static
stm32f3xx_hal_uart.c:361:19:HAL_HalfDuplex_Init	16	static
stm32f3xx_hal_uart.c:434:19:HAL_LIN_Init	16	static
stm32f3xx_hal_uart.c:531:19:HAL_MultiProcessor_Init	24	static
stm32f3xx_hal_uart.c:2665:19:HAL_MultiProcessor_EnableMuteMode	4	static
stm32f3xx_hal_uart.c:2685:19:HAL_MultiProcessor_DisableMuteMode	4	static
stm32f3xx_hal_uart.c:3136:19:UART_WaitOnFlagUntilTimeout	32	static
stm32f3xx_hal_uart.c:1078:19:HAL_UART_Transmit	40	static
stm32f3xx_hal_uart.c:3198:19:UART_Start_Receive_IT	4	static
stm32f3xx_hal_uart.c:3242:19:UART_Start_Receive_DMA	24	static
