stm32f3xx_ll_tim.h:1352:22:LL_TIM_EnableCounter	16	static
stm32f3xx_ll_tim.h:1663:22:LL_TIM_SetAutoReload	16	static
stm32f3xx_ll_tim.h:1857:22:LL_TIM_CC_EnableChannel	16	static
stm32f3xx_ll_tim.h:1887:22:LL_TIM_CC_DisableChannel	16	static
stm32f3xx_ll_tim.h:2718:26:LL_TIM_OC_GetCompareCH2	16	static
stm32f3xx_ll_tim.h:4008:22:LL_TIM_ClearFlag_CC1	16	static
stm32f3xx_ll_tim.h:4362:22:LL_TIM_EnableIT_CC1	16	static
esc.c:57:6:esc_boot	24	static
esc.c:73:6:esc_pwm_stop	16	static
esc.c:81:13:esc_pwm_run	32	static
esc.c:238:6:esc_pwm_control	24	static
esc.c:282:17:esc_capture_filter	32	static
esc.c:567:13:esc_reset_pwm_ch	24	static
esc.c:589:6:TIM2_IRQHandler	8	static
