main.c:124:5:main	8	static
main.c:220:6:SystemClock_Config	128	static
main.c:266:13:MX_NVIC_Init	8	static
main.c:290:13:MX_ADC1_Init	88	static
main.c:388:13:MX_ADC3_Init	48	static
main.c:451:13:MX_CAN_Init	8	static
main.c:488:13:MX_COMP2_Init	8	static
main.c:523:13:MX_COMP4_Init	8	static
main.c:558:13:MX_COMP6_Init	8	static
main.c:593:13:MX_DAC_Init	24	static
main.c:631:13:MX_SPI1_Init	8	static
main.c:671:13:MX_TIM1_Init	112	static
main.c:767:13:MX_TIM2_Init	56	static
main.c:834:13:MX_USART1_UART_Init	8	static
main.c:869:13:MX_GPIO_Init	40	static
main.c:915:6:SPIread	32	static
main.c:926:6:SPIwrite	40	static
main.c:938:6:configureDriver	8	static
main.c:944:6:resetDriver	8	static
main.c:956:6:Error_Handler	4	static
