stm32f3xx_ll_adc.h:3406:22:LL_ADC_REG_SetSequencerLength	16	static
stm32f3xx_ll_adc.h:3610:22:LL_ADC_REG_SetSequencerRanks	32	static,ignoring_inline_asm
stm32f3xx_ll_adc.h:4814:22:LL_ADC_SetChannelSamplingTime	48	static,ignoring_inline_asm
stm32f3xx_ll_adc.h:5826:22:LL_ADC_Enable	16	static
stm32f3xx_ll_adc.h:5865:26:LL_ADC_IsEnabled	16	static
stm32f3xx_ll_adc.h:5904:22:LL_ADC_StartCalibration	16	static
stm32f3xx_ll_adc.h:5920:26:LL_ADC_IsCalibrationOnGoing	16	static
stm32f3xx_ll_adc.h:5951:22:LL_ADC_REG_StartConversion	16	static
stm32f3xx_ll_adc.h:6027:26:LL_ADC_REG_ReadConversionData12	16	static
stm32f3xx_ll_adc.h:6348:26:LL_ADC_IsActiveFlag_EOC	16	static
stm32f3xx_ll_adc.h:6472:22:LL_ADC_ClearFlag_EOC	16	static
stm32f3xx_ll_adc.h:6516:22:LL_ADC_ClearFlag_JEOC	16	static
stm32f3xx_ll_adc.h:6988:22:LL_ADC_DisableIT_EOC	16	static
stm32f3xx_ll_adc.h:7032:22:LL_ADC_DisableIT_JEOC	16	static
regular_conversion_manager.c:146:9:RCM_RegisterRegConv_WithCB	32	static
regular_conversion_manager.c:179:9:RCM_RegisterRegConv	24	static
regular_conversion_manager.c:244:10:RCM_ExecRegularConv	24	static
regular_conversion_manager.c:274:6:RCM_RequestUserConv	24	static
regular_conversion_manager.c:295:10:RCM_GetUserConv	16	static
regular_conversion_manager.c:313:6:RCM_ExecUserConv	16	static
regular_conversion_manager.c:338:21:RCM_GetUserConvState	4	static
