stm32f3xx_hal_spi.c:4172:13:SPI_AbortRx_ISR	24	static
stm32f3xx_hal_spi.c:3957:26:SPI_EndRxTxTransaction	16	static
stm32f3xx_hal_spi.c:3957:26:SPI_EndRxTxTransaction.constprop	16	static
stm32f3xx_hal_spi.c:4216:13:SPI_AbortTx_ISR	24	static
stm32f3xx_hal_spi.c:505:13:HAL_SPI_MspInit	0	static
stm32f3xx_hal_spi.c:316:19:HAL_SPI_Init	32	static
stm32f3xx_hal_spi.c:521:13:HAL_SPI_MspDeInit	0	static
stm32f3xx_hal_spi.c:461:19:HAL_SPI_DeInit	8	static
stm32f3xx_hal_spi.c:793:19:HAL_SPI_Transmit	32	static
stm32f3xx_hal_spi.c:976:19:HAL_SPI_Receive	24	static
stm32f3xx_hal_spi.c:1201:19:HAL_SPI_TransmitReceive	24	static
stm32f3xx_hal_spi.c:1499:19:HAL_SPI_Transmit_IT	12	static
stm32f3xx_hal_spi.c:1582:19:HAL_SPI_Receive_IT	8	static
stm32f3xx_hal_spi.c:1687:19:HAL_SPI_TransmitReceive_IT	8	static
stm32f3xx_hal_spi.c:1796:19:HAL_SPI_Transmit_DMA	16	static
stm32f3xx_hal_spi.c:1919:19:HAL_SPI_Receive_DMA	24	static
stm32f3xx_hal_spi.c:2071:19:HAL_SPI_TransmitReceive_DMA	16	static
stm32f3xx_hal_spi.c:2273:19:HAL_SPI_Abort	32	static
stm32f3xx_hal_spi.c:2594:19:HAL_SPI_DMAPause	0	static
stm32f3xx_hal_spi.c:2614:19:HAL_SPI_DMAResume	0	static
stm32f3xx_hal_spi.c:2634:19:HAL_SPI_DMAStop	16	static
stm32f3xx_hal_spi.c:2781:13:HAL_SPI_TxCpltCallback	0	static
stm32f3xx_hal_spi.c:2797:13:HAL_SPI_RxCpltCallback	0	static
stm32f3xx_hal_spi.c:2813:13:HAL_SPI_TxRxCpltCallback	0	static
stm32f3xx_hal_spi.c:2829:13:HAL_SPI_TxHalfCpltCallback	0	static
stm32f3xx_hal_spi.c:3208:13:SPI_DMAHalfTransmitCplt	8	static
stm32f3xx_hal_spi.c:2845:13:HAL_SPI_RxHalfCpltCallback	0	static
stm32f3xx_hal_spi.c:3226:13:SPI_DMAHalfReceiveCplt	8	static
stm32f3xx_hal_spi.c:2861:13:HAL_SPI_TxRxHalfCpltCallback	0	static
stm32f3xx_hal_spi.c:3244:13:SPI_DMAHalfTransmitReceiveCplt	8	static
stm32f3xx_hal_spi.c:2877:13:HAL_SPI_ErrorCallback	0	static
stm32f3xx_hal_spi.c:3758:13:SPI_TxISR_8BIT	16	static
stm32f3xx_hal_spi.c:3673:13:SPI_RxISR_8BIT	16	static
stm32f3xx_hal_spi.c:3438:13:SPI_2linesRxISR_8BIT	8	static
stm32f3xx_hal_spi.c:3262:13:SPI_DMAError	8	static
stm32f3xx_hal_spi.c:2967:13:SPI_DMATransmitCplt	24	static
stm32f3xx_hal_spi.c:3024:13:SPI_DMAReceiveCplt	16	static
stm32f3xx_hal_spi.c:3119:13:SPI_DMATransmitReceiveCplt	16	static
stm32f3xx_hal_spi.c:2674:6:HAL_SPI_IRQHandler	32	static
stm32f3xx_hal_spi.c:3285:13:SPI_DMAAbortOnError	8	static
stm32f3xx_hal_spi.c:3725:13:SPI_RxISR_16BIT	16	static
stm32f3xx_hal_spi.c:3783:13:SPI_TxISR_16BIT	16	static
stm32f3xx_hal_spi.c:3563:13:SPI_2linesRxISR_16BIT	8	static
stm32f3xx_hal_spi.c:3615:13:SPI_2linesTxISR_16BIT	8	static
stm32f3xx_hal_spi.c:3516:13:SPI_2linesTxISR_8BIT	8	static
stm32f3xx_hal_spi.c:2895:13:HAL_SPI_AbortCpltCallback	0	static
stm32f3xx_hal_spi.c:2433:19:HAL_SPI_Abort_IT	32	static
stm32f3xx_hal_spi.c:3373:13:SPI_DMARxAbortCallback	24	static
stm32f3xx_hal_spi.c:3307:13:SPI_DMATxAbortCallback	24	static
stm32f3xx_hal_spi.c:2930:22:HAL_SPI_GetState	0	static
stm32f3xx_hal_spi.c:2942:10:HAL_SPI_GetError	0	static
