stm32f3xx_hal_tim_ex.c:260:13:HAL_TIMEx_HallSensor_MspInit	0	static
stm32f3xx_hal_tim_ex.c:132:19:HAL_TIMEx_HallSensor_Init	48	static
stm32f3xx_hal_tim_ex.c:275:13:HAL_TIMEx_HallSensor_MspDeInit	0	static
stm32f3xx_hal_tim_ex.c:224:19:HAL_TIMEx_HallSensor_DeInit	8	static
stm32f3xx_hal_tim_ex.c:290:19:HAL_TIMEx_HallSensor_Start	8	static
stm32f3xx_hal_tim_ex.c:317:19:HAL_TIMEx_HallSensor_Stop	8	static
stm32f3xx_hal_tim_ex.c:338:19:HAL_TIMEx_HallSensor_Start_IT	8	static
stm32f3xx_hal_tim_ex.c:368:19:HAL_TIMEx_HallSensor_Stop_IT	8	static
stm32f3xx_hal_tim_ex.c:394:19:HAL_TIMEx_HallSensor_Start_DMA	24	static
stm32f3xx_hal_tim_ex.c:454:19:HAL_TIMEx_HallSensor_Stop_DMA	8	static
stm32f3xx_hal_tim_ex.c:510:19:HAL_TIMEx_OCN_Start	4	static
stm32f3xx_hal_tim_ex.c:545:19:HAL_TIMEx_OCN_Stop	0	static
stm32f3xx_hal_tim_ex.c:574:19:HAL_TIMEx_OCN_Start_IT	4	static
stm32f3xx_hal_tim_ex.c:640:19:HAL_TIMEx_OCN_Stop_IT	0	static
stm32f3xx_hal_tim_ex.c:706:19:HAL_TIMEx_OCN_Start_DMA	24	static
stm32f3xx_hal_tim_ex.c:824:19:HAL_TIMEx_OCN_Stop_DMA	16	static
stm32f3xx_hal_tim_ex.c:919:19:HAL_TIMEx_PWMN_Start	4	static
stm32f3xx_hal_tim_ex.c:953:19:HAL_TIMEx_PWMN_Stop	0	static
stm32f3xx_hal_tim_ex.c:982:19:HAL_TIMEx_PWMN_Start_IT	4	static
stm32f3xx_hal_tim_ex.c:1047:19:HAL_TIMEx_PWMN_Stop_IT	0	static
stm32f3xx_hal_tim_ex.c:1114:19:HAL_TIMEx_PWMN_Start_DMA	24	static
stm32f3xx_hal_tim_ex.c:1231:19:HAL_TIMEx_PWMN_Stop_DMA	16	static
stm32f3xx_hal_tim_ex.c:1314:19:HAL_TIMEx_OnePulseN_Start	0	static
stm32f3xx_hal_tim_ex.c:1339:19:HAL_TIMEx_OnePulseN_Stop	0	static
stm32f3xx_hal_tim_ex.c:1368:19:HAL_TIMEx_OnePulseN_Start_IT	0	static
stm32f3xx_hal_tim_ex.c:1399:19:HAL_TIMEx_OnePulseN_Stop_IT	0	static
stm32f3xx_hal_tim_ex.c:1470:19:HAL_TIMEx_ConfigCommutEvent	4	static
stm32f3xx_hal_tim_ex.c:1526:19:HAL_TIMEx_ConfigCommutEvent_IT	4	static
stm32f3xx_hal_tim_ex.c:1583:19:HAL_TIMEx_ConfigCommutEvent_DMA	12	static
stm32f3xx_hal_tim_ex.c:1632:19:HAL_TIMEx_MasterConfigSynchronization	16	static
stm32f3xx_hal_tim_ex.c:1707:19:HAL_TIMEx_ConfigBreakDeadTime	8	static
stm32f3xx_hal_tim_ex.c:1852:19:HAL_TIMEx_RemapConfig	0	static
stm32f3xx_hal_tim_ex.c:1879:19:HAL_TIMEx_GroupChannel5	8	static
stm32f3xx_hal_tim_ex.c:1930:13:HAL_TIMEx_CommutCallback	0	static
stm32f3xx_hal_tim_ex.c:2032:6:TIMEx_DMACommutationCplt	8	static
stm32f3xx_hal_tim_ex.c:1944:13:HAL_TIMEx_CommutHalfCpltCallback	0	static
stm32f3xx_hal_tim_ex.c:2051:6:TIMEx_DMACommutationHalfCplt	8	static
stm32f3xx_hal_tim_ex.c:1959:13:HAL_TIMEx_BreakCallback	0	static
stm32f3xx_hal_tim_ex.c:1975:13:HAL_TIMEx_Break2Callback	0	static
stm32f3xx_hal_tim_ex.c:2009:22:HAL_TIMEx_HallSensor_GetState	0	static
