Archive member included to satisfy reference by file (symbol)

../../MCSDK_v5.4.5/MotorControl/lib\libmc-gcc_M4_NoCCMRAM.lib(revup_ctrl.o)
                              Application/User/mc_tasks.o (RUC_Init)
../../MCSDK_v5.4.5/MotorControl/lib\libmc-gcc_M4_NoCCMRAM.lib(sto_pll_speed_pos_fdbk.o)
                              Application/User/mc_tasks.o (STO_PLL_CalcElAngle)
c:/st/stm32cubeide_1.3.0/stm32cubeide/plugins/com.st.stm32cube.ide.mcu.externaltools.gnu-tools-for-stm32.9-2020-q2-update.win32_1.5.0.202011040924/tools/bin/../lib/gcc/arm-none-eabi/9.3.1/../../../../arm-none-eabi/lib/thumb/v7e-m+fp/hard\libc_nano.a(lib_a-errno.o)
                              Application/User/syscalls.o (__errno)
c:/st/stm32cubeide_1.3.0/stm32cubeide/plugins/com.st.stm32cube.ide.mcu.externaltools.gnu-tools-for-stm32.9-2020-q2-update.win32_1.5.0.202011040924/tools/bin/../lib/gcc/arm-none-eabi/9.3.1/../../../../arm-none-eabi/lib/thumb/v7e-m+fp/hard\libc_nano.a(lib_a-exit.o)
                              c:/st/stm32cubeide_1.3.0/stm32cubeide/plugins/com.st.stm32cube.ide.mcu.externaltools.gnu-tools-for-stm32.9-2020-q2-update.win32_1.5.0.202011040924/tools/bin/../lib/gcc/arm-none-eabi/9.3.1/../../../../arm-none-eabi/lib/thumb/v7e-m+fp/hard/crt0.o (exit)
c:/st/stm32cubeide_1.3.0/stm32cubeide/plugins/com.st.stm32cube.ide.mcu.externaltools.gnu-tools-for-stm32.9-2020-q2-update.win32_1.5.0.202011040924/tools/bin/../lib/gcc/arm-none-eabi/9.3.1/../../../../arm-none-eabi/lib/thumb/v7e-m+fp/hard\libc_nano.a(lib_a-impure.o)
                              c:/st/stm32cubeide_1.3.0/stm32cubeide/plugins/com.st.stm32cube.ide.mcu.externaltools.gnu-tools-for-stm32.9-2020-q2-update.win32_1.5.0.202011040924/tools/bin/../lib/gcc/arm-none-eabi/9.3.1/../../../../arm-none-eabi/lib/thumb/v7e-m+fp/hard\libc_nano.a(lib_a-exit.o) (_global_impure_ptr)
c:/st/stm32cubeide_1.3.0/stm32cubeide/plugins/com.st.stm32cube.ide.mcu.externaltools.gnu-tools-for-stm32.9-2020-q2-update.win32_1.5.0.202011040924/tools/bin/../lib/gcc/arm-none-eabi/9.3.1/../../../../arm-none-eabi/lib/thumb/v7e-m+fp/hard\libc_nano.a(lib_a-init.o)
                              c:/st/stm32cubeide_1.3.0/stm32cubeide/plugins/com.st.stm32cube.ide.mcu.externaltools.gnu-tools-for-stm32.9-2020-q2-update.win32_1.5.0.202011040924/tools/bin/../lib/gcc/arm-none-eabi/9.3.1/../../../../arm-none-eabi/lib/thumb/v7e-m+fp/hard/crt0.o (__libc_init_array)
c:/st/stm32cubeide_1.3.0/stm32cubeide/plugins/com.st.stm32cube.ide.mcu.externaltools.gnu-tools-for-stm32.9-2020-q2-update.win32_1.5.0.202011040924/tools/bin/../lib/gcc/arm-none-eabi/9.3.1/../../../../arm-none-eabi/lib/thumb/v7e-m+fp/hard\libc_nano.a(lib_a-memset.o)
                              c:/st/stm32cubeide_1.3.0/stm32cubeide/plugins/com.st.stm32cube.ide.mcu.externaltools.gnu-tools-for-stm32.9-2020-q2-update.win32_1.5.0.202011040924/tools/bin/../lib/gcc/arm-none-eabi/9.3.1/../../../../arm-none-eabi/lib/thumb/v7e-m+fp/hard/crt0.o (memset)

Allocating common symbols
Common symbol       size              file

pOCPDisabling       0x4               Application/User/mc_tasks.o
pTemperatureSensor  0x4               Application/User/mc_tasks.o
pwmcHandle          0x4               Application/User/mc_tasks.o
pPIDSpeed           0x4               Application/User/mc_tasks.o
pPIDIq              0x4               Application/User/mc_tasks.o
oMCInterface        0x4               Application/User/mc_tasks.o
SPIRxBuf            0x5               Application/User/main.o
pR_Brake            0x4               Application/User/mc_tasks.o
FOCVars             0x26              Application/User/mc_tasks.o
MCT                 0x54              Application/User/mc_tasks.o
uwTick              0x4               Drivers/STM32F3xx_HAL_Driver/stm32f3xx_hal.o
pCLM                0x4               Application/User/mc_tasks.o
pFlash              0x20              Drivers/STM32F3xx_HAL_Driver/stm32f3xx_hal_flash.o
RCM_UserConvHandle  0x1               Application/User/regular_conversion_manager.o
pMCI                0x4               Application/User/motorcontrol.o
pBusSensorM1        0x4               Application/User/mc_tasks.o
Mci                 0x1c              Application/User/mc_tasks.o
RCM_CB_array        0x20              Application/User/regular_conversion_manager.o
hadc1               0x50              Application/User/main.o
STM                 0x6               Application/User/mc_tasks.o
huart1              0x84              Application/User/main.o
RCM_UserConvState   0x1               Application/User/regular_conversion_manager.o
pREMNG              0x4               Application/User/mc_tasks.o
RCM_handle_array    0x10              Application/User/regular_conversion_manager.o
pMPM                0x4               Application/User/mc_tasks.o
htim1               0x4c              Application/User/main.o
RCM_UserConvValue   0x2               Application/User/regular_conversion_manager.o
hspi1               0x64              Application/User/main.o
[...]
Memory Configuration

Name             Origin             Length             Attributes
CCMRAM           0x0000000010000000 0x0000000000002000 xrw
RAM              0x0000000020000000 0x0000000000008000 xrw
FLASH            0x0000000008000000 0x0000000000020000 xr
*default*        0x0000000000000000 0xffffffffffffffff

Linker script and memory map

LOAD c:/st/stm32cubeide_1.3.0/stm32cubeide/plugins/com.st.stm32cube.ide.mcu.externaltools.gnu-tools-for-stm32.9-2020-q2-update.win32_1.5.0.202011040924/tools/bin/../lib/gcc/arm-none-eabi/9.3.1/thumb/v7e-m+fp/hard/crti.o
LOAD c:/st/stm32cubeide_1.3.0/stm32cubeide/plugins/com.st.stm32cube.ide.mcu.externaltools.gnu-tools-for-stm32.9-2020-q2-update.win32_1.5.0.202011040924/tools/bin/../lib/gcc/arm-none-eabi/9.3.1/thumb/v7e-m+fp/hard/crtbegin.o
LOAD c:/st/stm32cubeide_1.3.0/stm32cubeide/plugins/com.st.stm32cube.ide.mcu.externaltools.gnu-tools-for-stm32.9-2020-q2-update.win32_1.5.0.202011040924/tools/bin/../lib/gcc/arm-none-eabi/9.3.1/../../../../arm-none-eabi/lib/thumb/v7e-m+fp/hard/crt0.o
LOAD Application/Startup/startup_stm32f303cbtx.o
LOAD Application/User/main.o
LOAD Application/User/mc_api.o
LOAD Application/User/mc_config.o
LOAD Application/User/mc_interface.o
LOAD Application/User/mc_math.o
LOAD Application/User/mc_parameters.o
LOAD Application/User/mc_tasks.o
LOAD Application/User/motor_control_protocol.o
LOAD Application/User/motorcontrol.o
LOAD Application/User/regular_conversion_manager.o
LOAD Application/User/stm32f30x_mc_it.o
LOAD Application/User/stm32f3xx_hal_msp.o
LOAD Application/User/stm32f3xx_it.o
LOAD Application/User/syscalls.o
LOAD Application/User/sysmem.o
LOAD Application/User/ui_task.o
LOAD Application/User/user_interface.o
LOAD Drivers/CMSIS/system_stm32f3xx.o
LOAD Drivers/STM32F3xx_HAL_Driver/stm32f3xx_hal.o
LOAD Drivers/STM32F3xx_HAL_Driver/stm32f3xx_hal_adc.o
LOAD Drivers/STM32F3xx_HAL_Driver/stm32f3xx_hal_adc_ex.o
LOAD Drivers/STM32F3xx_HAL_Driver/stm32f3xx_hal_cortex.o
LOAD Drivers/STM32F3xx_HAL_Driver/stm32f3xx_hal_dma.o
LOAD Drivers/STM32F3xx_HAL_Driver/stm32f3xx_hal_exti.o
LOAD Drivers/STM32F3xx_HAL_Driver/stm32f3xx_hal_flash.o
LOAD Drivers/STM32F3xx_HAL_Driver/stm32f3xx_hal_flash_ex.o
LOAD Drivers/STM32F3xx_HAL_Driver/stm32f3xx_hal_gpio.o
LOAD Drivers/STM32F3xx_HAL_Driver/stm32f3xx_hal_i2c.o
LOAD Drivers/STM32F3xx_HAL_Driver/stm32f3xx_hal_i2c_ex.o
LOAD Drivers/STM32F3xx_HAL_Driver/stm32f3xx_hal_pwr.o
LOAD Drivers/STM32F3xx_HAL_Driver/stm32f3xx_hal_pwr_ex.o
LOAD Drivers/STM32F3xx_HAL_Driver/stm32f3xx_hal_rcc.o
LOAD Drivers/STM32F3xx_HAL_Driver/stm32f3xx_hal_rcc_ex.o
LOAD Drivers/STM32F3xx_HAL_Driver/stm32f3xx_hal_spi.o
LOAD Drivers/STM32F3xx_HAL_Driver/stm32f3xx_hal_spi_ex.o
LOAD Drivers/STM32F3xx_HAL_Driver/stm32f3xx_hal_tim.o
LOAD Drivers/STM32F3xx_HAL_Driver/stm32f3xx_hal_tim_ex.o
LOAD Drivers/STM32F3xx_HAL_Driver/stm32f3xx_hal_uart.o
LOAD Drivers/STM32F3xx_HAL_Driver/stm32f3xx_hal_uart_ex.o
LOAD Middlewares/MotorControl/bus_voltage_sensor.o
LOAD Middlewares/MotorControl/circle_limitation.o
LOAD Middlewares/MotorControl/digital_output.o
LOAD Middlewares/MotorControl/frame_communication_protocol.o
LOAD Middlewares/MotorControl/motor_power_measurement.o
LOAD Middlewares/MotorControl/ntc_temperature_sensor.o
LOAD Middlewares/MotorControl/open_loop.o
LOAD Middlewares/MotorControl/pid_regulator.o
LOAD Middlewares/MotorControl/pqd_motor_power_measurement.o
LOAD Middlewares/MotorControl/pwm_common.o
LOAD Middlewares/MotorControl/pwm_curr_fdbk.o
LOAD Middlewares/MotorControl/r3_1_f30x_pwm_curr_fdbk.o
LOAD Middlewares/MotorControl/ramp_ext_mngr.o
LOAD Middlewares/MotorControl/speed_pos_fdbk.o
LOAD Middlewares/MotorControl/speed_torq_ctrl.o
LOAD Middlewares/MotorControl/state_machine.o
LOAD Middlewares/MotorControl/ui_irq_handler.o
LOAD Middlewares/MotorControl/usart_frame_communication_protocol.o
LOAD Middlewares/MotorControl/virtual_bus_voltage_sensor.o
LOAD Middlewares/MotorControl/virtual_speed_sensor.o
LOAD ../../MCSDK_v5.4.5/MotorControl/lib\libmc-gcc_M4_NoCCMRAM.lib
START GROUP
LOAD ../../MCSDK_v5.4.5/MotorControl/lib\libmc-gcc_M4_NoCCMRAM.lib
END GROUP
START GROUP
LOAD c:/st/stm32cubeide_1.3.0/stm32cubeide/plugins/com.st.stm32cube.ide.mcu.externaltools.gnu-tools-for-stm32.9-2020-q2-update.win32_1.5.0.202011040924/tools/bin/../lib/gcc/arm-none-eabi/9.3.1/../../../../arm-none-eabi/lib/thumb/v7e-m+fp/hard\libc_nano.a
LOAD c:/st/stm32cubeide_1.3.0/stm32cubeide/plugins/com.st.stm32cube.ide.mcu.externaltools.gnu-tools-for-stm32.9-2020-q2-update.win32_1.5.0.202011040924/tools/bin/../lib/gcc/arm-none-eabi/9.3.1/../../../../arm-none-eabi/lib/thumb/v7e-m+fp/hard\libm.a
END GROUP
START GROUP
LOAD c:/st/stm32cubeide_1.3.0/stm32cubeide/plugins/com.st.stm32cube.ide.mcu.externaltools.gnu-tools-for-stm32.9-2020-q2-update.win32_1.5.0.202011040924/tools/bin/../lib/gcc/arm-none-eabi/9.3.1/thumb/v7e-m+fp/hard\libgcc.a
LOAD c:/st/stm32cubeide_1.3.0/stm32cubeide/plugins/com.st.stm32cube.ide.mcu.externaltools.gnu-tools-for-stm32.9-2020-q2-update.win32_1.5.0.202011040924/tools/bin/../lib/gcc/arm-none-eabi/9.3.1/../../../../arm-none-eabi/lib/thumb/v7e-m+fp/hard\libc_nano.a
END GROUP
START GROUP
LOAD c:/st/stm32cubeide_1.3.0/stm32cubeide/plugins/com.st.stm32cube.ide.mcu.externaltools.gnu-tools-for-stm32.9-2020-q2-update.win32_1.5.0.202011040924/tools/bin/../lib/gcc/arm-none-eabi/9.3.1/thumb/v7e-m+fp/hard\libgcc.a
LOAD c:/st/stm32cubeide_1.3.0/stm32cubeide/plugins/com.st.stm32cube.ide.mcu.externaltools.gnu-tools-for-stm32.9-2020-q2-update.win32_1.5.0.202011040924/tools/bin/../lib/gcc/arm-none-eabi/9.3.1/../../../../arm-none-eabi/lib/thumb/v7e-m+fp/hard\libc_nano.a
LOAD c:/st/stm32cubeide_1.3.0/stm32cubeide/plugins/com.st.stm32cube.ide.mcu.externaltools.gnu-tools-for-stm32.9-2020-q2-update.win32_1.5.0.202011040924/tools/bin/../lib/gcc/arm-none-eabi/9.3.1/../../../../arm-none-eabi/lib/thumb/v7e-m+fp/hard\libnosys.a
END GROUP
START GROUP
LOAD c:/st/stm32cubeide_1.3.0/stm32cubeide/plugins/com.st.stm32cube.ide.mcu.externaltools.gnu-tools-for-stm32.9-2020-q2-update.win32_1.5.0.202011040924/tools/bin/../lib/gcc/arm-none-eabi/9.3.1/thumb/v7e-m+fp/hard\libgcc.a
LOAD c:/st/stm32cubeide_1.3.0/stm32cubeide/plugins/com.st.stm32cube.ide.mcu.externaltools.gnu-tools-for-stm32.9-2020-q2-update.win32_1.5.0.202011040924/tools/bin/../lib/gcc/arm-none-eabi/9.3.1/../../../../arm-none-eabi/lib/thumb/v7e-m+fp/hard\libc_nano.a
LOAD c:/st/stm32cubeide_1.3.0/stm32cubeide/plugins/com.st.stm32cube.ide.mcu.externaltools.gnu-tools-for-stm32.9-2020-q2-update.win32_1.5.0.202011040924/tools/bin/../lib/gcc/arm-none-eabi/9.3.1/../../../../arm-none-eabi/lib/thumb/v7e-m+fp/hard\libnosys.a
END GROUP
LOAD c:/st/stm32cubeide_1.3.0/stm32cubeide/plugins/com.st.stm32cube.ide.mcu.externaltools.gnu-tools-for-stm32.9-2020-q2-update.win32_1.5.0.202011040924/tools/bin/../lib/gcc/arm-none-eabi/9.3.1/thumb/v7e-m+fp/hard/crtend.o
LOAD c:/st/stm32cubeide_1.3.0/stm32cubeide/plugins/com.st.stm32cube.ide.mcu.externaltools.gnu-tools-for-stm32.9-2020-q2-update.win32_1.5.0.202011040924/tools/bin/../lib/gcc/arm-none-eabi/9.3.1/thumb/v7e-m+fp/hard/crtn.o
                0x0000000020008000                _estack = (ORIGIN (RAM) + LENGTH (RAM))
                0x0000000000000200                _Min_Heap_Size = 0x200
                0x0000000000000400                _Min_Stack_Size = 0x400

.isr_vector     0x0000000008000000      0x188
                0x0000000008000000                . = ALIGN (0x4)
 *(.isr_vector)
 .isr_vector    0x0000000008000000      0x188 Application/Startup/startup_stm32f303cbtx.o
                0x0000000008000000                g_pfnVectors
                0x0000000008000188                . = ALIGN (0x4)

.text           0x0000000008000188     0x78ec
                0x0000000008000188                . = ALIGN (0x4)
 *(.text)
 .text          0x0000000008000188       0x40 c:/st/stm32cubeide_1.3.0/stm32cubeide/plugins/com.st.stm32cube.ide.mcu.externaltools.gnu-tools-for-stm32.9-2020-q2-update.win32_1.5.0.202011040924/tools/bin/../lib/gcc/arm-none-eabi/9.3.1/thumb/v7e-m+fp/hard/crtbegin.o
 *(.text*)
 .text.Reset_Handler
                0x00000000080001c8       0x50 Application/Startup/startup_stm32f303cbtx.o
                0x00000000080001c8                Reset_Handler
 .text.Default_Handler
                0x0000000008000218        0x2 Application/Startup/startup_stm32f303cbtx.o
                0x0000000008000218                RTC_Alarm_IRQHandler
                0x0000000008000218                TIM8_TRG_COM_IRQHandler
                0x0000000008000218                TIM8_CC_IRQHandler
                0x0000000008000218                DebugMon_Handler
                0x0000000008000218                TIM1_CC_IRQHandler
                0x0000000008000218                USB_HP_IRQHandler
                0x0000000008000218                PVD_IRQHandler
                0x0000000008000218                TAMP_STAMP_IRQHandler
                0x0000000008000218                PendSV_Handler
                0x0000000008000218                NMI_Handler
                0x0000000008000218                EXTI3_IRQHandler
                0x0000000008000218                USB_HP_CAN_TX_IRQHandler
                0x0000000008000218                EXTI0_IRQHandler
                0x0000000008000218                I2C2_EV_IRQHandler
                0x0000000008000218                FPU_IRQHandler
                0x0000000008000218                UsageFault_Handler
                0x0000000008000218                SPI1_IRQHandler
                0x0000000008000218                CAN_SCE_IRQHandler
                0x0000000008000218                TIM6_DAC_IRQHandler
                0x0000000008000218                TIM8_UP_IRQHandler
                0x0000000008000218                DMA2_Channel2_IRQHandler
                0x0000000008000218                DMA1_Channel4_IRQHandler
                0x0000000008000218                USART3_IRQHandler
                0x0000000008000218                DMA1_Channel7_IRQHandler
                0x0000000008000218                UART5_IRQHandler
                0x0000000008000218                ADC3_IRQHandler
                0x0000000008000218                TIM4_IRQHandler
                0x0000000008000218                CAN_RX1_IRQHandler
                0x0000000008000218                DMA2_Channel1_IRQHandler
                0x0000000008000218                I2C1_EV_IRQHandler
                0x0000000008000218                DMA1_Channel6_IRQHandler
                0x0000000008000218                UART4_IRQHandler
                0x0000000008000218                DMA2_Channel4_IRQHandler
                0x0000000008000218                TIM3_IRQHandler
                0x0000000008000218                RCC_IRQHandler
                0x0000000008000218                DMA1_Channel1_IRQHandler
                0x0000000008000218                Default_Handler
                0x0000000008000218                USBWakeUp_RMP_IRQHandler
                0x0000000008000218                EXTI15_10_IRQHandler
                0x0000000008000218                TIM7_IRQHandler
                0x0000000008000218                EXTI9_5_IRQHandler
                0x0000000008000218                RTC_WKUP_IRQHandler
                0x0000000008000218                SPI2_IRQHandler
                0x0000000008000218                USB_LP_CAN_RX0_IRQHandler
                0x0000000008000218                MemManage_Handler
                0x0000000008000218                SVC_Handler
                0x0000000008000218                DMA2_Channel5_IRQHandler
                0x0000000008000218                DMA1_Channel5_IRQHandler
                0x0000000008000218                USB_LP_IRQHandler
                0x0000000008000218                EXTI4_IRQHandler
                0x0000000008000218                TIM1_TRG_COM_TIM17_IRQHandler
                0x0000000008000218                DMA1_Channel3_IRQHandler
                0x0000000008000218                ADC4_IRQHandler
                0x0000000008000218                WWDG_IRQHandler
                0x0000000008000218                TIM2_IRQHandler
                0x0000000008000218                COMP7_IRQHandler
                0x0000000008000218                COMP1_2_3_IRQHandler
                0x0000000008000218                EXTI1_IRQHandler
                0x0000000008000218                USART2_IRQHandler
                0x0000000008000218                COMP4_5_6_IRQHandler
                0x0000000008000218                I2C2_ER_IRQHandler
                0x0000000008000218                DMA1_Channel2_IRQHandler
                0x0000000008000218                TIM8_BRK_IRQHandler
                0x0000000008000218                FLASH_IRQHandler
                0x0000000008000218                BusFault_Handler
                0x0000000008000218                SPI3_IRQHandler
                0x0000000008000218                I2C1_ER_IRQHandler
                0x0000000008000218                USBWakeUp_IRQHandler
                0x0000000008000218                DMA2_Channel3_IRQHandler
                0x0000000008000218                EXTI2_TSC_IRQHandler
 *fill*         0x000000000800021a        0x2 
 .text.SystemClock_Config
                0x000000000800021c       0x90 Application/User/main.o
                0x000000000800021c                SystemClock_Config
 .text.SPIread  0x00000000080002ac       0x48 Application/User/main.o
                0x00000000080002ac                SPIread
 .text.configureDriver
                0x00000000080002f4       0xf0 Application/User/main.o
                0x00000000080002f4                configureDriver
 .text.resetDriver
                0x00000000080003e4       0x28 Application/User/main.o
                0x00000000080003e4                resetDriver
 .text.startup.main
                0x000000000800040c      0x3c8 Application/User/main.o
                0x000000000800040c                main
 .text.MCI_Init
                0x00000000080007d4       0x1c Application/User/mc_interface.o
                0x00000000080007d4                MCI_Init
 .text.MCI_ExecSpeedRamp
                0x00000000080007f0       0x18 Application/User/mc_interface.o
                0x00000000080007f0                MCI_ExecSpeedRamp
 .text.MCI_ExecTorqueRamp
                0x0000000008000808       0x14 Application/User/mc_interface.o
                0x0000000008000808                MCI_ExecTorqueRamp
 .text.MCI_SetCurrentReferences
                0x000000000800081c       0x14 Application/User/mc_interface.o
                0x000000000800081c                MCI_SetCurrentReferences
 .text.MCI_StartMotor
                0x0000000008000830       0x14 Application/User/mc_interface.o
                0x0000000008000830                MCI_StartMotor
 .text.MCI_StopMotor
                0x0000000008000844        0x8 Application/User/mc_interface.o
                0x0000000008000844                MCI_StopMotor
 .text.MCI_FaultAcknowledged
                0x000000000800084c        0x8 Application/User/mc_interface.o
                0x000000000800084c                MCI_FaultAcknowledged
 .text.MCI_EncoderAlign
                0x0000000008000854        0x8 Application/User/mc_interface.o
                0x0000000008000854                MCI_EncoderAlign
 .text.MCI_ExecBufferedCommands
                0x000000000800085c       0x78 Application/User/mc_interface.o
                0x000000000800085c                MCI_ExecBufferedCommands
 .text.MCI_GetSTMState
                0x00000000080008d4        0x8 Application/User/mc_interface.o
                0x00000000080008d4                MCI_GetSTMState
 .text.MCI_GetControlMode
                0x00000000080008dc        0x4 Application/User/mc_interface.o
                0x00000000080008dc                MCI_GetControlMode
 .text.MCI_GetImposedMotorDirection
                0x00000000080008e0       0x44 Application/User/mc_interface.o
                0x00000000080008e0                MCI_GetImposedMotorDirection
 .text.MCI_GetLastRampFinalSpeed
                0x0000000008000924       0x10 Application/User/mc_interface.o
                0x0000000008000924                MCI_GetLastRampFinalSpeed
 .text.MCI_StopRamp
                0x0000000008000934        0x8 Application/User/mc_interface.o
                0x0000000008000934                MCI_StopRamp
 .text.MCI_GetAvrgMecSpeedUnit
                0x000000000800093c       0x10 Application/User/mc_interface.o
                0x000000000800093c                MCI_GetAvrgMecSpeedUnit
 .text.MCI_GetMecSpeedRefUnit
                0x000000000800094c        0x8 Application/User/mc_interface.o
                0x000000000800094c                MCI_GetMecSpeedRefUnit
 .text.MCI_GetIab
                0x0000000008000954       0x1c Application/User/mc_interface.o
                0x0000000008000954                MCI_GetIab
 .text.MCI_GetIalphabeta
                0x0000000008000970       0x1c Application/User/mc_interface.o
                0x0000000008000970                MCI_GetIalphabeta
 .text.MCI_GetIqd
                0x000000000800098c       0x1c Application/User/mc_interface.o
                0x000000000800098c                MCI_GetIqd
 .text.MCI_GetIqdref
                0x00000000080009a8       0x1c Application/User/mc_interface.o
                0x00000000080009a8                MCI_GetIqdref
 .text.MCI_GetVqd
                0x00000000080009c4       0x1c Application/User/mc_interface.o
                0x00000000080009c4                MCI_GetVqd
 .text.MCI_GetValphabeta
                0x00000000080009e0       0x1c Application/User/mc_interface.o
                0x00000000080009e0                MCI_GetValphabeta
 .text.MCI_GetTeref
                0x00000000080009fc        0x8 Application/User/mc_interface.o
                0x00000000080009fc                MCI_GetTeref
 .text.MCI_SetIdref
                0x0000000008000a04       0x14 Application/User/mc_interface.o
                0x0000000008000a04                MCI_SetIdref
 .text.MCI_Clear_Iqdref
                0x0000000008000a18       0x14 Application/User/mc_interface.o
                0x0000000008000a18                MCI_Clear_Iqdref
 .text.MCM_Clarke
                0x0000000008000a2c       0x54 Application/User/mc_math.o
                0x0000000008000a2c                MCM_Clarke
 .text.MCM_Trig_Functions
                0x0000000008000a80       0x98 Application/User/mc_math.o
                0x0000000008000a80                MCM_Trig_Functions
 .text.MCM_Park
                0x0000000008000b18       0x84 Application/User/mc_math.o
                0x0000000008000b18                MCM_Park
 .text.MCM_Rev_Park
                0x0000000008000b9c       0x40 Application/User/mc_math.o
                0x0000000008000b9c                MCM_Rev_Park
 .text.FOC_Clear
                0x0000000008000bdc       0x88 Application/User/mc_tasks.o
                0x0000000008000bdc                FOC_Clear
 .text.MCboot   0x0000000008000c64      0x214 Application/User/mc_tasks.o
                0x0000000008000c64                MCboot
 .text.FOC_InitAdditionalMethods
                0x0000000008000e78        0x4 Application/User/mc_tasks.o
                0x0000000008000e78                FOC_InitAdditionalMethods
 .text.FOC_CalcCurrRef
                0x0000000008000e7c       0x2c Application/User/mc_tasks.o
                0x0000000008000e7c                FOC_CalcCurrRef
 .text.TSK_SetChargeBootCapDelayM1
                0x0000000008000ea8        0xc Application/User/mc_tasks.o
                0x0000000008000ea8                TSK_SetChargeBootCapDelayM1
 .text.TSK_ChargeBootCapDelayHasElapsedM1
                0x0000000008000eb4       0x14 Application/User/mc_tasks.o
                0x0000000008000eb4                TSK_ChargeBootCapDelayHasElapsedM1
 .text.TSK_SetStopPermanencyTimeM1
                0x0000000008000ec8        0xc Application/User/mc_tasks.o
                0x0000000008000ec8                TSK_SetStopPermanencyTimeM1
 .text.TSK_StopPermanencyTimeHasElapsedM1
                0x0000000008000ed4       0x14 Application/User/mc_tasks.o
                0x0000000008000ed4                TSK_StopPermanencyTimeHasElapsedM1
 .text.TSK_MediumFrequencyTaskM1
                0x0000000008000ee8      0x2a4 Application/User/mc_tasks.o
                0x0000000008000ee8                TSK_MediumFrequencyTaskM1
 .text.MC_Scheduler
                0x000000000800118c       0x58 Application/User/mc_tasks.o
                0x000000000800118c                MC_Scheduler
 .text.TSK_HighFrequencyTask
                0x00000000080011e4      0x18c Application/User/mc_tasks.o
                0x00000000080011e4                TSK_HighFrequencyTask
 .text.TSK_SafetyTask_PWMOFF
                0x0000000008001370       0x80 Application/User/mc_tasks.o
                0x0000000008001370                TSK_SafetyTask_PWMOFF
 .text.TSK_SafetyTask
                0x00000000080013f0       0x20 Application/User/mc_tasks.o
                0x00000000080013f0                TSK_SafetyTask
 .text.MC_RunMotorControlTasks
                0x0000000008001410       0x20 Application/User/mc_tasks.o
                0x0000000008001410                MC_RunMotorControlTasks
 .text.TSK_HardwareFaultTask
                0x0000000008001430       0x20 Application/User/mc_tasks.o
                0x0000000008001430                TSK_HardwareFaultTask
 .text.mc_lock_pins
                0x0000000008001450       0xcc Application/User/mc_tasks.o
                0x0000000008001450                mc_lock_pins
 .text.MCP_ReceivedFrame
                0x000000000800151c      0x5ec Application/User/motor_control_protocol.o
                0x000000000800151c                MCP_ReceivedFrame
 .text.MCP_WaitNextFrame
                0x0000000008001b08       0x1c Application/User/motor_control_protocol.o
                0x0000000008001b08                MCP_WaitNextFrame
 .text.MCP_Init
                0x0000000008001b24       0x40 Application/User/motor_control_protocol.o
                0x0000000008001b24                MCP_Init
 .text.MCP_OnTimeOut
                0x0000000008001b64        0x8 Application/User/motor_control_protocol.o
                0x0000000008001b64                MCP_OnTimeOut
 .text.MCP_SentFrame
                0x0000000008001b6c        0x8 Application/User/motor_control_protocol.o
                0x0000000008001b6c                MCP_SentFrame
 .text.MX_MotorControl_Init
                0x0000000008001b74       0x4c Application/User/motorcontrol.o
                0x0000000008001b74                MX_MotorControl_Init
 .text.RCM_RegisterRegConv
                0x0000000008001bc0      0x1d0 Application/User/regular_conversion_manager.o
                0x0000000008001bc0                RCM_RegisterRegConv
 .text.RCM_ExecRegularConv
                0x0000000008001d90       0x7c Application/User/regular_conversion_manager.o
                0x0000000008001d90                RCM_ExecRegularConv
 .text.RCM_ExecUserConv
                0x0000000008001e0c       0x54 Application/User/regular_conversion_manager.o
                0x0000000008001e0c                RCM_ExecUserConv
 .text.ADC1_2_IRQHandler
                0x0000000008001e60        0xc Application/User/stm32f30x_mc_it.o
                0x0000000008001e60                ADC1_2_IRQHandler
 .text.TIM1_UP_TIM16_IRQHandler
                0x0000000008001e6c       0x18 Application/User/stm32f30x_mc_it.o
                0x0000000008001e6c                TIM1_UP_TIM16_IRQHandler
 .text.TIM1_BRK_TIM15_IRQHandler
                0x0000000008001e84       0x3c Application/User/stm32f30x_mc_it.o
                0x0000000008001e84                TIM1_BRK_TIM15_IRQHandler
 .text.USART1_IRQHandler
                0x0000000008001ec0       0x68 Application/User/stm32f30x_mc_it.o
                0x0000000008001ec0                USART1_IRQHandler
 .text.HardFault_Handler
                0x0000000008001f28       0x6c Application/User/stm32f30x_mc_it.o
                0x0000000008001f28                HardFault_Handler
 .text.SysTick_Handler
                0x0000000008001f94       0x30 Application/User/stm32f30x_mc_it.o
                0x0000000008001f94                SysTick_Handler
 .text.HAL_MspInit
                0x0000000008001fc4       0x34 Application/User/stm32f3xx_hal_msp.o
                0x0000000008001fc4                HAL_MspInit
 .text.HAL_ADC_MspInit
                0x0000000008001ff8       0x60 Application/User/stm32f3xx_hal_msp.o
                0x0000000008001ff8                HAL_ADC_MspInit
 .text.HAL_SPI_MspInit
                0x0000000008002058       0x70 Application/User/stm32f3xx_hal_msp.o
                0x0000000008002058                HAL_SPI_MspInit
 .text.HAL_TIM_Base_MspInit
                0x00000000080020c8       0x2c Application/User/stm32f3xx_hal_msp.o
                0x00000000080020c8                HAL_TIM_Base_MspInit
 .text.HAL_TIM_MspPostInit
                0x00000000080020f4       0xa8 Application/User/stm32f3xx_hal_msp.o
                0x00000000080020f4                HAL_TIM_MspPostInit
 .text.HAL_UART_MspInit
                0x000000000800219c       0x70 Application/User/stm32f3xx_hal_msp.o
                0x000000000800219c                HAL_UART_MspInit
 .text.UI_TaskInit
                0x000000000800220c       0x80 Application/User/ui_task.o
                0x000000000800220c                UI_TaskInit
 .text.UI_Scheduler
                0x000000000800228c       0x44 Application/User/ui_task.o
                0x000000000800228c                UI_Scheduler
 .text.UI_SerialCommunicationTimeOutStop
                0x00000000080022d0        0xc Application/User/ui_task.o
                0x00000000080022d0                UI_SerialCommunicationTimeOutStop
 .text.UI_SerialCommunicationTimeOutStart
                0x00000000080022dc        0xc Application/User/ui_task.o
                0x00000000080022dc                UI_SerialCommunicationTimeOutStart
 .text.UI_Init  0x00000000080022e8       0x14 Application/User/user_interface.o
                0x00000000080022e8                UI_Init
 .text.UI_SelectMC
                0x00000000080022fc       0x10 Application/User/user_interface.o
                0x00000000080022fc                UI_SelectMC
 .text.UI_GetSelectedMC
                0x000000000800230c        0x4 Application/User/user_interface.o
                0x000000000800230c                UI_GetSelectedMC
 .text.UI_SetReg
                0x0000000008002310      0x2dc Application/User/user_interface.o
                0x0000000008002310                UI_SetReg
 .text.UI_GetReg
                0x00000000080025ec      0x5f4 Application/User/user_interface.o
                0x00000000080025ec                UI_GetReg
 .text.UI_ExecCmd
                0x0000000008002be0       0x78 Application/User/user_interface.o
                0x0000000008002be0                UI_ExecCmd
 .text.UI_ExecSpeedRamp
                0x0000000008002c58       0x24 Application/User/user_interface.o
                0x0000000008002c58                UI_ExecSpeedRamp
 .text.UI_ExecTorqueRamp
                0x0000000008002c7c       0x14 Application/User/user_interface.o
                0x0000000008002c7c                UI_ExecTorqueRamp
 .text.UI_GetRevupData
                0x0000000008002c90       0x3c Application/User/user_interface.o
                0x0000000008002c90                UI_GetRevupData
 .text.UI_SetRevupData
                0x0000000008002ccc       0x38 Application/User/user_interface.o
                0x0000000008002ccc                UI_SetRevupData
 .text.UI_SetCurrentReferences
                0x0000000008002d04       0x20 Application/User/user_interface.o
                0x0000000008002d04                UI_SetCurrentReferences
 .text.UI_GetMPInfo
                0x0000000008002d24        0x4 Application/User/user_interface.o
                0x0000000008002d24                UI_GetMPInfo
 .text.SystemInit
                0x0000000008002d28       0x14 Drivers/CMSIS/system_stm32f3xx.o
                0x0000000008002d28                SystemInit
 .text.HAL_InitTick
                0x0000000008002d3c       0x48 Drivers/STM32F3xx_HAL_Driver/stm32f3xx_hal.o
                0x0000000008002d3c                HAL_InitTick
 .text.HAL_Init
                0x0000000008002d84       0x24 Drivers/STM32F3xx_HAL_Driver/stm32f3xx_hal.o
                0x0000000008002d84                HAL_Init
 .text.HAL_IncTick
                0x0000000008002da8       0x18 Drivers/STM32F3xx_HAL_Driver/stm32f3xx_hal.o
                0x0000000008002da8                HAL_IncTick
 .text.HAL_GetTick
                0x0000000008002dc0        0xc Drivers/STM32F3xx_HAL_Driver/stm32f3xx_hal.o
                0x0000000008002dc0                HAL_GetTick
 .text.HAL_Delay
                0x0000000008002dcc       0x24 Drivers/STM32F3xx_HAL_Driver/stm32f3xx_hal.o
                0x0000000008002dcc                HAL_Delay
 .text.ADC_Disable
                0x0000000008002df0       0x70 Drivers/STM32F3xx_HAL_Driver/stm32f3xx_hal_adc_ex.o
 .text.HAL_ADC_Init
                0x0000000008002e60      0x284 Drivers/STM32F3xx_HAL_Driver/stm32f3xx_hal_adc_ex.o
                0x0000000008002e60                HAL_ADC_Init
 .text.HAL_ADCEx_InjectedConfigChannel
                0x00000000080030e4      0x494 Drivers/STM32F3xx_HAL_Driver/stm32f3xx_hal_adc_ex.o
                0x00000000080030e4                HAL_ADCEx_InjectedConfigChannel
 .text.HAL_ADCEx_MultiModeConfigChannel
                0x0000000008003578      0x120 Drivers/STM32F3xx_HAL_Driver/stm32f3xx_hal_adc_ex.o
                0x0000000008003578                HAL_ADCEx_MultiModeConfigChannel
 .text.HAL_NVIC_SetPriorityGrouping
                0x0000000008003698       0x28 Drivers/STM32F3xx_HAL_Driver/stm32f3xx_hal_cortex.o
                0x0000000008003698                HAL_NVIC_SetPriorityGrouping
 .text.HAL_NVIC_SetPriority
                0x00000000080036c0       0x70 Drivers/STM32F3xx_HAL_Driver/stm32f3xx_hal_cortex.o
                0x00000000080036c0                HAL_NVIC_SetPriority
 .text.HAL_NVIC_EnableIRQ
                0x0000000008003730       0x1c Drivers/STM32F3xx_HAL_Driver/stm32f3xx_hal_cortex.o
                0x0000000008003730                HAL_NVIC_EnableIRQ
 .text.HAL_SYSTICK_Config
                0x000000000800374c       0x34 Drivers/STM32F3xx_HAL_Driver/stm32f3xx_hal_cortex.o
                0x000000000800374c                HAL_SYSTICK_Config
 .text.HAL_SYSTICK_Callback
                0x0000000008003780        0x4 Drivers/STM32F3xx_HAL_Driver/stm32f3xx_hal_cortex.o
                0x0000000008003780                HAL_SYSTICK_Callback
 .text.HAL_SYSTICK_IRQHandler
                0x0000000008003784        0x8 Drivers/STM32F3xx_HAL_Driver/stm32f3xx_hal_cortex.o
                0x0000000008003784                HAL_SYSTICK_IRQHandler
 .text.HAL_GPIO_Init
                0x000000000800378c      0x1d4 Drivers/STM32F3xx_HAL_Driver/stm32f3xx_hal_gpio.o
                0x000000000800378c                HAL_GPIO_Init
 .text.HAL_GPIO_WritePin
                0x0000000008003960        0xc Drivers/STM32F3xx_HAL_Driver/stm32f3xx_hal_gpio.o
                0x0000000008003960                HAL_GPIO_WritePin
 .text.HAL_RCC_OscConfig
                0x000000000800396c      0x5d8 Drivers/STM32F3xx_HAL_Driver/stm32f3xx_hal_rcc.o
                0x000000000800396c                HAL_RCC_OscConfig
 .text.HAL_RCC_ClockConfig
                0x0000000008003f44      0x1e8 Drivers/STM32F3xx_HAL_Driver/stm32f3xx_hal_rcc.o
                0x0000000008003f44                HAL_RCC_ClockConfig
 .text.HAL_RCC_GetSysClockFreq
                0x000000000800412c       0x6c Drivers/STM32F3xx_HAL_Driver/stm32f3xx_hal_rcc.o
                0x000000000800412c                HAL_RCC_GetSysClockFreq
 .text.HAL_RCC_GetHCLKFreq
                0x0000000008004198        0xc Drivers/STM32F3xx_HAL_Driver/stm32f3xx_hal_rcc.o
                0x0000000008004198                HAL_RCC_GetHCLKFreq
 .text.HAL_RCC_GetPCLK1Freq
                0x00000000080041a4       0x30 Drivers/STM32F3xx_HAL_Driver/stm32f3xx_hal_rcc.o
                0x00000000080041a4                HAL_RCC_GetPCLK1Freq
 .text.HAL_RCC_GetPCLK2Freq
                0x00000000080041d4       0x30 Drivers/STM32F3xx_HAL_Driver/stm32f3xx_hal_rcc.o
                0x00000000080041d4                HAL_RCC_GetPCLK2Freq
 .text.HAL_RCCEx_PeriphCLKConfig
                0x0000000008004204      0x224 Drivers/STM32F3xx_HAL_Driver/stm32f3xx_hal_rcc_ex.o
                0x0000000008004204                HAL_RCCEx_PeriphCLKConfig
 .text.SPI_WaitFifoStateUntilTimeout.constprop.1
                0x0000000008004428       0xcc Drivers/STM32F3xx_HAL_Driver/stm32f3xx_hal_spi.o
 .text.SPI_EndRxTxTransaction
                0x00000000080044f4      0x134 Drivers/STM32F3xx_HAL_Driver/stm32f3xx_hal_spi.o
 .text.HAL_SPI_Init
                0x0000000008004628      0x10c Drivers/STM32F3xx_HAL_Driver/stm32f3xx_hal_spi.o
                0x0000000008004628                HAL_SPI_Init
 .text.HAL_SPI_TransmitReceive
                0x0000000008004734      0x318 Drivers/STM32F3xx_HAL_Driver/stm32f3xx_hal_spi.o
                0x0000000008004734                HAL_SPI_TransmitReceive
 .text.TIM_OC1_SetConfig
                0x0000000008004a4c       0x7c Drivers/STM32F3xx_HAL_Driver/stm32f3xx_hal_tim.o
 .text.TIM_OC3_SetConfig
                0x0000000008004ac8       0x80 Drivers/STM32F3xx_HAL_Driver/stm32f3xx_hal_tim.o
 .text.HAL_TIM_Base_Init
                0x0000000008004b48      0x108 Drivers/STM32F3xx_HAL_Driver/stm32f3xx_hal_tim.o
                0x0000000008004b48                HAL_TIM_Base_Init
 .text.HAL_TIM_PWM_MspInit
                0x0000000008004c50        0x4 Drivers/STM32F3xx_HAL_Driver/stm32f3xx_hal_tim.o
                0x0000000008004c50                HAL_TIM_PWM_MspInit
 .text.HAL_TIM_PWM_Init
                0x0000000008004c54      0x108 Drivers/STM32F3xx_HAL_Driver/stm32f3xx_hal_tim.o
                0x0000000008004c54                HAL_TIM_PWM_Init
 .text.HAL_TIM_SlaveConfigSynchro
                0x0000000008004d5c       0xf8 Drivers/STM32F3xx_HAL_Driver/stm32f3xx_hal_tim.o
                0x0000000008004d5c                HAL_TIM_SlaveConfigSynchro
 .text.TIM_OC2_SetConfig
                0x0000000008004e54       0x80 Drivers/STM32F3xx_HAL_Driver/stm32f3xx_hal_tim.o
                0x0000000008004e54                TIM_OC2_SetConfig
 .text.HAL_TIM_PWM_ConfigChannel
                0x0000000008004ed4      0x264 Drivers/STM32F3xx_HAL_Driver/stm32f3xx_hal_tim.o
                0x0000000008004ed4                HAL_TIM_PWM_ConfigChannel
 .text.HAL_TIMEx_MasterConfigSynchronization
                0x0000000008005138       0x88 Drivers/STM32F3xx_HAL_Driver/stm32f3xx_hal_tim_ex.o
                0x0000000008005138                HAL_TIMEx_MasterConfigSynchronization
 .text.HAL_TIMEx_ConfigBreakDeadTime
                0x00000000080051c0       0x8c Drivers/STM32F3xx_HAL_Driver/stm32f3xx_hal_tim_ex.o
                0x00000000080051c0                HAL_TIMEx_ConfigBreakDeadTime
 .text.UART_AdvFeatureConfig
                0x000000000800524c       0xb0 Drivers/STM32F3xx_HAL_Driver/stm32f3xx_hal_uart.o
                0x000000000800524c                UART_AdvFeatureConfig
 .text.UART_CheckIdleState
                0x00000000080052fc       0xbc Drivers/STM32F3xx_HAL_Driver/stm32f3xx_hal_uart.o
                0x00000000080052fc                UART_CheckIdleState
 .text.HAL_UART_Init
                0x00000000080053b8      0x2b0 Drivers/STM32F3xx_HAL_Driver/stm32f3xx_hal_uart.o
                0x00000000080053b8                HAL_UART_Init
 .text.VBS_GetAvBusVoltage_d
                0x0000000008005668        0x4 Middlewares/MotorControl/bus_voltage_sensor.o
                0x0000000008005668                VBS_GetAvBusVoltage_d
 .text.VBS_GetAvBusVoltage_V
                0x000000000800566c        0xc Middlewares/MotorControl/bus_voltage_sensor.o
                0x000000000800566c                VBS_GetAvBusVoltage_V
 .text.Circle_Limitation
                0x0000000008005678       0x64 Middlewares/MotorControl/circle_limitation.o
                0x0000000008005678                Circle_Limitation
 .text.FCP_Init
                0x00000000080056dc       0x18 Middlewares/MotorControl/frame_communication_protocol.o
                0x00000000080056dc                FCP_Init
 .text.FCP_SetClient
                0x00000000080056f4       0x10 Middlewares/MotorControl/frame_communication_protocol.o
                0x00000000080056f4                FCP_SetClient
 .text.FCP_CalcCRC
                0x0000000008005704       0x2c Middlewares/MotorControl/frame_communication_protocol.o
                0x0000000008005704                FCP_CalcCRC
 .text.MPM_Clear
                0x0000000008005730       0x18 Middlewares/MotorControl/motor_power_measurement.o
                0x0000000008005730                MPM_Clear
 .text.MPM_CalcElMotorPower
                0x0000000008005748       0x44 Middlewares/MotorControl/motor_power_measurement.o
                0x0000000008005748                MPM_CalcElMotorPower
 .text.MPM_GetAvrgElMotorPowerW
                0x000000000800578c        0x8 Middlewares/MotorControl/motor_power_measurement.o
                0x000000000800578c                MPM_GetAvrgElMotorPowerW
 .text.NTC_SetFaultState
                0x0000000008005794       0x1c Middlewares/MotorControl/ntc_temperature_sensor.o
                0x0000000008005794                NTC_SetFaultState
 .text.NTC_Clear
                0x00000000080057b0        0x8 Middlewares/MotorControl/ntc_temperature_sensor.o
                0x00000000080057b0                NTC_Clear
 .text.NTC_Init
                0x00000000080057b8       0x24 Middlewares/MotorControl/ntc_temperature_sensor.o
                0x00000000080057b8                NTC_Init
 .text.NTC_CalcAvTemp
                0x00000000080057dc       0x38 Middlewares/MotorControl/ntc_temperature_sensor.o
                0x00000000080057dc                NTC_CalcAvTemp
 .text.NTC_GetAvTemp_C
                0x0000000008005814       0x2c Middlewares/MotorControl/ntc_temperature_sensor.o
                0x0000000008005814                NTC_GetAvTemp_C
 .text.PID_HandleInit
                0x0000000008005840       0x10 Middlewares/MotorControl/pid_regulator.o
                0x0000000008005840                PID_HandleInit
 .text.PID_SetKP
                0x0000000008005850        0x4 Middlewares/MotorControl/pid_regulator.o
                0x0000000008005850                PID_SetKP
 .text.PID_SetKI
                0x0000000008005854        0x4 Middlewares/MotorControl/pid_regulator.o
                0x0000000008005854                PID_SetKI
 .text.PID_GetKP
                0x0000000008005858        0x8 Middlewares/MotorControl/pid_regulator.o
                0x0000000008005858                PID_GetKP
 .text.PID_GetKI
                0x0000000008005860        0x8 Middlewares/MotorControl/pid_regulator.o
                0x0000000008005860                PID_GetKI
 .text.PID_SetIntegralTerm
                0x0000000008005868        0x4 Middlewares/MotorControl/pid_regulator.o
                0x0000000008005868                PID_SetIntegralTerm
 .text.PID_GetKPDivisor
                0x000000000800586c        0x4 Middlewares/MotorControl/pid_regulator.o
                0x000000000800586c                PID_GetKPDivisor
 .text.PID_GetKIDivisor
                0x0000000008005870        0x4 Middlewares/MotorControl/pid_regulator.o
                0x0000000008005870                PID_GetKIDivisor
 .text.PID_SetKD
                0x0000000008005874        0x4 Middlewares/MotorControl/pid_regulator.o
                0x0000000008005874                PID_SetKD
 .text.PID_GetKD
                0x0000000008005878        0x8 Middlewares/MotorControl/pid_regulator.o
                0x0000000008005878                PID_GetKD
 .text.PI_Controller
                0x0000000008005880       0x8c Middlewares/MotorControl/pid_regulator.o
                0x0000000008005880                PI_Controller
 .text.PQD_CalcElMotorPower
                0x000000000800590c       0x68 Middlewares/MotorControl/pqd_motor_power_measurement.o
                0x000000000800590c                PQD_CalcElMotorPower
 .text.startTimers
                0x0000000008005974       0x64 Middlewares/MotorControl/pwm_common.o
                0x0000000008005974                startTimers
 .text.waitForPolarizationEnd
                0x00000000080059d8       0x4c Middlewares/MotorControl/pwm_common.o
                0x00000000080059d8                waitForPolarizationEnd
 .text.PWMC_GetPhaseCurrents
                0x0000000008005a24        0x4 Middlewares/MotorControl/pwm_curr_fdbk.o
                0x0000000008005a24                PWMC_GetPhaseCurrents
 .text.PWMC_SetPhaseVoltage
                0x0000000008005a28      0x250 Middlewares/MotorControl/pwm_curr_fdbk.o
                0x0000000008005a28                PWMC_SetPhaseVoltage
 .text.PWMC_SwitchOffPWM
                0x0000000008005c78        0x4 Middlewares/MotorControl/pwm_curr_fdbk.o
                0x0000000008005c78                PWMC_SwitchOffPWM
 .text.PWMC_CurrentReadingCalibr
                0x0000000008005c7c       0x54 Middlewares/MotorControl/pwm_curr_fdbk.o
                0x0000000008005c7c                PWMC_CurrentReadingCalibr
 .text.PWMC_CheckOverCurrent
                0x0000000008005cd0        0x4 Middlewares/MotorControl/pwm_curr_fdbk.o
                0x0000000008005cd0                PWMC_CheckOverCurrent
 .text.R3_1_GetPhaseCurrents
                0x0000000008005cd4      0x168 Middlewares/MotorControl/r3_1_f30x_pwm_curr_fdbk.o
                0x0000000008005cd4                R3_1_GetPhaseCurrents
 .text.R3_1_SetADCSampPointPolarization
                0x0000000008005e3c       0x34 Middlewares/MotorControl/r3_1_f30x_pwm_curr_fdbk.o
                0x0000000008005e3c                R3_1_SetADCSampPointPolarization
 .text.R3_1_SetADCSampPointSectX
                0x0000000008005e70       0x70 Middlewares/MotorControl/r3_1_f30x_pwm_curr_fdbk.o
                0x0000000008005e70                R3_1_SetADCSampPointSectX
 .text.R3_1_HFCurrentsPolarizationAB
                0x0000000008005ee0       0x48 Middlewares/MotorControl/r3_1_f30x_pwm_curr_fdbk.o
 .text.R3_1_HFCurrentsPolarizationC
                0x0000000008005f28       0x40 Middlewares/MotorControl/r3_1_f30x_pwm_curr_fdbk.o
 .text.R3_1_TurnOnLowSides
                0x0000000008005f68       0x50 Middlewares/MotorControl/r3_1_f30x_pwm_curr_fdbk.o
                0x0000000008005f68                R3_1_TurnOnLowSides
 .text.R3_1_SwitchOnPWM
                0x0000000008005fb8       0x8c Middlewares/MotorControl/r3_1_f30x_pwm_curr_fdbk.o
                0x0000000008005fb8                R3_1_SwitchOnPWM
 .text.R3_1_SwitchOffPWM
                0x0000000008006044       0x5c Middlewares/MotorControl/r3_1_f30x_pwm_curr_fdbk.o
                0x0000000008006044                R3_1_SwitchOffPWM
 .text.R3_1_RLGetPhaseCurrents
                0x00000000080060a0       0x50 Middlewares/MotorControl/r3_1_f30x_pwm_curr_fdbk.o
 .text.R3_1_RLTurnOnLowSides
                0x00000000080060f0       0x48 Middlewares/MotorControl/r3_1_f30x_pwm_curr_fdbk.o
 .text.R3_1_RLSwitchOnPWM
                0x0000000008006138       0xa8 Middlewares/MotorControl/r3_1_f30x_pwm_curr_fdbk.o
 .text.R3_1_Init
                0x00000000080061e0      0x3bc Middlewares/MotorControl/r3_1_f30x_pwm_curr_fdbk.o
                0x00000000080061e0                R3_1_Init
 .text.R3_1_CurrentReadingPolarization
                0x000000000800659c      0x128 Middlewares/MotorControl/r3_1_f30x_pwm_curr_fdbk.o
                0x000000000800659c                R3_1_CurrentReadingPolarization
 .text.R3_1_TIMx_UP_IRQHandler
                0x00000000080066c4       0x34 Middlewares/MotorControl/r3_1_f30x_pwm_curr_fdbk.o
                0x00000000080066c4                R3_1_TIMx_UP_IRQHandler
 .text.R3_1_BRK2_IRQHandler
                0x00000000080066f8       0x40 Middlewares/MotorControl/r3_1_f30x_pwm_curr_fdbk.o
                0x00000000080066f8                R3_1_BRK2_IRQHandler
 .text.R3_1_BRK_IRQHandler
                0x0000000008006738       0x20 Middlewares/MotorControl/r3_1_f30x_pwm_curr_fdbk.o
                0x0000000008006738                R3_1_BRK_IRQHandler
 .text.R3_1_IsOverCurrentOccurred
                0x0000000008006758       0x28 Middlewares/MotorControl/r3_1_f30x_pwm_curr_fdbk.o
                0x0000000008006758                R3_1_IsOverCurrentOccurred
 .text.R3_1_RLDetectionModeEnable
                0x0000000008006780       0xd0 Middlewares/MotorControl/r3_1_f30x_pwm_curr_fdbk.o
                0x0000000008006780                R3_1_RLDetectionModeEnable
 .text.R3_1_RLDetectionModeDisable
                0x0000000008006850      0x104 Middlewares/MotorControl/r3_1_f30x_pwm_curr_fdbk.o
                0x0000000008006850                R3_1_RLDetectionModeDisable
 .text.R3_1_RLDetectionModeSetDuty
                0x0000000008006954       0x40 Middlewares/MotorControl/r3_1_f30x_pwm_curr_fdbk.o
                0x0000000008006954                R3_1_RLDetectionModeSetDuty
 .text.REMNG_Init
                0x0000000008006994       0x10 Middlewares/MotorControl/ramp_ext_mngr.o
                0x0000000008006994                REMNG_Init
 .text.REMNG_Calc
                0x00000000080069a4       0x44 Middlewares/MotorControl/ramp_ext_mngr.o
                0x00000000080069a4                REMNG_Calc
 .text.REMNG_RampCompleted
                0x00000000080069e8        0xc Middlewares/MotorControl/ramp_ext_mngr.o
                0x00000000080069e8                REMNG_RampCompleted
 .text.getScalingFactor
                0x00000000080069f4       0x2c Middlewares/MotorControl/ramp_ext_mngr.o
                0x00000000080069f4                getScalingFactor
 .text.REMNG_ExecRamp
                0x0000000008006a20       0x84 Middlewares/MotorControl/ramp_ext_mngr.o
                0x0000000008006a20                REMNG_ExecRamp
 .text.SPD_GetElAngle
                0x0000000008006aa4        0x8 Middlewares/MotorControl/speed_pos_fdbk.o
                0x0000000008006aa4                SPD_GetElAngle
 .text.SPD_GetAvrgMecSpeedUnit
                0x0000000008006aac        0x8 Middlewares/MotorControl/speed_pos_fdbk.o
                0x0000000008006aac                SPD_GetAvrgMecSpeedUnit
 .text.SPD_GetInstElSpeedDpp
                0x0000000008006ab4        0x8 Middlewares/MotorControl/speed_pos_fdbk.o
                0x0000000008006ab4                SPD_GetInstElSpeedDpp
 .text.SPD_IsMecSpeedReliable
                0x0000000008006abc       0x58 Middlewares/MotorControl/speed_pos_fdbk.o
                0x0000000008006abc                SPD_IsMecSpeedReliable
 .text.SPD_GetS16Speed
                0x0000000008006b14       0x14 Middlewares/MotorControl/speed_pos_fdbk.o
                0x0000000008006b14                SPD_GetS16Speed
 .text.STC_Init
                0x0000000008006b28       0x28 Middlewares/MotorControl/speed_torq_ctrl.o
                0x0000000008006b28                STC_Init
 .text.STC_SetSpeedSensor
                0x0000000008006b50        0x4 Middlewares/MotorControl/speed_torq_ctrl.o
                0x0000000008006b50                STC_SetSpeedSensor
 .text.STC_GetSpeedSensor
                0x0000000008006b54        0x4 Middlewares/MotorControl/speed_torq_ctrl.o
                0x0000000008006b54                STC_GetSpeedSensor
 .text.STC_Clear
                0x0000000008006b58       0x10 Middlewares/MotorControl/speed_torq_ctrl.o
                0x0000000008006b58                STC_Clear
 .text.STC_GetMecSpeedRefUnit
                0x0000000008006b68       0x10 Middlewares/MotorControl/speed_torq_ctrl.o
                0x0000000008006b68                STC_GetMecSpeedRefUnit
 .text.STC_GetTorqueRef
                0x0000000008006b78       0x10 Middlewares/MotorControl/speed_torq_ctrl.o
                0x0000000008006b78                STC_GetTorqueRef
 .text.STC_SetControlMode
                0x0000000008006b88        0x8 Middlewares/MotorControl/speed_torq_ctrl.o
                0x0000000008006b88                STC_SetControlMode
 .text.STC_ExecRamp
                0x0000000008006b90       0x90 Middlewares/MotorControl/speed_torq_ctrl.o
                0x0000000008006b90                STC_ExecRamp
 .text.STC_StopRamp
                0x0000000008006c20        0x8 Middlewares/MotorControl/speed_torq_ctrl.o
                0x0000000008006c20                STC_StopRamp
 .text.STC_CalcTorqueReference
                0x0000000008006c28       0x64 Middlewares/MotorControl/speed_torq_ctrl.o
                0x0000000008006c28                STC_CalcTorqueReference
 .text.STC_GetMecSpeedRefUnitDefault
                0x0000000008006c8c        0x8 Middlewares/MotorControl/speed_torq_ctrl.o
                0x0000000008006c8c                STC_GetMecSpeedRefUnitDefault
 .text.STC_GetMaxAppPositiveMecSpeedUnit
                0x0000000008006c94        0x4 Middlewares/MotorControl/speed_torq_ctrl.o
                0x0000000008006c94                STC_GetMaxAppPositiveMecSpeedUnit
 .text.STC_GetMinAppNegativeMecSpeedUnit
                0x0000000008006c98        0x8 Middlewares/MotorControl/speed_torq_ctrl.o
                0x0000000008006c98                STC_GetMinAppNegativeMecSpeedUnit
 .text.STC_GetDefaultIqdref
                0x0000000008006ca0       0x1c Middlewares/MotorControl/speed_torq_ctrl.o
                0x0000000008006ca0                STC_GetDefaultIqdref
 .text.STC_ForceSpeedReferenceToCurrentSpeed
                0x0000000008006cbc       0x10 Middlewares/MotorControl/speed_torq_ctrl.o
                0x0000000008006cbc                STC_ForceSpeedReferenceToCurrentSpeed
 .text.STM_Init
                0x0000000008006ccc        0xc Middlewares/MotorControl/state_machine.o
                0x0000000008006ccc                STM_Init
 .text.STM_FaultProcessing
                0x0000000008006cd8       0x3c Middlewares/MotorControl/state_machine.o
                0x0000000008006cd8                STM_FaultProcessing
 .text.STM_NextState
                0x0000000008006d14       0xe8 Middlewares/MotorControl/state_machine.o
                0x0000000008006d14                STM_NextState
 .text.STM_GetState
                0x0000000008006dfc        0x4 Middlewares/MotorControl/state_machine.o
                0x0000000008006dfc                STM_GetState
 .text.STM_FaultAcknowledged
                0x0000000008006e00       0x18 Middlewares/MotorControl/state_machine.o
                0x0000000008006e00                STM_FaultAcknowledged
 .text.STM_GetFaultState
                0x0000000008006e18        0xc Middlewares/MotorControl/state_machine.o
                0x0000000008006e18                STM_GetFaultState
 .text.UFCP_Init
                0x0000000008006e24        0x4 Middlewares/MotorControl/usart_frame_communication_protocol.o
                0x0000000008006e24                UFCP_Init
 .text.UFCP_TX_IRQ_Handler
                0x0000000008006e28       0x60 Middlewares/MotorControl/usart_frame_communication_protocol.o
                0x0000000008006e28                UFCP_TX_IRQ_Handler
 .text.UFCP_Receive
                0x0000000008006e88       0x20 Middlewares/MotorControl/usart_frame_communication_protocol.o
                0x0000000008006e88                UFCP_Receive
 .text.UFCP_Send
                0x0000000008006ea8       0xb0 Middlewares/MotorControl/usart_frame_communication_protocol.o
                0x0000000008006ea8                UFCP_Send
 .text.UFCP_RX_IRQ_Handler
                0x0000000008006f58       0xc4 Middlewares/MotorControl/usart_frame_communication_protocol.o
                0x0000000008006f58                UFCP_RX_IRQ_Handler
 .text.UFCP_OVR_IRQ_Handler
                0x000000000800701c       0x1c Middlewares/MotorControl/usart_frame_communication_protocol.o
                0x000000000800701c                UFCP_OVR_IRQ_Handler
 .text.UFCP_AbortReceive
                0x0000000008007038        0x8 Middlewares/MotorControl/usart_frame_communication_protocol.o
                0x0000000008007038                UFCP_AbortReceive
 .text.VVBS_Init
                0x0000000008007040       0x14 Middlewares/MotorControl/virtual_bus_voltage_sensor.o
                0x0000000008007040                VVBS_Init
 .text.VSS_Clear
                0x0000000008007054       0x1c Middlewares/MotorControl/virtual_speed_sensor.o
                0x0000000008007054                VSS_Clear
 .text.VSS_Init
                0x0000000008007070        0x8 Middlewares/MotorControl/virtual_speed_sensor.o
                0x0000000008007070                VSS_Init
 .text.VSS_CalcElAngle
                0x0000000008007078       0xa0 Middlewares/MotorControl/virtual_speed_sensor.o
                0x0000000008007078                VSS_CalcElAngle
 .text.VSS_CalcAvrgMecSpeedUnit
                0x0000000008007118       0x94 Middlewares/MotorControl/virtual_speed_sensor.o
                0x0000000008007118                VSS_CalcAvrgMecSpeedUnit
 .text.VSS_SetMecAngle
                0x00000000080071ac       0x10 Middlewares/MotorControl/virtual_speed_sensor.o
                0x00000000080071ac                VSS_SetMecAngle
 .text.VSS_SetMecAcceleration
                0x00000000080071bc       0x7c Middlewares/MotorControl/virtual_speed_sensor.o
                0x00000000080071bc                VSS_SetMecAcceleration
 .text.VSS_SetStartTransition
                0x0000000008007238       0x1c Middlewares/MotorControl/virtual_speed_sensor.o
                0x0000000008007238                VSS_SetStartTransition
 .text.VSS_TransitionEnded
                0x0000000008007254        0x8 Middlewares/MotorControl/virtual_speed_sensor.o
                0x0000000008007254                VSS_TransitionEnded
 .text.RUC_Init
                0x000000000800725c       0x7c ../../MCSDK_v5.4.5/MotorControl/lib\libmc-gcc_M4_NoCCMRAM.lib(revup_ctrl.o)
                0x000000000800725c                RUC_Init
 .text.RUC_Clear
                0x00000000080072d8       0x90 ../../MCSDK_v5.4.5/MotorControl/lib\libmc-gcc_M4_NoCCMRAM.lib(revup_ctrl.o)
                0x00000000080072d8                RUC_Clear
 .text.RUC_Exec
                0x0000000008007368       0x74 ../../MCSDK_v5.4.5/MotorControl/lib\libmc-gcc_M4_NoCCMRAM.lib(revup_ctrl.o)
                0x0000000008007368                RUC_Exec
 .text.RUC_FirstAccelerationStageReached
                0x00000000080073dc       0x14 ../../MCSDK_v5.4.5/MotorControl/lib\libmc-gcc_M4_NoCCMRAM.lib(revup_ctrl.o)
                0x00000000080073dc                RUC_FirstAccelerationStageReached
 .text.RUC_SetPhaseDurationms
                0x00000000080073f0        0xc ../../MCSDK_v5.4.5/MotorControl/lib\libmc-gcc_M4_NoCCMRAM.lib(revup_ctrl.o)
                0x00000000080073f0                RUC_SetPhaseDurationms
 .text.RUC_SetPhaseFinalMecSpeedUnit
                0x00000000080073fc        0xc ../../MCSDK_v5.4.5/MotorControl/lib\libmc-gcc_M4_NoCCMRAM.lib(revup_ctrl.o)
                0x00000000080073fc                RUC_SetPhaseFinalMecSpeedUnit
 .text.RUC_SetPhaseFinalTorque
                0x0000000008007408        0xc ../../MCSDK_v5.4.5/MotorControl/lib\libmc-gcc_M4_NoCCMRAM.lib(revup_ctrl.o)
                0x0000000008007408                RUC_SetPhaseFinalTorque
 .text.RUC_GetPhaseDurationms
                0x0000000008007414        0xc ../../MCSDK_v5.4.5/MotorControl/lib\libmc-gcc_M4_NoCCMRAM.lib(revup_ctrl.o)
                0x0000000008007414                RUC_GetPhaseDurationms
 .text.RUC_GetPhaseFinalMecSpeedUnit
                0x0000000008007420       0x10 ../../MCSDK_v5.4.5/MotorControl/lib\libmc-gcc_M4_NoCCMRAM.lib(revup_ctrl.o)
                0x0000000008007420                RUC_GetPhaseFinalMecSpeedUnit
 .text.RUC_GetPhaseFinalTorque
                0x0000000008007430       0x10 ../../MCSDK_v5.4.5/MotorControl/lib\libmc-gcc_M4_NoCCMRAM.lib(revup_ctrl.o)
                0x0000000008007430                RUC_GetPhaseFinalTorque
 .text.RUC_GetNumberOfPhases
                0x0000000008007440        0x8 ../../MCSDK_v5.4.5/MotorControl/lib\libmc-gcc_M4_NoCCMRAM.lib(revup_ctrl.o)
                0x0000000008007440                RUC_GetNumberOfPhases
 .text.STO_PLL_CalcElAngle
                0x0000000008007448      0x1d4 ../../MCSDK_v5.4.5/MotorControl/lib\libmc-gcc_M4_NoCCMRAM.lib(sto_pll_speed_pos_fdbk.o)
                0x0000000008007448                STO_PLL_CalcElAngle
 .text.STO_PLL_CalcAvrgMecSpeedUnit
                0x000000000800761c      0x140 ../../MCSDK_v5.4.5/MotorControl/lib\libmc-gcc_M4_NoCCMRAM.lib(sto_pll_speed_pos_fdbk.o)
                0x000000000800761c                STO_PLL_CalcAvrgMecSpeedUnit
 .text.STO_PLL_CalcAvrgElSpeedDpp
                0x000000000800775c       0x54 ../../MCSDK_v5.4.5/MotorControl/lib\libmc-gcc_M4_NoCCMRAM.lib(sto_pll_speed_pos_fdbk.o)
                0x000000000800775c                STO_PLL_CalcAvrgElSpeedDpp
 .text.STO_PLL_Clear
                0x00000000080077b0       0x5c ../../MCSDK_v5.4.5/MotorControl/lib\libmc-gcc_M4_NoCCMRAM.lib(sto_pll_speed_pos_fdbk.o)
                0x00000000080077b0                STO_PLL_Clear
 .text.STO_PLL_Init
                0x000000000800780c       0x74 ../../MCSDK_v5.4.5/MotorControl/lib\libmc-gcc_M4_NoCCMRAM.lib(sto_pll_speed_pos_fdbk.o)
                0x000000000800780c                STO_PLL_Init
 .text.STO_PLL_IsObserverConverged
                0x0000000008007880       0xa8 ../../MCSDK_v5.4.5/MotorControl/lib\libmc-gcc_M4_NoCCMRAM.lib(sto_pll_speed_pos_fdbk.o)
                0x0000000008007880                STO_PLL_IsObserverConverged
 .text.STO_PLL_GetEstimatedBemf
                0x0000000008007928       0x18 ../../MCSDK_v5.4.5/MotorControl/lib\libmc-gcc_M4_NoCCMRAM.lib(sto_pll_speed_pos_fdbk.o)
                0x0000000008007928                STO_PLL_GetEstimatedBemf
 .text.STO_PLL_GetEstimatedCurrent
                0x0000000008007940       0x28 ../../MCSDK_v5.4.5/MotorControl/lib\libmc-gcc_M4_NoCCMRAM.lib(sto_pll_speed_pos_fdbk.o)
                0x0000000008007940                STO_PLL_GetEstimatedCurrent
 .text.STO_PLL_GetObserverGains
                0x0000000008007968       0x10 ../../MCSDK_v5.4.5/MotorControl/lib\libmc-gcc_M4_NoCCMRAM.lib(sto_pll_speed_pos_fdbk.o)
                0x0000000008007968                STO_PLL_GetObserverGains
 .text.STO_PLL_SetObserverGains
                0x0000000008007978        0x8 ../../MCSDK_v5.4.5/MotorControl/lib\libmc-gcc_M4_NoCCMRAM.lib(sto_pll_speed_pos_fdbk.o)
                0x0000000008007978                STO_PLL_SetObserverGains
 .text.STO_GetPLLGains
                0x0000000008007980       0x1c ../../MCSDK_v5.4.5/MotorControl/lib\libmc-gcc_M4_NoCCMRAM.lib(sto_pll_speed_pos_fdbk.o)
                0x0000000008007980                STO_GetPLLGains
 .text.STO_SetPLLGains
                0x000000000800799c       0x1c ../../MCSDK_v5.4.5/MotorControl/lib\libmc-gcc_M4_NoCCMRAM.lib(sto_pll_speed_pos_fdbk.o)
                0x000000000800799c                STO_SetPLLGains
 .text.STO_OTF_ResetPLL
                0x00000000080079b8        0xc ../../MCSDK_v5.4.5/MotorControl/lib\libmc-gcc_M4_NoCCMRAM.lib(sto_pll_speed_pos_fdbk.o)
                0x00000000080079b8                STO_OTF_ResetPLL
 .text.STO_ResetPLL
                0x00000000080079c4        0x8 ../../MCSDK_v5.4.5/MotorControl/lib\libmc-gcc_M4_NoCCMRAM.lib(sto_pll_speed_pos_fdbk.o)
                0x00000000080079c4                STO_ResetPLL
 .text.STO_PLL_GetEstimatedBemfLevel
                0x00000000080079cc        0x8 ../../MCSDK_v5.4.5/MotorControl/lib\libmc-gcc_M4_NoCCMRAM.lib(sto_pll_speed_pos_fdbk.o)
                0x00000000080079cc                STO_PLL_GetEstimatedBemfLevel
 .text.STO_PLL_GetObservedBemfLevel
                0x00000000080079d4        0x8 ../../MCSDK_v5.4.5/MotorControl/lib\libmc-gcc_M4_NoCCMRAM.lib(sto_pll_speed_pos_fdbk.o)
                0x00000000080079d4                STO_PLL_GetObservedBemfLevel
 .text.STO_PLL_IsVarianceTight
                0x00000000080079dc        0x8 ../../MCSDK_v5.4.5/MotorControl/lib\libmc-gcc_M4_NoCCMRAM.lib(sto_pll_speed_pos_fdbk.o)
                0x00000000080079dc                STO_PLL_IsVarianceTight
 .text.STO_PLL_ForceConvergency1
                0x00000000080079e4        0xc ../../MCSDK_v5.4.5/MotorControl/lib\libmc-gcc_M4_NoCCMRAM.lib(sto_pll_speed_pos_fdbk.o)
                0x00000000080079e4                STO_PLL_ForceConvergency1
 .text.STO_PLL_ForceConvergency2
                0x00000000080079f0        0xc ../../MCSDK_v5.4.5/MotorControl/lib\libmc-gcc_M4_NoCCMRAM.lib(sto_pll_speed_pos_fdbk.o)
                0x00000000080079f0                STO_PLL_ForceConvergency2
 .text.STO_SetDirection
                0x00000000080079fc        0x8 ../../MCSDK_v5.4.5/MotorControl/lib\libmc-gcc_M4_NoCCMRAM.lib(sto_pll_speed_pos_fdbk.o)
                0x00000000080079fc                STO_SetDirection
 .text.__libc_init_array
                0x0000000008007a04       0x48 c:/st/stm32cubeide_1.3.0/stm32cubeide/plugins/com.st.stm32cube.ide.mcu.externaltools.gnu-tools-for-stm32.9-2020-q2-update.win32_1.5.0.202011040924/tools/bin/../lib/gcc/arm-none-eabi/9.3.1/../../../../arm-none-eabi/lib/thumb/v7e-m+fp/hard\libc_nano.a(lib_a-init.o)
                0x0000000008007a04                __libc_init_array
 .text.memset   0x0000000008007a4c       0x10 c:/st/stm32cubeide_1.3.0/stm32cubeide/plugins/com.st.stm32cube.ide.mcu.externaltools.gnu-tools-for-stm32.9-2020-q2-update.win32_1.5.0.202011040924/tools/bin/../lib/gcc/arm-none-eabi/9.3.1/../../../../arm-none-eabi/lib/thumb/v7e-m+fp/hard\libc_nano.a(lib_a-memset.o)
                0x0000000008007a4c                memset
 *(.glue_7)
 .glue_7        0x0000000008007a5c        0x0 linker stubs
 *(.glue_7t)
 .glue_7t       0x0000000008007a5c        0x0 linker stubs
 *(.eh_frame)
 .eh_frame      0x0000000008007a5c        0x0 c:/st/stm32cubeide_1.3.0/stm32cubeide/plugins/com.st.stm32cube.ide.mcu.externaltools.gnu-tools-for-stm32.9-2020-q2-update.win32_1.5.0.202011040924/tools/bin/../lib/gcc/arm-none-eabi/9.3.1/thumb/v7e-m+fp/hard/crtbegin.o
 *(.init)
 .init          0x0000000008007a5c        0x4 c:/st/stm32cubeide_1.3.0/stm32cubeide/plugins/com.st.stm32cube.ide.mcu.externaltools.gnu-tools-for-stm32.9-2020-q2-update.win32_1.5.0.202011040924/tools/bin/../lib/gcc/arm-none-eabi/9.3.1/thumb/v7e-m+fp/hard/crti.o
                0x0000000008007a5c                _init
 .init          0x0000000008007a60        0x8 c:/st/stm32cubeide_1.3.0/stm32cubeide/plugins/com.st.stm32cube.ide.mcu.externaltools.gnu-tools-for-stm32.9-2020-q2-update.win32_1.5.0.202011040924/tools/bin/../lib/gcc/arm-none-eabi/9.3.1/thumb/v7e-m+fp/hard/crtn.o
 *(.fini)
 .fini          0x0000000008007a68        0x4 c:/st/stm32cubeide_1.3.0/stm32cubeide/plugins/com.st.stm32cube.ide.mcu.externaltools.gnu-tools-for-stm32.9-2020-q2-update.win32_1.5.0.202011040924/tools/bin/../lib/gcc/arm-none-eabi/9.3.1/thumb/v7e-m+fp/hard/crti.o
                0x0000000008007a68                _fini
 .fini          0x0000000008007a6c        0x8 c:/st/stm32cubeide_1.3.0/stm32cubeide/plugins/com.st.stm32cube.ide.mcu.externaltools.gnu-tools-for-stm32.9-2020-q2-update.win32_1.5.0.202011040924/tools/bin/../lib/gcc/arm-none-eabi/9.3.1/thumb/v7e-m+fp/hard/crtn.o
                0x0000000008007a74                . = ALIGN (0x4)
                0x0000000008007a74                _etext = .

.vfp11_veneer   0x0000000008007a74        0x0
 .vfp11_veneer  0x0000000008007a74        0x0 linker stubs

.v4_bx          0x0000000008007a74        0x0
 .v4_bx         0x0000000008007a74        0x0 linker stubs

.iplt           0x0000000008007a74        0x0
 .iplt          0x0000000008007a74        0x0 c:/st/stm32cubeide_1.3.0/stm32cubeide/plugins/com.st.stm32cube.ide.mcu.externaltools.gnu-tools-for-stm32.9-2020-q2-update.win32_1.5.0.202011040924/tools/bin/../lib/gcc/arm-none-eabi/9.3.1/thumb/v7e-m+fp/hard/crtbegin.o

.rodata         0x0000000008007a74      0x2e8
                0x0000000008007a74                . = ALIGN (0x4)
 *(.rodata)
 *(.rodata*)
 .rodata.hSin_Cos_Table
                0x0000000008007a74      0x200 Application/User/mc_math.o
                0x0000000008007a74                hSin_Cos_Table
 .rodata.R3_1_ParamsM1
                0x0000000008007c74       0x84 Application/User/mc_parameters.o
                0x0000000008007c74                R3_1_ParamsM1
 .rodata.s_fwVer
                0x0000000008007cf8       0x20 Application/User/motorcontrol.o
                0x0000000008007cf8                s_fwVer
 .rodata.AHBPrescTable
                0x0000000008007d18       0x10 Drivers/CMSIS/system_stm32f3xx.o
                0x0000000008007d18                AHBPrescTable
 .rodata.APBPrescTable
                0x0000000008007d28        0x8 Drivers/CMSIS/system_stm32f3xx.o
                0x0000000008007d28                APBPrescTable
 .rodata.aPLLMULFactorTable
                0x0000000008007d30       0x10 Drivers/STM32F3xx_HAL_Driver/stm32f3xx_hal_rcc.o
                0x0000000008007d30                aPLLMULFactorTable
 .rodata.aPredivFactorTable
                0x0000000008007d40       0x10 Drivers/STM32F3xx_HAL_Driver/stm32f3xx_hal_rcc.o
                0x0000000008007d40                aPredivFactorTable
 .rodata.CSWTCH.51
                0x0000000008007d50        0x3 Drivers/STM32F3xx_HAL_Driver/stm32f3xx_hal_uart.o
 *fill*         0x0000000008007d53        0x1 
 .rodata.UFCP_Usart_Timeout_none
                0x0000000008007d54        0x2 Middlewares/MotorControl/usart_frame_communication_protocol.o
 .rodata.UFCP_Usart_Timeout_start
                0x0000000008007d56        0x2 Middlewares/MotorControl/usart_frame_communication_protocol.o
 .rodata.UFCP_Usart_Timeout_stop
                0x0000000008007d58        0x2 Middlewares/MotorControl/usart_frame_communication_protocol.o
                0x0000000008007d5c                . = ALIGN (0x4)
 *fill*         0x0000000008007d5a        0x2 

.rel.dyn        0x0000000008007d5c        0x0
 .rel.iplt      0x0000000008007d5c        0x0 c:/st/stm32cubeide_1.3.0/stm32cubeide/plugins/com.st.stm32cube.ide.mcu.externaltools.gnu-tools-for-stm32.9-2020-q2-update.win32_1.5.0.202011040924/tools/bin/../lib/gcc/arm-none-eabi/9.3.1/thumb/v7e-m+fp/hard/crtbegin.o

.ARM.extab      0x0000000008007d5c        0x0
                0x0000000008007d5c                . = ALIGN (0x4)
 *(.ARM.extab* .gnu.linkonce.armextab.*)
                0x0000000008007d5c                . = ALIGN (0x4)

.ARM            0x0000000008007d5c        0x0
                0x0000000008007d5c                . = ALIGN (0x4)
                0x0000000008007d5c                __exidx_start = .
 *(.ARM.exidx*)
                0x0000000008007d5c                __exidx_end = .
                0x0000000008007d5c                . = ALIGN (0x4)

.preinit_array  0x0000000008007d5c        0x0
                0x0000000008007d5c                . = ALIGN (0x4)
                0x0000000008007d5c                PROVIDE (__preinit_array_start = .)
 *(.preinit_array*)
                0x0000000008007d5c                PROVIDE (__preinit_array_end = .)
                0x0000000008007d5c                . = ALIGN (0x4)

.init_array     0x0000000008007d5c        0x4
                0x0000000008007d5c                . = ALIGN (0x4)
                0x0000000008007d5c                PROVIDE (__init_array_start = .)
 *(SORT_BY_NAME(.init_array.*))
 *(.init_array*)
 .init_array    0x0000000008007d5c        0x4 c:/st/stm32cubeide_1.3.0/stm32cubeide/plugins/com.st.stm32cube.ide.mcu.externaltools.gnu-tools-for-stm32.9-2020-q2-update.win32_1.5.0.202011040924/tools/bin/../lib/gcc/arm-none-eabi/9.3.1/thumb/v7e-m+fp/hard/crtbegin.o
                0x0000000008007d60                PROVIDE (__init_array_end = .)
                0x0000000008007d60                . = ALIGN (0x4)

.fini_array     0x0000000008007d60        0x4
                0x0000000008007d60                . = ALIGN (0x4)
                [!provide]                        PROVIDE (__fini_array_start = .)
 *(SORT_BY_NAME(.fini_array.*))
 *(.fini_array*)
 .fini_array    0x0000000008007d60        0x4 c:/st/stm32cubeide_1.3.0/stm32cubeide/plugins/com.st.stm32cube.ide.mcu.externaltools.gnu-tools-for-stm32.9-2020-q2-update.win32_1.5.0.202011040924/tools/bin/../lib/gcc/arm-none-eabi/9.3.1/thumb/v7e-m+fp/hard/crtbegin.o
                [!provide]                        PROVIDE (__fini_array_end = .)
                0x0000000008007d64                . = ALIGN (0x4)
                0x0000000008007d64                _sidata = LOADADDR (.data)

.data           0x0000000020000000      0x68c load address 0x0000000008007d64
                0x0000000020000000                . = ALIGN (0x4)
                0x0000000020000000                _sdata = .
 *(.data)
 *(.data*)
 .data.DRV_CONF_Write
                0x0000000020000000        0x4 Application/User/main.o
                0x0000000020000000                DRV_CONF_Write
 .data.GCONF_Write
                0x0000000020000004        0x4 Application/User/main.o
                0x0000000020000004                GCONF_Write
 .data.SHORT_CONF_Write
                0x0000000020000008        0x4 Application/User/main.o
                0x0000000020000008                SHORT_CONF_Write
 .data.CircleLimitationM1
                0x000000002000000c       0xb4 Application/User/mc_config.o
                0x000000002000000c                CircleLimitationM1
 .data.PIDIdHandle_M1
                0x00000000200000c0       0x2c Application/User/mc_config.o
                0x00000000200000c0                PIDIdHandle_M1
 .data.PIDIqHandle_M1
                0x00000000200000ec       0x2c Application/User/mc_config.o
                0x00000000200000ec                PIDIqHandle_M1
 .data.PIDSpeedHandle_M1
                0x0000000020000118       0x2c Application/User/mc_config.o
                0x0000000020000118                PIDSpeedHandle_M1
 .data.PQD_MotorPowMeasM1
                0x0000000020000144      0x114 Application/User/mc_config.o
                0x0000000020000144                PQD_MotorPowMeasM1
 .data.PWM_Handle_M1
                0x0000000020000258       0x78 Application/User/mc_config.o
                0x0000000020000258                PWM_Handle_M1
 .data.RampExtMngrHFParamsM1
                0x00000000200002d0       0x18 Application/User/mc_config.o
                0x00000000200002d0                RampExtMngrHFParamsM1
 .data.RevUpControlM1
                0x00000000200002e8       0x78 Application/User/mc_config.o
                0x00000000200002e8                RevUpControlM1
 .data.STO_M1   0x0000000020000360       0x14 Application/User/mc_config.o
                0x0000000020000360                STO_M1
 .data.STO_PLL_M1
                0x0000000020000374      0x128 Application/User/mc_config.o
                0x0000000020000374                STO_PLL_M1
 .data.SpeednTorqCtrlM1
                0x000000002000049c       0x34 Application/User/mc_config.o
                0x000000002000049c                SpeednTorqCtrlM1
 .data.TempSensorParamsM1
                0x00000000200004d0       0x28 Application/User/mc_config.o
                0x00000000200004d0                TempSensorParamsM1
 .data.VirtualBusVoltageSensorParamsM1
                0x00000000200004f8        0xc Application/User/mc_config.o
                0x00000000200004f8                VirtualBusVoltageSensorParamsM1
 .data.VirtualSpeedSensorM1
                0x0000000020000504       0x38 Application/User/mc_config.o
                0x0000000020000504                VirtualSpeedSensorM1
 .data.pUSART   0x000000002000053c      0x13c Application/User/mc_config.o
                0x000000002000053c                pUSART
 .data.wConfig  0x0000000020000678        0x4 Application/User/motorcontrol.o
                0x0000000020000678                wConfig
 .data.SystickDividerCounter.15128
                0x000000002000067c        0x1 Application/User/stm32f30x_mc_it.o
 *fill*         0x000000002000067d        0x1 
 .data.bCOMATRTimeCounter
                0x000000002000067e        0x2 Application/User/ui_task.o
 .data.SystemCoreClock
                0x0000000020000680        0x4 Drivers/CMSIS/system_stm32f3xx.o
                0x0000000020000680                SystemCoreClock
 .data.uwTickFreq
                0x0000000020000684        0x1 Drivers/STM32F3xx_HAL_Driver/stm32f3xx_hal.o
                0x0000000020000684                uwTickFreq
 *fill*         0x0000000020000685        0x3 
 .data.uwTickPrio
                0x0000000020000688        0x4 Drivers/STM32F3xx_HAL_Driver/stm32f3xx_hal.o
                0x0000000020000688                uwTickPrio
                0x000000002000068c                . = ALIGN (0x4)
                0x000000002000068c                _edata = .

.igot.plt       0x000000002000068c        0x0 load address 0x00000000080083f0
 .igot.plt      0x000000002000068c        0x0 c:/st/stm32cubeide_1.3.0/stm32cubeide/plugins/com.st.stm32cube.ide.mcu.externaltools.gnu-tools-for-stm32.9-2020-q2-update.win32_1.5.0.202011040924/tools/bin/../lib/gcc/arm-none-eabi/9.3.1/thumb/v7e-m+fp/hard/crtbegin.o
                0x000000002000068c                . = ALIGN (0x4)

.bss            0x000000002000068c      0x3a4 load address 0x00000000080083f0
                0x000000002000068c                _sbss = .
                0x000000002000068c                __bss_start__ = _sbss
 *(.bss)
 .bss           0x000000002000068c       0x1c c:/st/stm32cubeide_1.3.0/stm32cubeide/plugins/com.st.stm32cube.ide.mcu.externaltools.gnu-tools-for-stm32.9-2020-q2-update.win32_1.5.0.202011040924/tools/bin/../lib/gcc/arm-none-eabi/9.3.1/thumb/v7e-m+fp/hard/crtbegin.o
 *(.bss*)
 .bss.UI_Params
                0x00000000200006a8       0x18 Application/User/mc_config.o
                0x00000000200006a8                UI_Params
 .bss.bMCBootCompleted
                0x00000000200006c0        0x1 Application/User/mc_tasks.o
                0x00000000200006c0                bMCBootCompleted
 *fill*         0x00000000200006c1        0x1 
 .bss.hBootCapDelayCounterM1
                0x00000000200006c2        0x2 Application/User/mc_tasks.o
 .bss.hMFTaskCounterM1
                0x00000000200006c4        0x2 Application/User/mc_tasks.o
 .bss.hStopPermanencyCounterM1
                0x00000000200006c6        0x2 Application/User/mc_tasks.o
 .bss.MPInfo    0x00000000200006c8        0x8 Application/User/motor_control_protocol.o
                0x00000000200006c8                MPInfo
 .bss.bCOMTimeoutCounter
                0x00000000200006d0        0x2 Application/User/ui_task.o
 .bss.bUITaskCounter
                0x00000000200006d2        0x2 Application/User/ui_task.o
 .bss.pMCP      0x00000000200006d4        0x4 Application/User/ui_task.o
                0x00000000200006d4                pMCP
 *(COMMON)
 COMMON         0x00000000200006d8      0x18c Application/User/main.o
                0x00000000200006d8                SPIRxBuf
                0x00000000200006e0                hadc1
                0x0000000020000730                huart1
                0x00000000200007b4                htim1
                0x0000000020000800                hspi1
 COMMON         0x0000000020000864       0xd4 Application/User/mc_tasks.o
                0x0000000020000864                pOCPDisabling
                0x0000000020000868                pTemperatureSensor
                0x000000002000086c                pwmcHandle
                0x0000000020000870                pPIDSpeed
                0x0000000020000874                pPIDIq
                0x0000000020000878                oMCInterface
                0x000000002000087c                pR_Brake
                0x0000000020000880                FOCVars
                0x00000000200008a8                MCT
                0x00000000200008fc                pCLM
                0x0000000020000900                pBusSensorM1
                0x0000000020000904                Mci
                0x0000000020000920                STM
                0x0000000020000928                pREMNG
                0x000000002000092c                pMPM
                0x0000000020000930                pPIDId
                0x0000000020000934                pSTC
 COMMON         0x0000000020000938        0x8 Application/User/motorcontrol.o
                0x0000000020000938                pMCI
                0x000000002000093c                pMCT
 COMMON         0x0000000020000940       0x3a Application/User/regular_conversion_manager.o
                0x0000000020000940                RCM_UserConvHandle
                0x0000000020000944                RCM_CB_array
                0x0000000020000964                RCM_UserConvState
                0x0000000020000968                RCM_handle_array
                0x0000000020000978                RCM_UserConvValue
 *fill*         0x000000002000097a        0x2 
 COMMON         0x000000002000097c       0xb0 Application/User/ui_task.o
                0x000000002000097c                MCP_UI_Params
 COMMON         0x0000000020000a2c        0x4 Drivers/STM32F3xx_HAL_Driver/stm32f3xx_hal.o
                0x0000000020000a2c                uwTick
                0x0000000020000a30                . = ALIGN (0x4)
                0x0000000020000a30                _ebss = .
                0x0000000020000a30                __bss_end__ = _ebss

._user_heap_stack
                0x0000000020000a30      0x600 load address 0x00000000080083f0
                0x0000000020000a30                . = ALIGN (0x8)
                [!provide]                        PROVIDE (end = .)
                0x0000000020000a30                PROVIDE (_end = .)
                0x0000000020000c30                . = (. + _Min_Heap_Size)
 *fill*         0x0000000020000a30      0x200 
                0x0000000020001030                . = (. + _Min_Stack_Size)
 *fill*         0x0000000020000c30      0x400 
                0x0000000020001030                . = ALIGN (0x8)

/DISCARD/
 libc.a(*)
 libm.a(*)
 libgcc.a(*)

.ARM.attributes
                0x0000000000000000       0x30
 *(.ARM.attributes)
 .ARM.attributes
                0x0000000000000000       0x1e c:/st/stm32cubeide_1.3.0/stm32cubeide/plugins/com.st.stm32cube.ide.mcu.externaltools.gnu-tools-for-stm32.9-2020-q2-update.win32_1.5.0.202011040924/tools/bin/../lib/gcc/arm-none-eabi/9.3.1/thumb/v7e-m+fp/hard/crti.o
 .ARM.attributes
                0x000000000000001e       0x34 c:/st/stm32cubeide_1.3.0/stm32cubeide/plugins/com.st.stm32cube.ide.mcu.externaltools.gnu-tools-for-stm32.9-2020-q2-update.win32_1.5.0.202011040924/tools/bin/../lib/gcc/arm-none-eabi/9.3.1/thumb/v7e-m+fp/hard/crtbegin.o
 .ARM.attributes
                0x0000000000000052       0x21 Application/Startup/startup_stm32f303cbtx.o
 .ARM.attributes
                0x0000000000000073       0x30 Application/User/main.o
 .ARM.attributes
                0x00000000000000a3       0x35 Application/User/mc_config.o
 .ARM.attributes
                0x00000000000000d8       0x30 Application/User/mc_interface.o
 .ARM.attributes
                0x0000000000000108       0x30 Application/User/mc_math.o
 .ARM.attributes
                0x0000000000000138       0x35 Application/User/mc_parameters.o
 .ARM.attributes
                0x000000000000016d       0x30 Application/User/mc_tasks.o
 .ARM.attributes
                0x000000000000019d       0x30 Application/User/motor_control_protocol.o
 .ARM.attributes
                0x00000000000001cd       0x30 Application/User/motorcontrol.o
 .ARM.attributes
                0x00000000000001fd       0x30 Application/User/regular_conversion_manager.o
 .ARM.attributes
                0x000000000000022d       0x30 Application/User/stm32f30x_mc_it.o
 .ARM.attributes
                0x000000000000025d       0x30 Application/User/stm32f3xx_hal_msp.o
 .ARM.attributes
                0x000000000000028d       0x30 Application/User/ui_task.o
 .ARM.attributes
                0x00000000000002bd       0x30 Application/User/user_interface.o
 .ARM.attributes
                0x00000000000002ed       0x30 Drivers/CMSIS/system_stm32f3xx.o
 .ARM.attributes
                0x000000000000031d       0x30 Drivers/STM32F3xx_HAL_Driver/stm32f3xx_hal.o
 .ARM.attributes
                0x000000000000034d       0x30 Drivers/STM32F3xx_HAL_Driver/stm32f3xx_hal_adc_ex.o
 .ARM.attributes
                0x000000000000037d       0x30 Drivers/STM32F3xx_HAL_Driver/stm32f3xx_hal_cortex.o
 .ARM.attributes
                0x00000000000003ad       0x30 Drivers/STM32F3xx_HAL_Driver/stm32f3xx_hal_gpio.o
 .ARM.attributes
                0x00000000000003dd       0x30 Drivers/STM32F3xx_HAL_Driver/stm32f3xx_hal_rcc.o
 .ARM.attributes
                0x000000000000040d       0x30 Drivers/STM32F3xx_HAL_Driver/stm32f3xx_hal_rcc_ex.o
 .ARM.attributes
                0x000000000000043d       0x30 Drivers/STM32F3xx_HAL_Driver/stm32f3xx_hal_spi.o
 .ARM.attributes
                0x000000000000046d       0x30 Drivers/STM32F3xx_HAL_Driver/stm32f3xx_hal_tim.o
 .ARM.attributes
                0x000000000000049d       0x30 Drivers/STM32F3xx_HAL_Driver/stm32f3xx_hal_tim_ex.o
 .ARM.attributes
                0x00000000000004cd       0x30 Drivers/STM32F3xx_HAL_Driver/stm32f3xx_hal_uart.o
 .ARM.attributes
                0x00000000000004fd       0x30 Middlewares/MotorControl/bus_voltage_sensor.o
 .ARM.attributes
                0x000000000000052d       0x30 Middlewares/MotorControl/circle_limitation.o
 .ARM.attributes
                0x000000000000055d       0x30 Middlewares/MotorControl/frame_communication_protocol.o
 .ARM.attributes
                0x000000000000058d       0x30 Middlewares/MotorControl/motor_power_measurement.o
 .ARM.attributes
                0x00000000000005bd       0x30 Middlewares/MotorControl/ntc_temperature_sensor.o
 .ARM.attributes
                0x00000000000005ed       0x30 Middlewares/MotorControl/pid_regulator.o
 .ARM.attributes
                0x000000000000061d       0x30 Middlewares/MotorControl/pqd_motor_power_measurement.o
 .ARM.attributes
                0x000000000000064d       0x30 Middlewares/MotorControl/pwm_common.o
 .ARM.attributes
                0x000000000000067d       0x30 Middlewares/MotorControl/pwm_curr_fdbk.o
 .ARM.attributes
                0x00000000000006ad       0x30 Middlewares/MotorControl/r3_1_f30x_pwm_curr_fdbk.o
 .ARM.attributes
                0x00000000000006dd       0x30 Middlewares/MotorControl/ramp_ext_mngr.o
 .ARM.attributes
                0x000000000000070d       0x30 Middlewares/MotorControl/speed_pos_fdbk.o
 .ARM.attributes
                0x000000000000073d       0x30 Middlewares/MotorControl/speed_torq_ctrl.o
 .ARM.attributes
                0x000000000000076d       0x30 Middlewares/MotorControl/state_machine.o
 .ARM.attributes
                0x000000000000079d       0x30 Middlewares/MotorControl/usart_frame_communication_protocol.o
 .ARM.attributes
                0x00000000000007cd       0x30 Middlewares/MotorControl/virtual_bus_voltage_sensor.o
 .ARM.attributes
                0x00000000000007fd       0x30 Middlewares/MotorControl/virtual_speed_sensor.o
 .ARM.attributes
                0x000000000000082d       0x35 ../../MCSDK_v5.4.5/MotorControl/lib\libmc-gcc_M4_NoCCMRAM.lib(revup_ctrl.o)
 .ARM.attributes
                0x0000000000000862       0x35 ../../MCSDK_v5.4.5/MotorControl/lib\libmc-gcc_M4_NoCCMRAM.lib(sto_pll_speed_pos_fdbk.o)
 .ARM.attributes
                0x0000000000000897       0x34 c:/st/stm32cubeide_1.3.0/stm32cubeide/plugins/com.st.stm32cube.ide.mcu.externaltools.gnu-tools-for-stm32.9-2020-q2-update.win32_1.5.0.202011040924/tools/bin/../lib/gcc/arm-none-eabi/9.3.1/../../../../arm-none-eabi/lib/thumb/v7e-m+fp/hard\libc_nano.a(lib_a-init.o)
 .ARM.attributes
                0x00000000000008cb       0x34 c:/st/stm32cubeide_1.3.0/stm32cubeide/plugins/com.st.stm32cube.ide.mcu.externaltools.gnu-tools-for-stm32.9-2020-q2-update.win32_1.5.0.202011040924/tools/bin/../lib/gcc/arm-none-eabi/9.3.1/../../../../arm-none-eabi/lib/thumb/v7e-m+fp/hard\libc_nano.a(lib_a-memset.o)
 .ARM.attributes
                0x00000000000008ff       0x1e c:/st/stm32cubeide_1.3.0/stm32cubeide/plugins/com.st.stm32cube.ide.mcu.externaltools.gnu-tools-for-stm32.9-2020-q2-update.win32_1.5.0.202011040924/tools/bin/../lib/gcc/arm-none-eabi/9.3.1/thumb/v7e-m+fp/hard/crtn.o
OUTPUT(custom_board.elf elf32-littlearm)
LOAD linker stubs
LOAD c:/st/stm32cubeide_1.3.0/stm32cubeide/plugins/com.st.stm32cube.ide.mcu.externaltools.gnu-tools-for-stm32.9-2020-q2-update.win32_1.5.0.202011040924/tools/bin/../lib/gcc/arm-none-eabi/9.3.1/../../../../arm-none-eabi/lib/thumb/v7e-m+fp/hard\libc.a
LOAD c:/st/stm32cubeide_1.3.0/stm32cubeide/plugins/com.st.stm32cube.ide.mcu.externaltools.gnu-tools-for-stm32.9-2020-q2-update.win32_1.5.0.202011040924/tools/bin/../lib/gcc/arm-none-eabi/9.3.1/../../../../arm-none-eabi/lib/thumb/v7e-m+fp/hard\libm.a
LOAD c:/st/stm32cubeide_1.3.0/stm32cubeide/plugins/com.st.stm32cube.ide.mcu.externaltools.gnu-tools-for-stm32.9-2020-q2-update.win32_1.5.0.202011040924/tools/bin/../lib/gcc/arm-none-eabi/9.3.1/thumb/v7e-m+fp/hard\libgcc.a

.debug_line     0x0000000000000000    0x3468e
 .debug_line    0x0000000000000000       0x8f Application/Startup/startup_stm32f303cbtx.o
 .debug_line    0x000000000000008f     0x16fc Application/User/main.o
 .debug_line    0x000000000000178b      0xd53 Application/User/mc_config.o
 .debug_line    0x00000000000024de      0xf1e Application/User/mc_interface.o
 .debug_line    0x00000000000033fc      0xed2 Application/User/mc_math.o
 .debug_line    0x00000000000042ce      0x9d5 Application/User/mc_parameters.o
 .debug_line    0x0000000000004ca3     0x1781 Application/User/mc_tasks.o
 .debug_line    0x0000000000006424     0x12df Application/User/motor_control_protocol.o
 .debug_line    0x0000000000007703      0xdb8 Application/User/motorcontrol.o
 .debug_line    0x00000000000084bb     0x133a Application/User/regular_conversion_manager.o
 .debug_line    0x00000000000097f5     0x111c Application/User/stm32f30x_mc_it.o
 .debug_line    0x000000000000a911      0xab1 Application/User/stm32f3xx_hal_msp.o
 .debug_line    0x000000000000b3c2      0xeeb Application/User/ui_task.o
 .debug_line    0x000000000000c2ad     0x19ef Application/User/user_interface.o
 .debug_line    0x000000000000dc9c      0x81a Drivers/CMSIS/system_stm32f3xx.o
 .debug_line    0x000000000000e4b6      0xae0 Drivers/STM32F3xx_HAL_Driver/stm32f3xx_hal.o
 .debug_line    0x000000000000ef96     0x3275 Drivers/STM32F3xx_HAL_Driver/stm32f3xx_hal_adc_ex.o
 .debug_line    0x000000000001220b      0xd88 Drivers/STM32F3xx_HAL_Driver/stm32f3xx_hal_cortex.o
 .debug_line    0x0000000000012f93      0xd21 Drivers/STM32F3xx_HAL_Driver/stm32f3xx_hal_gpio.o
 .debug_line    0x0000000000013cb4     0x1a75 Drivers/STM32F3xx_HAL_Driver/stm32f3xx_hal_rcc.o
 .debug_line    0x0000000000015729      0xfdc Drivers/STM32F3xx_HAL_Driver/stm32f3xx_hal_rcc_ex.o
 .debug_line    0x0000000000016705     0x3bd9 Drivers/STM32F3xx_HAL_Driver/stm32f3xx_hal_spi.o
 .debug_line    0x000000000001a2de     0x650d Drivers/STM32F3xx_HAL_Driver/stm32f3xx_hal_tim.o
 .debug_line    0x00000000000207eb     0x21a3 Drivers/STM32F3xx_HAL_Driver/stm32f3xx_hal_tim_ex.o
 .debug_line    0x000000000002298e     0x35e8 Drivers/STM32F3xx_HAL_Driver/stm32f3xx_hal_uart.o
 .debug_line    0x0000000000025f76      0x9a7 Middlewares/MotorControl/bus_voltage_sensor.o
 .debug_line    0x000000000002691d      0x9a6 Middlewares/MotorControl/circle_limitation.o
 .debug_line    0x00000000000272c3      0xd7a Middlewares/MotorControl/frame_communication_protocol.o
 .debug_line    0x000000000002803d      0xa34 Middlewares/MotorControl/motor_power_measurement.o
 .debug_line    0x0000000000028a71      0xaf0 Middlewares/MotorControl/ntc_temperature_sensor.o
 .debug_line    0x0000000000029561      0xd43 Middlewares/MotorControl/pid_regulator.o
 .debug_line    0x000000000002a2a4      0x9f3 Middlewares/MotorControl/pqd_motor_power_measurement.o
 .debug_line    0x000000000002ac97      0xb1a Middlewares/MotorControl/pwm_common.o
 .debug_line    0x000000000002b7b1      0xedf Middlewares/MotorControl/pwm_curr_fdbk.o
 .debug_line    0x000000000002c690     0x2abc Middlewares/MotorControl/r3_1_f30x_pwm_curr_fdbk.o
 .debug_line    0x000000000002f14c      0xb67 Middlewares/MotorControl/ramp_ext_mngr.o
 .debug_line    0x000000000002fcb3      0xad6 Middlewares/MotorControl/speed_pos_fdbk.o
 .debug_line    0x0000000000030789      0xd8c Middlewares/MotorControl/speed_torq_ctrl.o
 .debug_line    0x0000000000031515      0xba1 Middlewares/MotorControl/state_machine.o
 .debug_line    0x00000000000320b6      0xe0d Middlewares/MotorControl/usart_frame_communication_protocol.o
 .debug_line    0x0000000000032ec3      0x9ac Middlewares/MotorControl/virtual_bus_voltage_sensor.o
 .debug_line    0x000000000003386f      0xe1f Middlewares/MotorControl/virtual_speed_sensor.o

.debug_info     0x0000000000000000    0x46dec
 .debug_info    0x0000000000000000       0x22 Application/Startup/startup_stm32f303cbtx.o
 .debug_info    0x0000000000000022     0x55dd Application/User/main.o
 .debug_info    0x00000000000055ff     0x334a Application/User/mc_config.o
 .debug_info    0x0000000000008949     0x128f Application/User/mc_interface.o
 .debug_info    0x0000000000009bd8      0x753 Application/User/mc_math.o
 .debug_info    0x000000000000a32b      0x89b Application/User/mc_parameters.o
 .debug_info    0x000000000000abc6     0x477d Application/User/mc_tasks.o
 .debug_info    0x000000000000f343     0x3bdc Application/User/motor_control_protocol.o
 .debug_info    0x0000000000012f1f     0x3384 Application/User/motorcontrol.o
 .debug_info    0x00000000000162a3     0x3a8b Application/User/regular_conversion_manager.o
 .debug_info    0x0000000000019d2e     0x382d Application/User/stm32f30x_mc_it.o
 .debug_info    0x000000000001d55b     0x190a Application/User/stm32f3xx_hal_msp.o
 .debug_info    0x000000000001ee65     0x3498 Application/User/ui_task.o
 .debug_info    0x00000000000222fd     0x4954 Application/User/user_interface.o
 .debug_info    0x0000000000026c51      0x4ae Drivers/CMSIS/system_stm32f3xx.o
 .debug_info    0x00000000000270ff      0x93c Drivers/STM32F3xx_HAL_Driver/stm32f3xx_hal.o
 .debug_info    0x0000000000027a3b     0x1ee1 Drivers/STM32F3xx_HAL_Driver/stm32f3xx_hal_adc_ex.o
 .debug_info    0x000000000002991c     0x10af Drivers/STM32F3xx_HAL_Driver/stm32f3xx_hal_cortex.o
 .debug_info    0x000000000002a9cb      0x7af Drivers/STM32F3xx_HAL_Driver/stm32f3xx_hal_gpio.o
 .debug_info    0x000000000002b17a     0x17c4 Drivers/STM32F3xx_HAL_Driver/stm32f3xx_hal_rcc.o
 .debug_info    0x000000000002c93e      0x927 Drivers/STM32F3xx_HAL_Driver/stm32f3xx_hal_rcc_ex.o
 .debug_info    0x000000000002d265     0x2c21 Drivers/STM32F3xx_HAL_Driver/stm32f3xx_hal_spi.o
 .debug_info    0x000000000002fe86     0x4e47 Drivers/STM32F3xx_HAL_Driver/stm32f3xx_hal_tim.o
 .debug_info    0x0000000000034ccd     0x1caf Drivers/STM32F3xx_HAL_Driver/stm32f3xx_hal_tim_ex.o
 .debug_info    0x000000000003697c     0x253c Drivers/STM32F3xx_HAL_Driver/stm32f3xx_hal_uart.o
 .debug_info    0x0000000000038eb8      0x3a5 Middlewares/MotorControl/bus_voltage_sensor.o
 .debug_info    0x000000000003925d      0x385 Middlewares/MotorControl/circle_limitation.o
 .debug_info    0x00000000000395e2     0x2e24 Middlewares/MotorControl/frame_communication_protocol.o
 .debug_info    0x000000000003c406      0x3ef Middlewares/MotorControl/motor_power_measurement.o
 .debug_info    0x000000000003c7f5      0x77a Middlewares/MotorControl/ntc_temperature_sensor.o
 .debug_info    0x000000000003cf6f      0x954 Middlewares/MotorControl/pid_regulator.o
 .debug_info    0x000000000003d8c3      0x5bb Middlewares/MotorControl/pqd_motor_power_measurement.o
 .debug_info    0x000000000003de7e      0x831 Middlewares/MotorControl/pwm_common.o
 .debug_info    0x000000000003e6af      0xc2b Middlewares/MotorControl/pwm_curr_fdbk.o
 .debug_info    0x000000000003f2da     0x47ec Middlewares/MotorControl/r3_1_f30x_pwm_curr_fdbk.o
 .debug_info    0x0000000000043ac6      0x584 Middlewares/MotorControl/ramp_ext_mngr.o
 .debug_info    0x000000000004404a      0x5fb Middlewares/MotorControl/speed_pos_fdbk.o
 .debug_info    0x0000000000044645      0xae4 Middlewares/MotorControl/speed_torq_ctrl.o
 .debug_info    0x0000000000045129      0x513 Middlewares/MotorControl/state_machine.o
 .debug_info    0x000000000004563c      0xc0c Middlewares/MotorControl/usart_frame_communication_protocol.o
 .debug_info    0x0000000000046248      0x37e Middlewares/MotorControl/virtual_bus_voltage_sensor.o
 .debug_info    0x00000000000465c6      0x826 Middlewares/MotorControl/virtual_speed_sensor.o

.debug_abbrev   0x0000000000000000     0x6a93
 .debug_abbrev  0x0000000000000000       0x12 Application/Startup/startup_stm32f303cbtx.o
 .debug_abbrev  0x0000000000000012      0x462 Application/User/main.o
 .debug_abbrev  0x0000000000000474      0x1f6 Application/User/mc_config.o
 .debug_abbrev  0x000000000000066a      0x25f Application/User/mc_interface.o
 .debug_abbrev  0x00000000000008c9      0x1ec Application/User/mc_math.o
 .debug_abbrev  0x0000000000000ab5      0x138 Application/User/mc_parameters.o
 .debug_abbrev  0x0000000000000bed      0x437 Application/User/mc_tasks.o
 .debug_abbrev  0x0000000000001024      0x34e Application/User/motor_control_protocol.o
 .debug_abbrev  0x0000000000001372      0x240 Application/User/motorcontrol.o
 .debug_abbrev  0x00000000000015b2      0x3cd Application/User/regular_conversion_manager.o
 .debug_abbrev  0x000000000000197f      0x2e1 Application/User/stm32f30x_mc_it.o
 .debug_abbrev  0x0000000000001c60      0x262 Application/User/stm32f3xx_hal_msp.o
 .debug_abbrev  0x0000000000001ec2      0x2d6 Application/User/ui_task.o
 .debug_abbrev  0x0000000000002198      0x373 Application/User/user_interface.o
 .debug_abbrev  0x000000000000250b      0x14b Drivers/CMSIS/system_stm32f3xx.o
 .debug_abbrev  0x0000000000002656      0x27e Drivers/STM32F3xx_HAL_Driver/stm32f3xx_hal.o
 .debug_abbrev  0x00000000000028d4      0x3b2 Drivers/STM32F3xx_HAL_Driver/stm32f3xx_hal_adc_ex.o
 .debug_abbrev  0x0000000000002c86      0x389 Drivers/STM32F3xx_HAL_Driver/stm32f3xx_hal_cortex.o
 .debug_abbrev  0x000000000000300f      0x214 Drivers/STM32F3xx_HAL_Driver/stm32f3xx_hal_gpio.o
 .debug_abbrev  0x0000000000003223      0x373 Drivers/STM32F3xx_HAL_Driver/stm32f3xx_hal_rcc.o
 .debug_abbrev  0x0000000000003596      0x2cf Drivers/STM32F3xx_HAL_Driver/stm32f3xx_hal_rcc_ex.o