speed_pos_fdbk.c:55:16:SPD_GetElAngle	0	static
speed_pos_fdbk.c:70:16:SPD_GetMecAngle	0	static
speed_pos_fdbk.c:80:16:SPD_GetAvrgMecSpeedUnit	0	static
speed_pos_fdbk.c:93:16:SPD_GetElSpeedDpp	0	static
speed_pos_fdbk.c:106:16:SPD_GetInstElSpeedDpp	0	static
speed_pos_fdbk.c:121:13:SPD_Check	0	static
speed_pos_fdbk.c:155:13:SPD_IsMecSpeedReliable	8	static
speed_pos_fdbk.c:240:16:SPD_GetS16Speed	0	static
speed_pos_fdbk.c:255:16:SPD_GetElToMecRatio	0	static
speed_pos_fdbk.c:267:13:SPD_SetElToMecRatio	0	static
