Archive member included to satisfy reference by file (symbol)

../../MCSDK_v5.4.4/MotorControl/lib\libmc-gcc_M4_NoCCMRAM.lib(revup_ctrl.o)
                              Application/User/mc_tasks.o (RUC_Init)
../../MCSDK_v5.4.4/MotorControl/lib\libmc-gcc_M4_NoCCMRAM.lib(sto_pll_speed_pos_fdbk.o)
                              Application/User/mc_tasks.o (STO_PLL_CalcElAngle)
c:/st/stm32cubeide_1.3.0/stm32cubeide/plugins/com.st.stm32cube.ide.mcu.externaltools.gnu-tools-for-stm32.7-2018-q2-update.win32_1.4.0.202007081208/tools/bin/../lib/gcc/arm-none-eabi/7.3.1/../../../../arm-none-eabi/lib/thumb/v7e-m/fpv4-sp/hard\libc_nano.a(lib_a-errno.o)
                              Application/User/syscalls.o (__errno)
c:/st/stm32cubeide_1.3.0/stm32cubeide/plugins/com.st.stm32cube.ide.mcu.externaltools.gnu-tools-for-stm32.7-2018-q2-update.win32_1.4.0.202007081208/tools/bin/../lib/gcc/arm-none-eabi/7.3.1/../../../../arm-none-eabi/lib/thumb/v7e-m/fpv4-sp/hard\libc_nano.a(lib_a-exit.o)
                              c:/st/stm32cubeide_1.3.0/stm32cubeide/plugins/com.st.stm32cube.ide.mcu.externaltools.gnu-tools-for-stm32.7-2018-q2-update.win32_1.4.0.202007081208/tools/bin/../lib/gcc/arm-none-eabi/7.3.1/../../../../arm-none-eabi/lib/thumb/v7e-m/fpv4-sp/hard/crt0.o (exit)
c:/st/stm32cubeide_1.3.0/stm32cubeide/plugins/com.st.stm32cube.ide.mcu.externaltools.gnu-tools-for-stm32.7-2018-q2-update.win32_1.4.0.202007081208/tools/bin/../lib/gcc/arm-none-eabi/7.3.1/../../../../arm-none-eabi/lib/thumb/v7e-m/fpv4-sp/hard\libc_nano.a(lib_a-impure.o)
                              c:/st/stm32cubeide_1.3.0/stm32cubeide/plugins/com.st.stm32cube.ide.mcu.externaltools.gnu-tools-for-stm32.7-2018-q2-update.win32_1.4.0.202007081208/tools/bin/../lib/gcc/arm-none-eabi/7.3.1/../../../../arm-none-eabi/lib/thumb/v7e-m/fpv4-sp/hard\libc_nano.a(lib_a-exit.o) (_global_impure_ptr)
c:/st/stm32cubeide_1.3.0/stm32cubeide/plugins/com.st.stm32cube.ide.mcu.externaltools.gnu-tools-for-stm32.7-2018-q2-update.win32_1.4.0.202007081208/tools/bin/../lib/gcc/arm-none-eabi/7.3.1/../../../../arm-none-eabi/lib/thumb/v7e-m/fpv4-sp/hard\libc_nano.a(lib_a-init.o)
                              c:/st/stm32cubeide_1.3.0/stm32cubeide/plugins/com.st.stm32cube.ide.mcu.externaltools.gnu-tools-for-stm32.7-2018-q2-update.win32_1.4.0.202007081208/tools/bin/../lib/gcc/arm-none-eabi/7.3.1/../../../../arm-none-eabi/lib/thumb/v7e-m/fpv4-sp/hard/crt0.o (__libc_init_array)
c:/st/stm32cubeide_1.3.0/stm32cubeide/plugins/com.st.stm32cube.ide.mcu.externaltools.gnu-tools-for-stm32.7-2018-q2-update.win32_1.4.0.202007081208/tools/bin/../lib/gcc/arm-none-eabi/7.3.1/../../../../arm-none-eabi/lib/thumb/v7e-m/fpv4-sp/hard\libc_nano.a(lib_a-memset.o)
                              c:/st/stm32cubeide_1.3.0/stm32cubeide/plugins/com.st.stm32cube.ide.mcu.externaltools.gnu-tools-for-stm32.7-2018-q2-update.win32_1.4.0.202007081208/tools/bin/../lib/gcc/arm-none-eabi/7.3.1/../../../../arm-none-eabi/lib/thumb/v7e-m/fpv4-sp/hard/crt0.o (memset)

Allocating common symbols
Common symbol       size              file

pOCPDisabling       0x4               Application/User/mc_tasks.o
pTemperatureSensor  0x4               Application/User/mc_tasks.o
pwmcHandle          0x4               Application/User/mc_tasks.o
pPIDSpeed           0x4               Application/User/mc_tasks.o
pPIDIq              0x4               Application/User/mc_tasks.o
oMCInterface        0x4               Application/User/mc_tasks.o
SPIRxBuf            0x5               Application/User/main.o
pR_Brake            0x4               Application/User/mc_tasks.o
hcomp6              0x30              Application/User/main.o
FOCVars             0x26              Application/User/mc_tasks.o
MCT                 0x54              Application/User/mc_tasks.o
hcan                0x28              Application/User/main.o
uwTick              0x4               Drivers/STM32F3xx_HAL_Driver/stm32f3xx_hal.o
pCLM                0x4               Application/User/mc_tasks.o
pFlash              0x20              Drivers/STM32F3xx_HAL_Driver/stm32f3xx_hal_flash.o
RCM_UserConvHandle  0x1               Application/User/regular_conversion_manager.o
pMCI                0x4               Application/User/motorcontrol.o
pBusSensorM1        0x4               Application/User/mc_tasks.o
Mci                 0x1c              Application/User/mc_tasks.o
RCM_CB_array        0x20              Application/User/regular_conversion_manager.o
hcomp4              0x30              Application/User/main.o
hadc1               0x50              Application/User/main.o
STM                 0x6               Application/User/mc_tasks.o
hadc3               0x50              Application/User/main.o
huart1              0x80              Application/User/main.o
RCM_UserConvState   0x1               Application/User/regular_conversion_manager.o
pREMNG              0x4               Application/User/mc_tasks.o
hdac                0x14              Application/User/main.o
[...]
Memory Configuration

Name             Origin             Length             Attributes
CCMRAM           0x0000000010000000 0x0000000000002000 xrw
RAM              0x0000000020000000 0x0000000000008000 xrw
FLASH            0x0000000008000000 0x0000000000020000 xr
*default*        0x0000000000000000 0xffffffffffffffff

Linker script and memory map

LOAD c:/st/stm32cubeide_1.3.0/stm32cubeide/plugins/com.st.stm32cube.ide.mcu.externaltools.gnu-tools-for-stm32.7-2018-q2-update.win32_1.4.0.202007081208/tools/bin/../lib/gcc/arm-none-eabi/7.3.1/thumb/v7e-m/fpv4-sp/hard/crti.o
LOAD c:/st/stm32cubeide_1.3.0/stm32cubeide/plugins/com.st.stm32cube.ide.mcu.externaltools.gnu-tools-for-stm32.7-2018-q2-update.win32_1.4.0.202007081208/tools/bin/../lib/gcc/arm-none-eabi/7.3.1/thumb/v7e-m/fpv4-sp/hard/crtbegin.o
LOAD c:/st/stm32cubeide_1.3.0/stm32cubeide/plugins/com.st.stm32cube.ide.mcu.externaltools.gnu-tools-for-stm32.7-2018-q2-update.win32_1.4.0.202007081208/tools/bin/../lib/gcc/arm-none-eabi/7.3.1/../../../../arm-none-eabi/lib/thumb/v7e-m/fpv4-sp/hard/crt0.o
LOAD Application/Startup/startup_stm32f303cbtx.o
LOAD Application/User/esc.o
LOAD Application/User/main.o
LOAD Application/User/mc_api.o
LOAD Application/User/mc_config.o
LOAD Application/User/mc_interface.o
LOAD Application/User/mc_math.o
LOAD Application/User/mc_parameters.o
LOAD Application/User/mc_tasks.o
LOAD Application/User/motor_control_protocol.o
LOAD Application/User/motorcontrol.o
LOAD Application/User/regular_conversion_manager.o
LOAD Application/User/stm32f30x_mc_it.o
LOAD Application/User/stm32f3xx_hal_msp.o
LOAD Application/User/stm32f3xx_it.o
LOAD Application/User/syscalls.o
LOAD Application/User/sysmem.o
LOAD Application/User/ui_task.o
LOAD Application/User/user_interface.o
LOAD Drivers/CMSIS/system_stm32f3xx.o
LOAD Drivers/STM32F3xx_HAL_Driver/stm32f3xx_hal.o
LOAD Drivers/STM32F3xx_HAL_Driver/stm32f3xx_hal_adc.o
LOAD Drivers/STM32F3xx_HAL_Driver/stm32f3xx_hal_adc_ex.o
LOAD Drivers/STM32F3xx_HAL_Driver/stm32f3xx_hal_can.o
LOAD Drivers/STM32F3xx_HAL_Driver/stm32f3xx_hal_comp.o
LOAD Drivers/STM32F3xx_HAL_Driver/stm32f3xx_hal_cortex.o
LOAD Drivers/STM32F3xx_HAL_Driver/stm32f3xx_hal_dac.o
LOAD Drivers/STM32F3xx_HAL_Driver/stm32f3xx_hal_dac_ex.o
LOAD Drivers/STM32F3xx_HAL_Driver/stm32f3xx_hal_dma.o
LOAD Drivers/STM32F3xx_HAL_Driver/stm32f3xx_hal_exti.o
LOAD Drivers/STM32F3xx_HAL_Driver/stm32f3xx_hal_flash.o
LOAD Drivers/STM32F3xx_HAL_Driver/stm32f3xx_hal_flash_ex.o
LOAD Drivers/STM32F3xx_HAL_Driver/stm32f3xx_hal_gpio.o
LOAD Drivers/STM32F3xx_HAL_Driver/stm32f3xx_hal_i2c.o
LOAD Drivers/STM32F3xx_HAL_Driver/stm32f3xx_hal_i2c_ex.o
LOAD Drivers/STM32F3xx_HAL_Driver/stm32f3xx_hal_pwr.o
LOAD Drivers/STM32F3xx_HAL_Driver/stm32f3xx_hal_pwr_ex.o
LOAD Drivers/STM32F3xx_HAL_Driver/stm32f3xx_hal_rcc.o
LOAD Drivers/STM32F3xx_HAL_Driver/stm32f3xx_hal_rcc_ex.o
LOAD Drivers/STM32F3xx_HAL_Driver/stm32f3xx_hal_spi.o
LOAD Drivers/STM32F3xx_HAL_Driver/stm32f3xx_hal_spi_ex.o
LOAD Drivers/STM32F3xx_HAL_Driver/stm32f3xx_hal_tim.o
LOAD Drivers/STM32F3xx_HAL_Driver/stm32f3xx_hal_tim_ex.o
LOAD Drivers/STM32F3xx_HAL_Driver/stm32f3xx_hal_uart.o
LOAD Drivers/STM32F3xx_HAL_Driver/stm32f3xx_hal_uart_ex.o
LOAD Middlewares/MotorControl/bus_voltage_sensor.o
LOAD Middlewares/MotorControl/circle_limitation.o
LOAD Middlewares/MotorControl/digital_output.o
LOAD Middlewares/MotorControl/frame_communication_protocol.o
LOAD Middlewares/MotorControl/motor_power_measurement.o
LOAD Middlewares/MotorControl/ntc_temperature_sensor.o
LOAD Middlewares/MotorControl/open_loop.o
LOAD Middlewares/MotorControl/pid_regulator.o
LOAD Middlewares/MotorControl/pqd_motor_power_measurement.o
LOAD Middlewares/MotorControl/pwm_common.o
LOAD Middlewares/MotorControl/pwm_curr_fdbk.o
LOAD Middlewares/MotorControl/r3_1_f30x_pwm_curr_fdbk.o
LOAD Middlewares/MotorControl/r_divider_bus_voltage_sensor.o
LOAD Middlewares/MotorControl/ramp_ext_mngr.o
LOAD Middlewares/MotorControl/speed_pos_fdbk.o
LOAD Middlewares/MotorControl/speed_torq_ctrl.o
LOAD Middlewares/MotorControl/state_machine.o
LOAD Middlewares/MotorControl/ui_irq_handler.o
LOAD Middlewares/MotorControl/usart_frame_communication_protocol.o
LOAD Middlewares/MotorControl/virtual_speed_sensor.o
LOAD ../../MCSDK_v5.4.4/MotorControl/lib\libmc-gcc_M4_NoCCMRAM.lib
START GROUP
LOAD c:/st/stm32cubeide_1.3.0/stm32cubeide/plugins/com.st.stm32cube.ide.mcu.externaltools.gnu-tools-for-stm32.7-2018-q2-update.win32_1.4.0.202007081208/tools/bin/../lib/gcc/arm-none-eabi/7.3.1/../../../../arm-none-eabi/lib/thumb/v7e-m/fpv4-sp/hard\libc_nano.a
LOAD c:/st/stm32cubeide_1.3.0/stm32cubeide/plugins/com.st.stm32cube.ide.mcu.externaltools.gnu-tools-for-stm32.7-2018-q2-update.win32_1.4.0.202007081208/tools/bin/../lib/gcc/arm-none-eabi/7.3.1/../../../../arm-none-eabi/lib/thumb/v7e-m/fpv4-sp/hard\libm.a
END GROUP
START GROUP
LOAD c:/st/stm32cubeide_1.3.0/stm32cubeide/plugins/com.st.stm32cube.ide.mcu.externaltools.gnu-tools-for-stm32.7-2018-q2-update.win32_1.4.0.202007081208/tools/bin/../lib/gcc/arm-none-eabi/7.3.1/thumb/v7e-m/fpv4-sp/hard\libgcc.a
LOAD c:/st/stm32cubeide_1.3.0/stm32cubeide/plugins/com.st.stm32cube.ide.mcu.externaltools.gnu-tools-for-stm32.7-2018-q2-update.win32_1.4.0.202007081208/tools/bin/../lib/gcc/arm-none-eabi/7.3.1/../../../../arm-none-eabi/lib/thumb/v7e-m/fpv4-sp/hard\libc_nano.a
END GROUP
START GROUP
LOAD c:/st/stm32cubeide_1.3.0/stm32cubeide/plugins/com.st.stm32cube.ide.mcu.externaltools.gnu-tools-for-stm32.7-2018-q2-update.win32_1.4.0.202007081208/tools/bin/../lib/gcc/arm-none-eabi/7.3.1/thumb/v7e-m/fpv4-sp/hard\libgcc.a
LOAD c:/st/stm32cubeide_1.3.0/stm32cubeide/plugins/com.st.stm32cube.ide.mcu.externaltools.gnu-tools-for-stm32.7-2018-q2-update.win32_1.4.0.202007081208/tools/bin/../lib/gcc/arm-none-eabi/7.3.1/../../../../arm-none-eabi/lib/thumb/v7e-m/fpv4-sp/hard\libc_nano.a
LOAD c:/st/stm32cubeide_1.3.0/stm32cubeide/plugins/com.st.stm32cube.ide.mcu.externaltools.gnu-tools-for-stm32.7-2018-q2-update.win32_1.4.0.202007081208/tools/bin/../lib/gcc/arm-none-eabi/7.3.1/../../../../arm-none-eabi/lib/thumb/v7e-m/fpv4-sp/hard\libnosys.a
END GROUP
START GROUP
LOAD c:/st/stm32cubeide_1.3.0/stm32cubeide/plugins/com.st.stm32cube.ide.mcu.externaltools.gnu-tools-for-stm32.7-2018-q2-update.win32_1.4.0.202007081208/tools/bin/../lib/gcc/arm-none-eabi/7.3.1/thumb/v7e-m/fpv4-sp/hard\libgcc.a
LOAD c:/st/stm32cubeide_1.3.0/stm32cubeide/plugins/com.st.stm32cube.ide.mcu.externaltools.gnu-tools-for-stm32.7-2018-q2-update.win32_1.4.0.202007081208/tools/bin/../lib/gcc/arm-none-eabi/7.3.1/../../../../arm-none-eabi/lib/thumb/v7e-m/fpv4-sp/hard\libc_nano.a
LOAD c:/st/stm32cubeide_1.3.0/stm32cubeide/plugins/com.st.stm32cube.ide.mcu.externaltools.gnu-tools-for-stm32.7-2018-q2-update.win32_1.4.0.202007081208/tools/bin/../lib/gcc/arm-none-eabi/7.3.1/../../../../arm-none-eabi/lib/thumb/v7e-m/fpv4-sp/hard\libnosys.a
END GROUP
LOAD c:/st/stm32cubeide_1.3.0/stm32cubeide/plugins/com.st.stm32cube.ide.mcu.externaltools.gnu-tools-for-stm32.7-2018-q2-update.win32_1.4.0.202007081208/tools/bin/../lib/gcc/arm-none-eabi/7.3.1/thumb/v7e-m/fpv4-sp/hard/crtend.o
LOAD c:/st/stm32cubeide_1.3.0/stm32cubeide/plugins/com.st.stm32cube.ide.mcu.externaltools.gnu-tools-for-stm32.7-2018-q2-update.win32_1.4.0.202007081208/tools/bin/../lib/gcc/arm-none-eabi/7.3.1/thumb/v7e-m/fpv4-sp/hard/crtn.o
                0x0000000020008000                _estack = (ORIGIN (RAM) + LENGTH (RAM))
                0x0000000000000200                _Min_Heap_Size = 0x200
                0x0000000000000400                _Min_Stack_Size = 0x400

.isr_vector     0x0000000008000000      0x188
                0x0000000008000000                . = ALIGN (0x4)
 *(.isr_vector)
 .isr_vector    0x0000000008000000      0x188 Application/Startup/startup_stm32f303cbtx.o
                0x0000000008000000                g_pfnVectors
                0x0000000008000188                . = ALIGN (0x4)

.text           0x0000000008000188     0x87cc
                0x0000000008000188                . = ALIGN (0x4)
 *(.text)
 .text          0x0000000008000188       0x40 c:/st/stm32cubeide_1.3.0/stm32cubeide/plugins/com.st.stm32cube.ide.mcu.externaltools.gnu-tools-for-stm32.7-2018-q2-update.win32_1.4.0.202007081208/tools/bin/../lib/gcc/arm-none-eabi/7.3.1/thumb/v7e-m/fpv4-sp/hard/crtbegin.o
 *(.text*)
 .text.Reset_Handler
                0x00000000080001c8       0x50 Application/Startup/startup_stm32f303cbtx.o
                0x00000000080001c8                Reset_Handler
 .text.Default_Handler
                0x0000000008000218        0x2 Application/Startup/startup_stm32f303cbtx.o
                0x0000000008000218                RTC_Alarm_IRQHandler
                0x0000000008000218                TIM8_TRG_COM_IRQHandler
                0x0000000008000218                TIM8_CC_IRQHandler
                0x0000000008000218                DebugMon_Handler
                0x0000000008000218                TIM1_CC_IRQHandler
                0x0000000008000218                USB_HP_IRQHandler
                0x0000000008000218                PVD_IRQHandler
                0x0000000008000218                TAMP_STAMP_IRQHandler
                0x0000000008000218                PendSV_Handler
                0x0000000008000218                NMI_Handler
                0x0000000008000218                EXTI3_IRQHandler
                0x0000000008000218                USB_HP_CAN_TX_IRQHandler
                0x0000000008000218                EXTI0_IRQHandler
                0x0000000008000218                I2C2_EV_IRQHandler
                0x0000000008000218                FPU_IRQHandler
                0x0000000008000218                UsageFault_Handler
                0x0000000008000218                SPI1_IRQHandler
                0x0000000008000218                CAN_SCE_IRQHandler
                0x0000000008000218                TIM6_DAC_IRQHandler
                0x0000000008000218                TIM8_UP_IRQHandler
                0x0000000008000218                DMA2_Channel2_IRQHandler
                0x0000000008000218                DMA1_Channel4_IRQHandler
                0x0000000008000218                USART3_IRQHandler
                0x0000000008000218                DMA1_Channel7_IRQHandler
                0x0000000008000218                UART5_IRQHandler
                0x0000000008000218                ADC3_IRQHandler
                0x0000000008000218                TIM4_IRQHandler
                0x0000000008000218                CAN_RX1_IRQHandler
                0x0000000008000218                DMA2_Channel1_IRQHandler
                0x0000000008000218                I2C1_EV_IRQHandler
                0x0000000008000218                DMA1_Channel6_IRQHandler
                0x0000000008000218                UART4_IRQHandler
                0x0000000008000218                DMA2_Channel4_IRQHandler
                0x0000000008000218                TIM3_IRQHandler
                0x0000000008000218                RCC_IRQHandler
                0x0000000008000218                DMA1_Channel1_IRQHandler
                0x0000000008000218                Default_Handler
                0x0000000008000218                USBWakeUp_RMP_IRQHandler
                0x0000000008000218                EXTI15_10_IRQHandler
                0x0000000008000218                TIM7_IRQHandler
                0x0000000008000218                EXTI9_5_IRQHandler
                0x0000000008000218                RTC_WKUP_IRQHandler
                0x0000000008000218                SPI2_IRQHandler
                0x0000000008000218                USB_LP_CAN_RX0_IRQHandler
                0x0000000008000218                MemManage_Handler
                0x0000000008000218                SVC_Handler
                0x0000000008000218                DMA2_Channel5_IRQHandler
                0x0000000008000218                DMA1_Channel5_IRQHandler
                0x0000000008000218                USB_LP_IRQHandler
                0x0000000008000218                EXTI4_IRQHandler
                0x0000000008000218                TIM1_TRG_COM_TIM17_IRQHandler
                0x0000000008000218                DMA1_Channel3_IRQHandler
                0x0000000008000218                ADC4_IRQHandler
                0x0000000008000218                WWDG_IRQHandler
                0x0000000008000218                COMP7_IRQHandler
                0x0000000008000218                COMP1_2_3_IRQHandler
                0x0000000008000218                EXTI1_IRQHandler
                0x0000000008000218                USART2_IRQHandler
                0x0000000008000218                COMP4_5_6_IRQHandler
                0x0000000008000218                I2C2_ER_IRQHandler
                0x0000000008000218                DMA1_Channel2_IRQHandler
                0x0000000008000218                TIM8_BRK_IRQHandler
                0x0000000008000218                FLASH_IRQHandler
                0x0000000008000218                BusFault_Handler
                0x0000000008000218                SPI3_IRQHandler
                0x0000000008000218                I2C1_ER_IRQHandler
                0x0000000008000218                USBWakeUp_IRQHandler
                0x0000000008000218                DMA2_Channel3_IRQHandler
                0x0000000008000218                EXTI2_TSC_IRQHandler
 *fill*         0x000000000800021a        0x2 
 .text.esc_boot
                0x000000000800021c       0x28 Application/User/esc.o
                0x000000000800021c                esc_boot
 .text.esc_pwm_control
                0x0000000008000244      0x1b0 Application/User/esc.o
                0x0000000008000244                esc_pwm_control
 .text.TIM2_IRQHandler
                0x00000000080003f4       0xac Application/User/esc.o
                0x00000000080003f4                TIM2_IRQHandler
 .text.SystemClock_Config
                0x00000000080004a0       0x6c Application/User/main.o
                0x00000000080004a0                SystemClock_Config
 .text.SPIread  0x000000000800050c       0x50 Application/User/main.o
                0x000000000800050c                SPIread
 .text.configureDriver
                0x000000000800055c       0xfc Application/User/main.o
                0x000000000800055c                configureDriver
 .text.resetDriver
                0x0000000008000658       0x2c Application/User/main.o
                0x0000000008000658                resetDriver
 .text.startup.main
                0x0000000008000684      0x65c Application/User/main.o
                0x0000000008000684                main
 .text.MC_AcknowledgeFaultMotor1
                0x0000000008000ce0        0xc Application/User/mc_api.o
                0x0000000008000ce0                MC_AcknowledgeFaultMotor1
 .text.MC_GetSTMStateMotor1
                0x0000000008000cec        0xc Application/User/mc_api.o
                0x0000000008000cec                MC_GetSTMStateMotor1
 .text.MCI_Init
                0x0000000008000cf8       0x1c Application/User/mc_interface.o
                0x0000000008000cf8                MCI_Init
 .text.MCI_ExecSpeedRamp
                0x0000000008000d14       0x10 Application/User/mc_interface.o
                0x0000000008000d14                MCI_ExecSpeedRamp
 .text.MCI_ExecTorqueRamp
                0x0000000008000d24       0x18 Application/User/mc_interface.o
                0x0000000008000d24                MCI_ExecTorqueRamp
 .text.MCI_SetCurrentReferences
                0x0000000008000d3c       0x1c Application/User/mc_interface.o
                0x0000000008000d3c                MCI_SetCurrentReferences
 .text.MCI_StartMotor
                0x0000000008000d58       0x14 Application/User/mc_interface.o
                0x0000000008000d58                MCI_StartMotor
 .text.MCI_StopMotor
                0x0000000008000d6c        0x8 Application/User/mc_interface.o
                0x0000000008000d6c                MCI_StopMotor
 .text.MCI_FaultAcknowledged
                0x0000000008000d74        0x8 Application/User/mc_interface.o
                0x0000000008000d74                MCI_FaultAcknowledged
 .text.MCI_EncoderAlign
                0x0000000008000d7c        0x8 Application/User/mc_interface.o
                0x0000000008000d7c                MCI_EncoderAlign
 .text.MCI_ExecBufferedCommands
                0x0000000008000d84       0x74 Application/User/mc_interface.o
                0x0000000008000d84                MCI_ExecBufferedCommands
 .text.MCI_GetSTMState
                0x0000000008000df8        0x8 Application/User/mc_interface.o
                0x0000000008000df8                MCI_GetSTMState
 .text.MCI_GetControlMode
                0x0000000008000e00        0x4 Application/User/mc_interface.o
                0x0000000008000e00                MCI_GetControlMode
 .text.MCI_GetImposedMotorDirection
                0x0000000008000e04       0x44 Application/User/mc_interface.o
                0x0000000008000e04                MCI_GetImposedMotorDirection
 .text.MCI_GetLastRampFinalSpeed
                0x0000000008000e48       0x10 Application/User/mc_interface.o
                0x0000000008000e48                MCI_GetLastRampFinalSpeed
 .text.MCI_StopRamp
                0x0000000008000e58        0x8 Application/User/mc_interface.o
                0x0000000008000e58                MCI_StopRamp
 .text.MCI_GetAvrgMecSpeedUnit
                0x0000000008000e60       0x10 Application/User/mc_interface.o
                0x0000000008000e60                MCI_GetAvrgMecSpeedUnit
 .text.MCI_GetMecSpeedRefUnit
                0x0000000008000e70        0x8 Application/User/mc_interface.o
                0x0000000008000e70                MCI_GetMecSpeedRefUnit
 .text.MCI_GetIab
                0x0000000008000e78       0x10 Application/User/mc_interface.o
                0x0000000008000e78                MCI_GetIab
 .text.MCI_GetIalphabeta
                0x0000000008000e88       0x10 Application/User/mc_interface.o
                0x0000000008000e88                MCI_GetIalphabeta
 .text.MCI_GetIqd
                0x0000000008000e98       0x10 Application/User/mc_interface.o
                0x0000000008000e98                MCI_GetIqd
 .text.MCI_GetIqdref
                0x0000000008000ea8       0x10 Application/User/mc_interface.o
                0x0000000008000ea8                MCI_GetIqdref
 .text.MCI_GetVqd
                0x0000000008000eb8       0x14 Application/User/mc_interface.o
                0x0000000008000eb8                MCI_GetVqd
 .text.MCI_GetValphabeta
                0x0000000008000ecc       0x14 Application/User/mc_interface.o
                0x0000000008000ecc                MCI_GetValphabeta
 .text.MCI_GetTeref
                0x0000000008000ee0        0x8 Application/User/mc_interface.o
                0x0000000008000ee0                MCI_GetTeref
 .text.MCI_SetIdref
                0x0000000008000ee8        0x8 Application/User/mc_interface.o
                0x0000000008000ee8                MCI_SetIdref
 .text.MCI_Clear_Iqdref
                0x0000000008000ef0       0x14 Application/User/mc_interface.o
                0x0000000008000ef0                MCI_Clear_Iqdref
 .text.MCM_Clarke
                0x0000000008000f04       0x4c Application/User/mc_math.o
                0x0000000008000f04                MCM_Clarke
 .text.MCM_Trig_Functions
                0x0000000008000f50       0x94 Application/User/mc_math.o
                0x0000000008000f50                MCM_Trig_Functions
 .text.MCM_Park
                0x0000000008000fe4       0x74 Application/User/mc_math.o
                0x0000000008000fe4                MCM_Park
 .text.MCM_Rev_Park
                0x0000000008001058       0x3c Application/User/mc_math.o
                0x0000000008001058                MCM_Rev_Park
 .text.FOC_Clear
                0x0000000008001094       0x7c Application/User/mc_tasks.o
                0x0000000008001094                FOC_Clear
 .text.MCboot   0x0000000008001110      0x20c Application/User/mc_tasks.o
                0x0000000008001110                MCboot
 .text.FOC_InitAdditionalMethods
                0x000000000800131c        0x4 Application/User/mc_tasks.o
                0x000000000800131c                FOC_InitAdditionalMethods
 .text.FOC_CalcCurrRef
                0x0000000008001320       0x2c Application/User/mc_tasks.o
                0x0000000008001320                FOC_CalcCurrRef
 .text.TSK_SetChargeBootCapDelayM1
                0x000000000800134c        0xc Application/User/mc_tasks.o
                0x000000000800134c                TSK_SetChargeBootCapDelayM1
 .text.TSK_ChargeBootCapDelayHasElapsedM1
                0x0000000008001358       0x14 Application/User/mc_tasks.o
                0x0000000008001358                TSK_ChargeBootCapDelayHasElapsedM1
 .text.TSK_SetStopPermanencyTimeM1
                0x000000000800136c        0xc Application/User/mc_tasks.o
                0x000000000800136c                TSK_SetStopPermanencyTimeM1
 .text.TSK_StopPermanencyTimeHasElapsedM1
                0x0000000008001378       0x14 Application/User/mc_tasks.o
                0x0000000008001378                TSK_StopPermanencyTimeHasElapsedM1
 .text.TSK_MediumFrequencyTaskM1
                0x000000000800138c      0x290 Application/User/mc_tasks.o
                0x000000000800138c                TSK_MediumFrequencyTaskM1
 .text.MC_Scheduler
                0x000000000800161c       0x5c Application/User/mc_tasks.o
                0x000000000800161c                MC_Scheduler
 .text.TSK_HighFrequencyTask
                0x0000000008001678      0x188 Application/User/mc_tasks.o
                0x0000000008001678                TSK_HighFrequencyTask
 .text.TSK_SafetyTask_PWMOFF
                0x0000000008001800       0x98 Application/User/mc_tasks.o
                0x0000000008001800                TSK_SafetyTask_PWMOFF
 .text.TSK_SafetyTask
                0x0000000008001898       0x20 Application/User/mc_tasks.o
                0x0000000008001898                TSK_SafetyTask
 .text.MC_RunMotorControlTasks
                0x00000000080018b8       0x20 Application/User/mc_tasks.o
                0x00000000080018b8                MC_RunMotorControlTasks
 .text.TSK_HardwareFaultTask
                0x00000000080018d8       0x20 Application/User/mc_tasks.o
                0x00000000080018d8                TSK_HardwareFaultTask
 .text.mc_lock_pins
                0x00000000080018f8      0x11c Application/User/mc_tasks.o
                0x00000000080018f8                mc_lock_pins
 .text.MCP_ReceivedFrame
                0x0000000008001a14      0x5d0 Application/User/motor_control_protocol.o
                0x0000000008001a14                MCP_ReceivedFrame
 .text.MCP_WaitNextFrame
                0x0000000008001fe4       0x1c Application/User/motor_control_protocol.o
                0x0000000008001fe4                MCP_WaitNextFrame
 .text.MCP_Init
                0x0000000008002000       0x40 Application/User/motor_control_protocol.o
                0x0000000008002000                MCP_Init
 .text.MCP_OnTimeOut
                0x0000000008002040        0x8 Application/User/motor_control_protocol.o
                0x0000000008002040                MCP_OnTimeOut
 .text.MCP_SentFrame
                0x0000000008002048        0x8 Application/User/motor_control_protocol.o
                0x0000000008002048                MCP_SentFrame
 .text.MX_MotorControl_Init
                0x0000000008002050       0x4c Application/User/motorcontrol.o
                0x0000000008002050                MX_MotorControl_Init
 .text.RCM_RegisterRegConv
                0x000000000800209c      0x1b4 Application/User/regular_conversion_manager.o
                0x000000000800209c                RCM_RegisterRegConv
 .text.RCM_ExecRegularConv
                0x0000000008002250       0x74 Application/User/regular_conversion_manager.o
                0x0000000008002250                RCM_ExecRegularConv
 .text.RCM_ExecUserConv
                0x00000000080022c4       0xb0 Application/User/regular_conversion_manager.o
                0x00000000080022c4                RCM_ExecUserConv
 .text.ADC1_2_IRQHandler
                0x0000000008002374        0xc Application/User/stm32f30x_mc_it.o
                0x0000000008002374                ADC1_2_IRQHandler
 .text.TIM1_UP_TIM16_IRQHandler
                0x0000000008002380       0x18 Application/User/stm32f30x_mc_it.o
                0x0000000008002380                TIM1_UP_TIM16_IRQHandler
 .text.TIM1_BRK_TIM15_IRQHandler
                0x0000000008002398       0x3c Application/User/stm32f30x_mc_it.o
                0x0000000008002398                TIM1_BRK_TIM15_IRQHandler
 .text.USART1_IRQHandler
                0x00000000080023d4       0x6c Application/User/stm32f30x_mc_it.o
                0x00000000080023d4                USART1_IRQHandler
 .text.HardFault_Handler
                0x0000000008002440       0x74 Application/User/stm32f30x_mc_it.o
                0x0000000008002440                HardFault_Handler
 .text.SysTick_Handler
                0x00000000080024b4       0x30 Application/User/stm32f30x_mc_it.o
                0x00000000080024b4                SysTick_Handler
 .text.HAL_MspInit
                0x00000000080024e4       0x34 Application/User/stm32f3xx_hal_msp.o
                0x00000000080024e4                HAL_MspInit
 .text.HAL_ADC_MspInit
                0x0000000008002518       0xb0 Application/User/stm32f3xx_hal_msp.o
                0x0000000008002518                HAL_ADC_MspInit
 .text.HAL_CAN_MspInit
                0x00000000080025c8       0x70 Application/User/stm32f3xx_hal_msp.o
                0x00000000080025c8                HAL_CAN_MspInit
 .text.HAL_COMP_MspInit
                0x0000000008002638       0xc8 Application/User/stm32f3xx_hal_msp.o
                0x0000000008002638                HAL_COMP_MspInit
 .text.HAL_DAC_MspInit
                0x0000000008002700       0x64 Application/User/stm32f3xx_hal_msp.o
                0x0000000008002700                HAL_DAC_MspInit
 .text.HAL_SPI_MspInit
                0x0000000008002764       0x70 Application/User/stm32f3xx_hal_msp.o
                0x0000000008002764                HAL_SPI_MspInit
 .text.HAL_TIM_Base_MspInit
                0x00000000080027d4       0x90 Application/User/stm32f3xx_hal_msp.o
                0x00000000080027d4                HAL_TIM_Base_MspInit
 .text.HAL_TIM_MspPostInit
                0x0000000008002864       0xbc Application/User/stm32f3xx_hal_msp.o
                0x0000000008002864                HAL_TIM_MspPostInit
 .text.HAL_UART_MspInit
                0x0000000008002920       0x68 Application/User/stm32f3xx_hal_msp.o
                0x0000000008002920                HAL_UART_MspInit
 .text.UI_TaskInit
                0x0000000008002988       0x7c Application/User/ui_task.o
                0x0000000008002988                UI_TaskInit
 .text.UI_Scheduler
                0x0000000008002a04       0x40 Application/User/ui_task.o
                0x0000000008002a04                UI_Scheduler
 .text.UI_IdleTimeHasElapsed
                0x0000000008002a44       0x14 Application/User/ui_task.o
                0x0000000008002a44                UI_IdleTimeHasElapsed
 .text.UI_SetIdleTime
                0x0000000008002a58        0xc Application/User/ui_task.o
                0x0000000008002a58                UI_SetIdleTime
 .text.UI_SerialCommunicationTimeOutStop
                0x0000000008002a64        0xc Application/User/ui_task.o
                0x0000000008002a64                UI_SerialCommunicationTimeOutStop
 .text.UI_SerialCommunicationTimeOutStart
                0x0000000008002a70        0xc Application/User/ui_task.o
                0x0000000008002a70                UI_SerialCommunicationTimeOutStart
 .text.UI_Init  0x0000000008002a7c       0x14 Application/User/user_interface.o
                0x0000000008002a7c                UI_Init
 .text.UI_SelectMC
                0x0000000008002a90       0x10 Application/User/user_interface.o
                0x0000000008002a90                UI_SelectMC
 .text.UI_GetSelectedMC
                0x0000000008002aa0        0x4 Application/User/user_interface.o
                0x0000000008002aa0                UI_GetSelectedMC
 .text.UI_SetReg
                0x0000000008002aa4      0x2dc Application/User/user_interface.o
                0x0000000008002aa4                UI_SetReg
 .text.UI_GetReg
                0x0000000008002d80      0x5f4 Application/User/user_interface.o
                0x0000000008002d80                UI_GetReg
 .text.UI_ExecCmd
                0x0000000008003374       0x78 Application/User/user_interface.o
                0x0000000008003374                UI_ExecCmd
 .text.UI_ExecSpeedRamp
                0x00000000080033ec       0x24 Application/User/user_interface.o
                0x00000000080033ec                UI_ExecSpeedRamp
 .text.UI_ExecTorqueRamp
                0x0000000008003410       0x14 Application/User/user_interface.o
                0x0000000008003410                UI_ExecTorqueRamp
 .text.UI_GetRevupData
                0x0000000008003424       0x38 Application/User/user_interface.o
                0x0000000008003424                UI_GetRevupData
 .text.UI_SetRevupData
                0x000000000800345c       0x34 Application/User/user_interface.o
                0x000000000800345c                UI_SetRevupData
 .text.UI_SetCurrentReferences
                0x0000000008003490       0x1c Application/User/user_interface.o
                0x0000000008003490                UI_SetCurrentReferences
 .text.UI_GetMPInfo
                0x00000000080034ac        0x4 Application/User/user_interface.o
                0x00000000080034ac                UI_GetMPInfo
 .text.SystemInit
                0x00000000080034b0       0x1c Drivers/CMSIS/system_stm32f3xx.o
                0x00000000080034b0                SystemInit
 .text.HAL_InitTick
                0x00000000080034cc       0x48 Drivers/STM32F3xx_HAL_Driver/stm32f3xx_hal.o
                0x00000000080034cc                HAL_InitTick
 .text.HAL_Init
                0x0000000008003514       0x24 Drivers/STM32F3xx_HAL_Driver/stm32f3xx_hal.o
                0x0000000008003514                HAL_Init
 .text.HAL_IncTick
                0x0000000008003538       0x18 Drivers/STM32F3xx_HAL_Driver/stm32f3xx_hal.o
                0x0000000008003538                HAL_IncTick
 .text.HAL_GetTick
                0x0000000008003550        0xc Drivers/STM32F3xx_HAL_Driver/stm32f3xx_hal.o
                0x0000000008003550                HAL_GetTick
 .text.HAL_Delay
                0x000000000800355c       0x24 Drivers/STM32F3xx_HAL_Driver/stm32f3xx_hal.o
                0x000000000800355c                HAL_Delay
 .text.HAL_ADC_Init
                0x0000000008003580      0x2fc Drivers/STM32F3xx_HAL_Driver/stm32f3xx_hal_adc_ex.o
                0x0000000008003580                HAL_ADC_Init
 .text.HAL_ADC_ConfigChannel
                0x000000000800387c      0x354 Drivers/STM32F3xx_HAL_Driver/stm32f3xx_hal_adc_ex.o
                0x000000000800387c                HAL_ADC_ConfigChannel
 .text.HAL_ADCEx_InjectedConfigChannel
                0x0000000008003bd0      0x454 Drivers/STM32F3xx_HAL_Driver/stm32f3xx_hal_adc_ex.o
                0x0000000008003bd0                HAL_ADCEx_InjectedConfigChannel
 .text.HAL_ADCEx_MultiModeConfigChannel
                0x0000000008004024      0x11c Drivers/STM32F3xx_HAL_Driver/stm32f3xx_hal_adc_ex.o
                0x0000000008004024                HAL_ADCEx_MultiModeConfigChannel
 .text.HAL_CAN_Init
                0x0000000008004140      0x104 Drivers/STM32F3xx_HAL_Driver/stm32f3xx_hal_can.o
                0x0000000008004140                HAL_CAN_Init
 .text.HAL_COMP_Init
                0x0000000008004244       0xc4 Drivers/STM32F3xx_HAL_Driver/stm32f3xx_hal_comp.o
                0x0000000008004244                HAL_COMP_Init
 .text.HAL_NVIC_SetPriorityGrouping
                0x0000000008004308       0x24 Drivers/STM32F3xx_HAL_Driver/stm32f3xx_hal_cortex.o
                0x0000000008004308                HAL_NVIC_SetPriorityGrouping
 .text.HAL_NVIC_SetPriority
                0x000000000800432c       0x6c Drivers/STM32F3xx_HAL_Driver/stm32f3xx_hal_cortex.o
                0x000000000800432c                HAL_NVIC_SetPriority
 .text.HAL_NVIC_EnableIRQ
                0x0000000008004398       0x1c Drivers/STM32F3xx_HAL_Driver/stm32f3xx_hal_cortex.o
                0x0000000008004398                HAL_NVIC_EnableIRQ
 .text.HAL_SYSTICK_Config
                0x00000000080043b4       0x34 Drivers/STM32F3xx_HAL_Driver/stm32f3xx_hal_cortex.o
                0x00000000080043b4                HAL_SYSTICK_Config
 .text.HAL_SYSTICK_Callback
                0x00000000080043e8        0x4 Drivers/STM32F3xx_HAL_Driver/stm32f3xx_hal_cortex.o
                0x00000000080043e8                HAL_SYSTICK_Callback
 .text.HAL_SYSTICK_IRQHandler
                0x00000000080043ec        0x8 Drivers/STM32F3xx_HAL_Driver/stm32f3xx_hal_cortex.o
                0x00000000080043ec                HAL_SYSTICK_IRQHandler
 .text.HAL_DAC_Init
                0x00000000080043f4       0x2c Drivers/STM32F3xx_HAL_Driver/stm32f3xx_hal_dac.o
                0x00000000080043f4                HAL_DAC_Init
 .text.HAL_DAC_ConfigChannel
                0x0000000008004420       0x48 Drivers/STM32F3xx_HAL_Driver/stm32f3xx_hal_dac_ex.o
                0x0000000008004420                HAL_DAC_ConfigChannel
 .text.HAL_GPIO_Init
                0x0000000008004468      0x1b8 Drivers/STM32F3xx_HAL_Driver/stm32f3xx_hal_gpio.o
                0x0000000008004468                HAL_GPIO_Init
 .text.HAL_GPIO_ReadPin
                0x0000000008004620        0xc Drivers/STM32F3xx_HAL_Driver/stm32f3xx_hal_gpio.o
                0x0000000008004620                HAL_GPIO_ReadPin
 .text.HAL_GPIO_WritePin
                0x000000000800462c        0xc Drivers/STM32F3xx_HAL_Driver/stm32f3xx_hal_gpio.o
                0x000000000800462c                HAL_GPIO_WritePin
 .text.HAL_RCC_OscConfig
                0x0000000008004638      0x5c0 Drivers/STM32F3xx_HAL_Driver/stm32f3xx_hal_rcc.o
                0x0000000008004638                HAL_RCC_OscConfig
 .text.HAL_RCC_ClockConfig
                0x0000000008004bf8      0x1c0 Drivers/STM32F3xx_HAL_Driver/stm32f3xx_hal_rcc.o
                0x0000000008004bf8                HAL_RCC_ClockConfig
 .text.HAL_RCC_GetSysClockFreq
                0x0000000008004db8       0x68 Drivers/STM32F3xx_HAL_Driver/stm32f3xx_hal_rcc.o
                0x0000000008004db8                HAL_RCC_GetSysClockFreq
 .text.HAL_RCC_GetHCLKFreq
                0x0000000008004e20        0xc Drivers/STM32F3xx_HAL_Driver/stm32f3xx_hal_rcc.o
                0x0000000008004e20                HAL_RCC_GetHCLKFreq
 .text.HAL_RCC_GetPCLK1Freq
                0x0000000008004e2c       0x30 Drivers/STM32F3xx_HAL_Driver/stm32f3xx_hal_rcc.o
                0x0000000008004e2c                HAL_RCC_GetPCLK1Freq
 .text.HAL_RCC_GetPCLK2Freq
                0x0000000008004e5c       0x30 Drivers/STM32F3xx_HAL_Driver/stm32f3xx_hal_rcc.o
                0x0000000008004e5c                HAL_RCC_GetPCLK2Freq
 .text.HAL_RCCEx_PeriphCLKConfig
                0x0000000008004e8c      0x220 Drivers/STM32F3xx_HAL_Driver/stm32f3xx_hal_rcc_ex.o
                0x0000000008004e8c                HAL_RCCEx_PeriphCLKConfig
 .text.SPI_EndRxTxTransaction
                0x00000000080050ac       0xc8 Drivers/STM32F3xx_HAL_Driver/stm32f3xx_hal_spi.o
 .text.HAL_SPI_Init
                0x0000000008005174       0xd8 Drivers/STM32F3xx_HAL_Driver/stm32f3xx_hal_spi.o
                0x0000000008005174                HAL_SPI_Init
 .text.HAL_SPI_TransmitReceive
                0x000000000800524c      0x2ec Drivers/STM32F3xx_HAL_Driver/stm32f3xx_hal_spi.o
                0x000000000800524c                HAL_SPI_TransmitReceive
 .text.HAL_TIM_Base_Init
                0x0000000008005538      0x110 Drivers/STM32F3xx_HAL_Driver/stm32f3xx_hal_tim.o
                0x0000000008005538                HAL_TIM_Base_Init
 .text.HAL_TIM_PWM_MspInit
                0x0000000008005648        0x4 Drivers/STM32F3xx_HAL_Driver/stm32f3xx_hal_tim.o
                0x0000000008005648                HAL_TIM_PWM_MspInit
 .text.HAL_TIM_PWM_Init
                0x000000000800564c      0x110 Drivers/STM32F3xx_HAL_Driver/stm32f3xx_hal_tim.o
                0x000000000800564c                HAL_TIM_PWM_Init
 .text.HAL_TIM_IC_MspInit
                0x000000000800575c        0x4 Drivers/STM32F3xx_HAL_Driver/stm32f3xx_hal_tim.o
                0x000000000800575c                HAL_TIM_IC_MspInit
 .text.HAL_TIM_IC_Init
                0x0000000008005760      0x110 Drivers/STM32F3xx_HAL_Driver/stm32f3xx_hal_tim.o
                0x0000000008005760                HAL_TIM_IC_Init
 .text.HAL_TIM_IC_ConfigChannel
                0x0000000008005870      0x17c Drivers/STM32F3xx_HAL_Driver/stm32f3xx_hal_tim.o
                0x0000000008005870                HAL_TIM_IC_ConfigChannel
 .text.HAL_TIM_PWM_ConfigChannel
                0x00000000080059ec      0x3a4 Drivers/STM32F3xx_HAL_Driver/stm32f3xx_hal_tim.o
                0x00000000080059ec                HAL_TIM_PWM_ConfigChannel
 .text.HAL_TIM_SlaveConfigSynchro
                0x0000000008005d90       0xf8 Drivers/STM32F3xx_HAL_Driver/stm32f3xx_hal_tim.o
                0x0000000008005d90                HAL_TIM_SlaveConfigSynchro
 .text.HAL_TIMEx_MasterConfigSynchronization
                0x0000000008005e88       0x9c Drivers/STM32F3xx_HAL_Driver/stm32f3xx_hal_tim_ex.o
                0x0000000008005e88                HAL_TIMEx_MasterConfigSynchronization
 .text.HAL_TIMEx_ConfigBreakDeadTime
                0x0000000008005f24       0x8c Drivers/STM32F3xx_HAL_Driver/stm32f3xx_hal_tim_ex.o
                0x0000000008005f24                HAL_TIMEx_ConfigBreakDeadTime
 .text.UART_AdvFeatureConfig
                0x0000000008005fb0       0xb0 Drivers/STM32F3xx_HAL_Driver/stm32f3xx_hal_uart.o
                0x0000000008005fb0                UART_AdvFeatureConfig
 .text.HAL_UART_Init
                0x0000000008006060      0x374 Drivers/STM32F3xx_HAL_Driver/stm32f3xx_hal_uart.o
                0x0000000008006060                HAL_UART_Init
 .text.VBS_GetAvBusVoltage_d
                0x00000000080063d4        0x4 Middlewares/MotorControl/bus_voltage_sensor.o
                0x00000000080063d4                VBS_GetAvBusVoltage_d
 .text.VBS_GetAvBusVoltage_V
                0x00000000080063d8        0xc Middlewares/MotorControl/bus_voltage_sensor.o
                0x00000000080063d8                VBS_GetAvBusVoltage_V
 .text.Circle_Limitation
                0x00000000080063e4       0x64 Middlewares/MotorControl/circle_limitation.o
                0x00000000080063e4                Circle_Limitation
 .text.FCP_Init
                0x0000000008006448       0x1c Middlewares/MotorControl/frame_communication_protocol.o
                0x0000000008006448                FCP_Init
 .text.FCP_SetClient
                0x0000000008006464       0x10 Middlewares/MotorControl/frame_communication_protocol.o
                0x0000000008006464                FCP_SetClient
 .text.FCP_CalcCRC
                0x0000000008006474       0x2c Middlewares/MotorControl/frame_communication_protocol.o
                0x0000000008006474                FCP_CalcCRC
 .text.MPM_Clear
                0x00000000080064a0       0x14 Middlewares/MotorControl/motor_power_measurement.o
                0x00000000080064a0                MPM_Clear
 .text.MPM_CalcElMotorPower
                0x00000000080064b4       0x40 Middlewares/MotorControl/motor_power_measurement.o
                0x00000000080064b4                MPM_CalcElMotorPower
 .text.MPM_GetAvrgElMotorPowerW
                0x00000000080064f4        0x8 Middlewares/MotorControl/motor_power_measurement.o
                0x00000000080064f4                MPM_GetAvrgElMotorPowerW
 .text.NTC_SetFaultState
                0x00000000080064fc       0x1c Middlewares/MotorControl/ntc_temperature_sensor.o
                0x00000000080064fc                NTC_SetFaultState
 .text.NTC_Clear
                0x0000000008006518        0x8 Middlewares/MotorControl/ntc_temperature_sensor.o
                0x0000000008006518                NTC_Clear
 .text.NTC_Init
                0x0000000008006520       0x24 Middlewares/MotorControl/ntc_temperature_sensor.o
                0x0000000008006520                NTC_Init
 .text.NTC_CalcAvTemp
                0x0000000008006544       0x3c Middlewares/MotorControl/ntc_temperature_sensor.o
                0x0000000008006544                NTC_CalcAvTemp
 .text.NTC_GetAvTemp_C
                0x0000000008006580       0x2c Middlewares/MotorControl/ntc_temperature_sensor.o
                0x0000000008006580                NTC_GetAvTemp_C
 .text.PID_HandleInit
                0x00000000080065ac       0x10 Middlewares/MotorControl/pid_regulator.o
                0x00000000080065ac                PID_HandleInit
 .text.PID_SetKP
                0x00000000080065bc        0x4 Middlewares/MotorControl/pid_regulator.o
                0x00000000080065bc                PID_SetKP
 .text.PID_SetKI
                0x00000000080065c0        0x4 Middlewares/MotorControl/pid_regulator.o
                0x00000000080065c0                PID_SetKI
 .text.PID_GetKP
                0x00000000080065c4        0x8 Middlewares/MotorControl/pid_regulator.o
                0x00000000080065c4                PID_GetKP
 .text.PID_GetKI
                0x00000000080065cc        0x8 Middlewares/MotorControl/pid_regulator.o
                0x00000000080065cc                PID_GetKI
 .text.PID_SetIntegralTerm
                0x00000000080065d4        0x4 Middlewares/MotorControl/pid_regulator.o
                0x00000000080065d4                PID_SetIntegralTerm
 .text.PID_GetKPDivisor
                0x00000000080065d8        0x4 Middlewares/MotorControl/pid_regulator.o
                0x00000000080065d8                PID_GetKPDivisor
 .text.PID_GetKIDivisor
                0x00000000080065dc        0x4 Middlewares/MotorControl/pid_regulator.o
                0x00000000080065dc                PID_GetKIDivisor
 .text.PID_SetKD
                0x00000000080065e0        0x4 Middlewares/MotorControl/pid_regulator.o
                0x00000000080065e0                PID_SetKD
 .text.PID_GetKD
                0x00000000080065e4        0x8 Middlewares/MotorControl/pid_regulator.o
                0x00000000080065e4                PID_GetKD
 .text.PI_Controller
                0x00000000080065ec       0x88 Middlewares/MotorControl/pid_regulator.o
                0x00000000080065ec                PI_Controller
 .text.PQD_CalcElMotorPower
                0x0000000008006674       0x6c Middlewares/MotorControl/pqd_motor_power_measurement.o
                0x0000000008006674                PQD_CalcElMotorPower
 .text.startTimers
                0x00000000080066e0       0x64 Middlewares/MotorControl/pwm_common.o
                0x00000000080066e0                startTimers
 .text.waitForPolarizationEnd
                0x0000000008006744       0x40 Middlewares/MotorControl/pwm_common.o
                0x0000000008006744                waitForPolarizationEnd
 .text.PWMC_GetPhaseCurrents
                0x0000000008006784        0x4 Middlewares/MotorControl/pwm_curr_fdbk.o
                0x0000000008006784                PWMC_GetPhaseCurrents
 .text.PWMC_SetPhaseVoltage
                0x0000000008006788      0x228 Middlewares/MotorControl/pwm_curr_fdbk.o
                0x0000000008006788                PWMC_SetPhaseVoltage
 .text.PWMC_SwitchOffPWM
                0x00000000080069b0        0x4 Middlewares/MotorControl/pwm_curr_fdbk.o
                0x00000000080069b0                PWMC_SwitchOffPWM
 .text.PWMC_CurrentReadingCalibr
                0x00000000080069b4       0x54 Middlewares/MotorControl/pwm_curr_fdbk.o
                0x00000000080069b4                PWMC_CurrentReadingCalibr
 .text.PWMC_CheckOverCurrent
                0x0000000008006a08        0x4 Middlewares/MotorControl/pwm_curr_fdbk.o
                0x0000000008006a08                PWMC_CheckOverCurrent
 .text.R3_1_GetPhaseCurrents
                0x0000000008006a0c      0x188 Middlewares/MotorControl/r3_1_f30x_pwm_curr_fdbk.o
                0x0000000008006a0c                R3_1_GetPhaseCurrents
 .text.R3_1_SetADCSampPointPolarization
                0x0000000008006b94       0x34 Middlewares/MotorControl/r3_1_f30x_pwm_curr_fdbk.o
                0x0000000008006b94                R3_1_SetADCSampPointPolarization
 .text.R3_1_SetADCSampPointSectX
                0x0000000008006bc8       0x70 Middlewares/MotorControl/r3_1_f30x_pwm_curr_fdbk.o
                0x0000000008006bc8                R3_1_SetADCSampPointSectX
 .text.R3_1_HFCurrentsPolarizationAB
                0x0000000008006c38       0x40 Middlewares/MotorControl/r3_1_f30x_pwm_curr_fdbk.o
 .text.R3_1_HFCurrentsPolarizationC
                0x0000000008006c78       0x38 Middlewares/MotorControl/r3_1_f30x_pwm_curr_fdbk.o
 .text.R3_1_TurnOnLowSides
                0x0000000008006cb0       0x50 Middlewares/MotorControl/r3_1_f30x_pwm_curr_fdbk.o
                0x0000000008006cb0                R3_1_TurnOnLowSides
 .text.R3_1_SwitchOnPWM
                0x0000000008006d00       0x88 Middlewares/MotorControl/r3_1_f30x_pwm_curr_fdbk.o
                0x0000000008006d00                R3_1_SwitchOnPWM
 .text.R3_1_SwitchOffPWM
                0x0000000008006d88       0x5c Middlewares/MotorControl/r3_1_f30x_pwm_curr_fdbk.o
                0x0000000008006d88                R3_1_SwitchOffPWM
 .text.R3_1_RLGetPhaseCurrents
                0x0000000008006de4       0x54 Middlewares/MotorControl/r3_1_f30x_pwm_curr_fdbk.o
 .text.R3_1_RLTurnOnLowSides
                0x0000000008006e38       0x4c Middlewares/MotorControl/r3_1_f30x_pwm_curr_fdbk.o
 .text.R3_1_RLSwitchOnPWM
                0x0000000008006e84       0xa4 Middlewares/MotorControl/r3_1_f30x_pwm_curr_fdbk.o
 .text.R3_1_Init
                0x0000000008006f28      0x3b0 Middlewares/MotorControl/r3_1_f30x_pwm_curr_fdbk.o
                0x0000000008006f28                R3_1_Init
 .text.R3_1_CurrentReadingPolarization
                0x00000000080072d8      0x124 Middlewares/MotorControl/r3_1_f30x_pwm_curr_fdbk.o
                0x00000000080072d8                R3_1_CurrentReadingPolarization
 .text.R3_1_TIMx_UP_IRQHandler
                0x00000000080073fc       0x34 Middlewares/MotorControl/r3_1_f30x_pwm_curr_fdbk.o
                0x00000000080073fc                R3_1_TIMx_UP_IRQHandler
 .text.R3_1_BRK2_IRQHandler
                0x0000000008007430       0x40 Middlewares/MotorControl/r3_1_f30x_pwm_curr_fdbk.o
                0x0000000008007430                R3_1_BRK2_IRQHandler
 .text.R3_1_BRK_IRQHandler
                0x0000000008007470       0x20 Middlewares/MotorControl/r3_1_f30x_pwm_curr_fdbk.o
                0x0000000008007470                R3_1_BRK_IRQHandler
 .text.R3_1_IsOverCurrentOccurred
                0x0000000008007490       0x28 Middlewares/MotorControl/r3_1_f30x_pwm_curr_fdbk.o
                0x0000000008007490                R3_1_IsOverCurrentOccurred
 .text.R3_1_RLDetectionModeEnable
                0x00000000080074b8       0xcc Middlewares/MotorControl/r3_1_f30x_pwm_curr_fdbk.o
                0x00000000080074b8                R3_1_RLDetectionModeEnable
 .text.R3_1_RLDetectionModeDisable
                0x0000000008007584      0x13c Middlewares/MotorControl/r3_1_f30x_pwm_curr_fdbk.o
                0x0000000008007584                R3_1_RLDetectionModeDisable
 .text.R3_1_RLDetectionModeSetDuty
                0x00000000080076c0       0x40 Middlewares/MotorControl/r3_1_f30x_pwm_curr_fdbk.o
                0x00000000080076c0                R3_1_RLDetectionModeSetDuty
 .text.RVBS_Clear
                0x0000000008007700       0x3c Middlewares/MotorControl/r_divider_bus_voltage_sensor.o
                0x0000000008007700                RVBS_Clear
 .text.RVBS_Init
                0x000000000800773c       0x18 Middlewares/MotorControl/r_divider_bus_voltage_sensor.o
                0x000000000800773c                RVBS_Init
 .text.RVBS_CheckFaultState
                0x0000000008007754       0x18 Middlewares/MotorControl/r_divider_bus_voltage_sensor.o
                0x0000000008007754                RVBS_CheckFaultState
 .text.RVBS_CalcAvVbusFilt
                0x000000000800776c       0xc4 Middlewares/MotorControl/r_divider_bus_voltage_sensor.o
                0x000000000800776c                RVBS_CalcAvVbusFilt
 .text.REMNG_Init
                0x0000000008007830       0x10 Middlewares/MotorControl/ramp_ext_mngr.o
                0x0000000008007830                REMNG_Init
 .text.REMNG_Calc
                0x0000000008007840       0x34 Middlewares/MotorControl/ramp_ext_mngr.o
                0x0000000008007840                REMNG_Calc
 .text.REMNG_RampCompleted
                0x0000000008007874        0xc Middlewares/MotorControl/ramp_ext_mngr.o
                0x0000000008007874                REMNG_RampCompleted
 .text.getScalingFactor
                0x0000000008007880       0x2c Middlewares/MotorControl/ramp_ext_mngr.o
                0x0000000008007880                getScalingFactor
 .text.REMNG_ExecRamp
                0x00000000080078ac       0x88 Middlewares/MotorControl/ramp_ext_mngr.o
                0x00000000080078ac                REMNG_ExecRamp
 .text.SPD_GetElAngle
                0x0000000008007934        0x8 Middlewares/MotorControl/speed_pos_fdbk.o
                0x0000000008007934                SPD_GetElAngle
 .text.SPD_GetAvrgMecSpeedUnit
                0x000000000800793c        0x8 Middlewares/MotorControl/speed_pos_fdbk.o
                0x000000000800793c                SPD_GetAvrgMecSpeedUnit
 .text.SPD_GetInstElSpeedDpp
                0x0000000008007944        0x8 Middlewares/MotorControl/speed_pos_fdbk.o
                0x0000000008007944                SPD_GetInstElSpeedDpp
 .text.SPD_IsMecSpeedReliable
                0x000000000800794c       0x60 Middlewares/MotorControl/speed_pos_fdbk.o
                0x000000000800794c                SPD_IsMecSpeedReliable
 .text.SPD_GetS16Speed
                0x00000000080079ac       0x14 Middlewares/MotorControl/speed_pos_fdbk.o
                0x00000000080079ac                SPD_GetS16Speed
 .text.STC_Init
                0x00000000080079c0       0x28 Middlewares/MotorControl/speed_torq_ctrl.o
                0x00000000080079c0                STC_Init
 .text.STC_SetSpeedSensor
                0x00000000080079e8        0x4 Middlewares/MotorControl/speed_torq_ctrl.o
                0x00000000080079e8                STC_SetSpeedSensor
 .text.STC_GetSpeedSensor
                0x00000000080079ec        0x4 Middlewares/MotorControl/speed_torq_ctrl.o
                0x00000000080079ec                STC_GetSpeedSensor
 .text.STC_Clear
                0x00000000080079f0       0x10 Middlewares/MotorControl/speed_torq_ctrl.o
                0x00000000080079f0                STC_Clear
 .text.STC_GetMecSpeedRefUnit
                0x0000000008007a00       0x10 Middlewares/MotorControl/speed_torq_ctrl.o
                0x0000000008007a00                STC_GetMecSpeedRefUnit
 .text.STC_GetTorqueRef
                0x0000000008007a10       0x10 Middlewares/MotorControl/speed_torq_ctrl.o
                0x0000000008007a10                STC_GetTorqueRef
 .text.STC_SetControlMode
                0x0000000008007a20        0x8 Middlewares/MotorControl/speed_torq_ctrl.o
                0x0000000008007a20                STC_SetControlMode
 .text.STC_ExecRamp
                0x0000000008007a28       0x94 Middlewares/MotorControl/speed_torq_ctrl.o
                0x0000000008007a28                STC_ExecRamp
 .text.STC_StopRamp
                0x0000000008007abc        0x8 Middlewares/MotorControl/speed_torq_ctrl.o
                0x0000000008007abc                STC_StopRamp
 .text.STC_CalcTorqueReference
                0x0000000008007ac4       0x60 Middlewares/MotorControl/speed_torq_ctrl.o
                0x0000000008007ac4                STC_CalcTorqueReference
 .text.STC_GetMecSpeedRefUnitDefault
                0x0000000008007b24        0x8 Middlewares/MotorControl/speed_torq_ctrl.o
                0x0000000008007b24                STC_GetMecSpeedRefUnitDefault
 .text.STC_GetMaxAppPositiveMecSpeedUnit
                0x0000000008007b2c        0x4 Middlewares/MotorControl/speed_torq_ctrl.o
                0x0000000008007b2c                STC_GetMaxAppPositiveMecSpeedUnit
 .text.STC_GetMinAppNegativeMecSpeedUnit
                0x0000000008007b30        0x8 Middlewares/MotorControl/speed_torq_ctrl.o
                0x0000000008007b30                STC_GetMinAppNegativeMecSpeedUnit
 .text.STC_GetDefaultIqdref
                0x0000000008007b38       0x18 Middlewares/MotorControl/speed_torq_ctrl.o
                0x0000000008007b38                STC_GetDefaultIqdref
 .text.STC_ForceSpeedReferenceToCurrentSpeed
                0x0000000008007b50       0x10 Middlewares/MotorControl/speed_torq_ctrl.o
                0x0000000008007b50                STC_ForceSpeedReferenceToCurrentSpeed
 .text.STM_Init
                0x0000000008007b60        0xc Middlewares/MotorControl/state_machine.o
                0x0000000008007b60                STM_Init
 .text.STM_FaultProcessing
                0x0000000008007b6c       0x34 Middlewares/MotorControl/state_machine.o
                0x0000000008007b6c                STM_FaultProcessing
 .text.STM_NextState
                0x0000000008007ba0       0xe8 Middlewares/MotorControl/state_machine.o
                0x0000000008007ba0                STM_NextState
 .text.STM_GetState
                0x0000000008007c88        0x4 Middlewares/MotorControl/state_machine.o
                0x0000000008007c88                STM_GetState
 .text.STM_FaultAcknowledged
                0x0000000008007c8c       0x18 Middlewares/MotorControl/state_machine.o
                0x0000000008007c8c                STM_FaultAcknowledged
 .text.STM_GetFaultState
                0x0000000008007ca4        0xc Middlewares/MotorControl/state_machine.o
                0x0000000008007ca4                STM_GetFaultState
 .text.UFCP_Init
                0x0000000008007cb0        0x4 Middlewares/MotorControl/usart_frame_communication_protocol.o
                0x0000000008007cb0                UFCP_Init
 .text.UFCP_TX_IRQ_Handler
                0x0000000008007cb4       0x60 Middlewares/MotorControl/usart_frame_communication_protocol.o
                0x0000000008007cb4                UFCP_TX_IRQ_Handler
 .text.UFCP_Receive
                0x0000000008007d14       0x24 Middlewares/MotorControl/usart_frame_communication_protocol.o
                0x0000000008007d14                UFCP_Receive
 .text.UFCP_Send
                0x0000000008007d38      0x124 Middlewares/MotorControl/usart_frame_communication_protocol.o
                0x0000000008007d38                UFCP_Send
 .text.UFCP_RX_IRQ_Handler
                0x0000000008007e5c       0xc4 Middlewares/MotorControl/usart_frame_communication_protocol.o
                0x0000000008007e5c                UFCP_RX_IRQ_Handler
 .text.UFCP_OVR_IRQ_Handler
                0x0000000008007f20       0x1c Middlewares/MotorControl/usart_frame_communication_protocol.o
                0x0000000008007f20                UFCP_OVR_IRQ_Handler
 .text.UFCP_AbortReceive
                0x0000000008007f3c        0x8 Middlewares/MotorControl/usart_frame_communication_protocol.o
                0x0000000008007f3c                UFCP_AbortReceive
 .text.VSS_Clear
                0x0000000008007f44       0x28 Middlewares/MotorControl/virtual_speed_sensor.o
                0x0000000008007f44                VSS_Clear
 .text.VSS_Init
                0x0000000008007f6c        0x8 Middlewares/MotorControl/virtual_speed_sensor.o
                0x0000000008007f6c                VSS_Init
 .text.VSS_CalcElAngle
                0x0000000008007f74       0x9c Middlewares/MotorControl/virtual_speed_sensor.o
                0x0000000008007f74                VSS_CalcElAngle
 .text.VSS_CalcAvrgMecSpeedUnit
                0x0000000008008010       0x90 Middlewares/MotorControl/virtual_speed_sensor.o
                0x0000000008008010                VSS_CalcAvrgMecSpeedUnit
 .text.VSS_SetMecAngle
                0x00000000080080a0       0x10 Middlewares/MotorControl/virtual_speed_sensor.o
                0x00000000080080a0                VSS_SetMecAngle
 .text.VSS_SetMecAcceleration
                0x00000000080080b0       0x6c Middlewares/MotorControl/virtual_speed_sensor.o
                0x00000000080080b0                VSS_SetMecAcceleration
 .text.VSS_SetStartTransition
                0x000000000800811c       0x1c Middlewares/MotorControl/virtual_speed_sensor.o
                0x000000000800811c                VSS_SetStartTransition
 .text.VSS_TransitionEnded
                0x0000000008008138        0x8 Middlewares/MotorControl/virtual_speed_sensor.o
                0x0000000008008138                VSS_TransitionEnded
 .text.RUC_Init
                0x0000000008008140       0x7c ../../MCSDK_v5.4.4/MotorControl/lib\libmc-gcc_M4_NoCCMRAM.lib(revup_ctrl.o)
                0x0000000008008140                RUC_Init
 .text.RUC_Clear
                0x00000000080081bc       0x90 ../../MCSDK_v5.4.4/MotorControl/lib\libmc-gcc_M4_NoCCMRAM.lib(revup_ctrl.o)
                0x00000000080081bc                RUC_Clear
 .text.RUC_Exec
                0x000000000800824c       0x74 ../../MCSDK_v5.4.4/MotorControl/lib\libmc-gcc_M4_NoCCMRAM.lib(revup_ctrl.o)
                0x000000000800824c                RUC_Exec
 .text.RUC_FirstAccelerationStageReached
                0x00000000080082c0       0x14 ../../MCSDK_v5.4.4/MotorControl/lib\libmc-gcc_M4_NoCCMRAM.lib(revup_ctrl.o)
                0x00000000080082c0                RUC_FirstAccelerationStageReached
 .text.RUC_SetPhaseDurationms
                0x00000000080082d4        0xc ../../MCSDK_v5.4.4/MotorControl/lib\libmc-gcc_M4_NoCCMRAM.lib(revup_ctrl.o)
                0x00000000080082d4                RUC_SetPhaseDurationms
 .text.RUC_SetPhaseFinalMecSpeedUnit
                0x00000000080082e0        0xc ../../MCSDK_v5.4.4/MotorControl/lib\libmc-gcc_M4_NoCCMRAM.lib(revup_ctrl.o)
                0x00000000080082e0                RUC_SetPhaseFinalMecSpeedUnit
 .text.RUC_SetPhaseFinalTorque
                0x00000000080082ec        0xc ../../MCSDK_v5.4.4/MotorControl/lib\libmc-gcc_M4_NoCCMRAM.lib(revup_ctrl.o)
                0x00000000080082ec                RUC_SetPhaseFinalTorque
 .text.RUC_GetPhaseDurationms
                0x00000000080082f8        0xc ../../MCSDK_v5.4.4/MotorControl/lib\libmc-gcc_M4_NoCCMRAM.lib(revup_ctrl.o)
                0x00000000080082f8                RUC_GetPhaseDurationms
 .text.RUC_GetPhaseFinalMecSpeedUnit
                0x0000000008008304       0x10 ../../MCSDK_v5.4.4/MotorControl/lib\libmc-gcc_M4_NoCCMRAM.lib(revup_ctrl.o)
                0x0000000008008304                RUC_GetPhaseFinalMecSpeedUnit
 .text.RUC_GetPhaseFinalTorque
                0x0000000008008314       0x10 ../../MCSDK_v5.4.4/MotorControl/lib\libmc-gcc_M4_NoCCMRAM.lib(revup_ctrl.o)
                0x0000000008008314                RUC_GetPhaseFinalTorque
 .text.RUC_GetNumberOfPhases
                0x0000000008008324        0x8 ../../MCSDK_v5.4.4/MotorControl/lib\libmc-gcc_M4_NoCCMRAM.lib(revup_ctrl.o)
                0x0000000008008324                RUC_GetNumberOfPhases
 .text.STO_PLL_CalcElAngle
                0x000000000800832c      0x1d4 ../../MCSDK_v5.4.4/MotorControl/lib\libmc-gcc_M4_NoCCMRAM.lib(sto_pll_speed_pos_fdbk.o)
                0x000000000800832c                STO_PLL_CalcElAngle
 .text.STO_PLL_CalcAvrgMecSpeedUnit
                0x0000000008008500      0x140 ../../MCSDK_v5.4.4/MotorControl/lib\libmc-gcc_M4_NoCCMRAM.lib(sto_pll_speed_pos_fdbk.o)
                0x0000000008008500                STO_PLL_CalcAvrgMecSpeedUnit
 .text.STO_PLL_CalcAvrgElSpeedDpp
                0x0000000008008640       0x54 ../../MCSDK_v5.4.4/MotorControl/lib\libmc-gcc_M4_NoCCMRAM.lib(sto_pll_speed_pos_fdbk.o)
                0x0000000008008640                STO_PLL_CalcAvrgElSpeedDpp
 .text.STO_PLL_Clear
                0x0000000008008694       0x5c ../../MCSDK_v5.4.4/MotorControl/lib\libmc-gcc_M4_NoCCMRAM.lib(sto_pll_speed_pos_fdbk.o)
                0x0000000008008694                STO_PLL_Clear
 .text.STO_PLL_Init
                0x00000000080086f0       0x74 ../../MCSDK_v5.4.4/MotorControl/lib\libmc-gcc_M4_NoCCMRAM.lib(sto_pll_speed_pos_fdbk.o)
                0x00000000080086f0                STO_PLL_Init
 .text.STO_PLL_IsObserverConverged
                0x0000000008008764       0xac ../../MCSDK_v5.4.4/MotorControl/lib\libmc-gcc_M4_NoCCMRAM.lib(sto_pll_speed_pos_fdbk.o)
                0x0000000008008764                STO_PLL_IsObserverConverged
 .text.STO_PLL_GetEstimatedBemf
                0x0000000008008810       0x18 ../../MCSDK_v5.4.4/MotorControl/lib\libmc-gcc_M4_NoCCMRAM.lib(sto_pll_speed_pos_fdbk.o)
                0x0000000008008810                STO_PLL_GetEstimatedBemf
 .text.STO_PLL_GetEstimatedCurrent
                0x0000000008008828       0x28 ../../MCSDK_v5.4.4/MotorControl/lib\libmc-gcc_M4_NoCCMRAM.lib(sto_pll_speed_pos_fdbk.o)
                0x0000000008008828                STO_PLL_GetEstimatedCurrent
 .text.STO_PLL_GetObserverGains
                0x0000000008008850       0x10 ../../MCSDK_v5.4.4/MotorControl/lib\libmc-gcc_M4_NoCCMRAM.lib(sto_pll_speed_pos_fdbk.o)
                0x0000000008008850                STO_PLL_GetObserverGains
 .text.STO_PLL_SetObserverGains
                0x0000000008008860        0x8 ../../MCSDK_v5.4.4/MotorControl/lib\libmc-gcc_M4_NoCCMRAM.lib(sto_pll_speed_pos_fdbk.o)
                0x0000000008008860                STO_PLL_SetObserverGains
 .text.STO_GetPLLGains
                0x0000000008008868       0x1c ../../MCSDK_v5.4.4/MotorControl/lib\libmc-gcc_M4_NoCCMRAM.lib(sto_pll_speed_pos_fdbk.o)
                0x0000000008008868                STO_GetPLLGains
 .text.STO_SetPLLGains
                0x0000000008008884       0x1c ../../MCSDK_v5.4.4/MotorControl/lib\libmc-gcc_M4_NoCCMRAM.lib(sto_pll_speed_pos_fdbk.o)
                0x0000000008008884                STO_SetPLLGains
 .text.STO_OTF_ResetPLL
                0x00000000080088a0        0xc ../../MCSDK_v5.4.4/MotorControl/lib\libmc-gcc_M4_NoCCMRAM.lib(sto_pll_speed_pos_fdbk.o)
                0x00000000080088a0                STO_OTF_ResetPLL
 .text.STO_ResetPLL
                0x00000000080088ac        0x8 ../../MCSDK_v5.4.4/MotorControl/lib\libmc-gcc_M4_NoCCMRAM.lib(sto_pll_speed_pos_fdbk.o)
                0x00000000080088ac                STO_ResetPLL
 .text.STO_PLL_GetEstimatedBemfLevel
                0x00000000080088b4        0x8 ../../MCSDK_v5.4.4/MotorControl/lib\libmc-gcc_M4_NoCCMRAM.lib(sto_pll_speed_pos_fdbk.o)
                0x00000000080088b4                STO_PLL_GetEstimatedBemfLevel
 .text.STO_PLL_GetObservedBemfLevel
                0x00000000080088bc        0x8 ../../MCSDK_v5.4.4/MotorControl/lib\libmc-gcc_M4_NoCCMRAM.lib(sto_pll_speed_pos_fdbk.o)
                0x00000000080088bc                STO_PLL_GetObservedBemfLevel
 .text.STO_PLL_IsVarianceTight
                0x00000000080088c4        0x8 ../../MCSDK_v5.4.4/MotorControl/lib\libmc-gcc_M4_NoCCMRAM.lib(sto_pll_speed_pos_fdbk.o)
                0x00000000080088c4                STO_PLL_IsVarianceTight
 .text.STO_PLL_ForceConvergency1
                0x00000000080088cc        0xc ../../MCSDK_v5.4.4/MotorControl/lib\libmc-gcc_M4_NoCCMRAM.lib(sto_pll_speed_pos_fdbk.o)
                0x00000000080088cc                STO_PLL_ForceConvergency1
 .text.STO_PLL_ForceConvergency2
                0x00000000080088d8        0xc ../../MCSDK_v5.4.4/MotorControl/lib\libmc-gcc_M4_NoCCMRAM.lib(sto_pll_speed_pos_fdbk.o)
                0x00000000080088d8                STO_PLL_ForceConvergency2
 .text.__libc_init_array
                0x00000000080088e4       0x48 c:/st/stm32cubeide_1.3.0/stm32cubeide/plugins/com.st.stm32cube.ide.mcu.externaltools.gnu-tools-for-stm32.7-2018-q2-update.win32_1.4.0.202007081208/tools/bin/../lib/gcc/arm-none-eabi/7.3.1/../../../../arm-none-eabi/lib/thumb/v7e-m/fpv4-sp/hard\libc_nano.a(lib_a-init.o)
                0x00000000080088e4                __libc_init_array
 .text.memset   0x000000000800892c       0x10 c:/st/stm32cubeide_1.3.0/stm32cubeide/plugins/com.st.stm32cube.ide.mcu.externaltools.gnu-tools-for-stm32.7-2018-q2-update.win32_1.4.0.202007081208/tools/bin/../lib/gcc/arm-none-eabi/7.3.1/../../../../arm-none-eabi/lib/thumb/v7e-m/fpv4-sp/hard\libc_nano.a(lib_a-memset.o)
                0x000000000800892c                memset
 *(.glue_7)
 .glue_7        0x000000000800893c        0x0 linker stubs
 *(.glue_7t)
 .glue_7t       0x000000000800893c        0x0 linker stubs
 *(.eh_frame)
 .eh_frame      0x000000000800893c        0x0 c:/st/stm32cubeide_1.3.0/stm32cubeide/plugins/com.st.stm32cube.ide.mcu.externaltools.gnu-tools-for-stm32.7-2018-q2-update.win32_1.4.0.202007081208/tools/bin/../lib/gcc/arm-none-eabi/7.3.1/thumb/v7e-m/fpv4-sp/hard/crtbegin.o
 *(.init)
 .init          0x000000000800893c        0x4 c:/st/stm32cubeide_1.3.0/stm32cubeide/plugins/com.st.stm32cube.ide.mcu.externaltools.gnu-tools-for-stm32.7-2018-q2-update.win32_1.4.0.202007081208/tools/bin/../lib/gcc/arm-none-eabi/7.3.1/thumb/v7e-m/fpv4-sp/hard/crti.o
                0x000000000800893c                _init
 .init          0x0000000008008940        0x8 c:/st/stm32cubeide_1.3.0/stm32cubeide/plugins/com.st.stm32cube.ide.mcu.externaltools.gnu-tools-for-stm32.7-2018-q2-update.win32_1.4.0.202007081208/tools/bin/../lib/gcc/arm-none-eabi/7.3.1/thumb/v7e-m/fpv4-sp/hard/crtn.o
 *(.fini)
 .fini          0x0000000008008948        0x4 c:/st/stm32cubeide_1.3.0/stm32cubeide/plugins/com.st.stm32cube.ide.mcu.externaltools.gnu-tools-for-stm32.7-2018-q2-update.win32_1.4.0.202007081208/tools/bin/../lib/gcc/arm-none-eabi/7.3.1/thumb/v7e-m/fpv4-sp/hard/crti.o
                0x0000000008008948                _fini
 .fini          0x000000000800894c        0x8 c:/st/stm32cubeide_1.3.0/stm32cubeide/plugins/com.st.stm32cube.ide.mcu.externaltools.gnu-tools-for-stm32.7-2018-q2-update.win32_1.4.0.202007081208/tools/bin/../lib/gcc/arm-none-eabi/7.3.1/thumb/v7e-m/fpv4-sp/hard/crtn.o
                0x0000000008008954                . = ALIGN (0x4)
                0x0000000008008954                _etext = .

.vfp11_veneer   0x0000000008008954        0x0
 .vfp11_veneer  0x0000000008008954        0x0 linker stubs

.v4_bx          0x0000000008008954        0x0
 .v4_bx         0x0000000008008954        0x0 linker stubs

.iplt           0x0000000008008954        0x0
 .iplt          0x0000000008008954        0x0 c:/st/stm32cubeide_1.3.0/stm32cubeide/plugins/com.st.stm32cube.ide.mcu.externaltools.gnu-tools-for-stm32.7-2018-q2-update.win32_1.4.0.202007081208/tools/bin/../lib/gcc/arm-none-eabi/7.3.1/thumb/v7e-m/fpv4-sp/hard/crtbegin.o

.rodata         0x0000000008008954      0x314
                0x0000000008008954                . = ALIGN (0x4)
 *(.rodata)
 *(.rodata*)
 .rodata.hSin_Cos_Table
                0x0000000008008954      0x200 Application/User/mc_math.o
                0x0000000008008954                hSin_Cos_Table
 .rodata.ESC_ParamsM1
                0x0000000008008b54       0x2c Application/User/mc_parameters.o
                0x0000000008008b54                ESC_ParamsM1
 .rodata.R3_1_ParamsM1
                0x0000000008008b80       0x84 Application/User/mc_parameters.o
                0x0000000008008b80                R3_1_ParamsM1
 .rodata.s_fwVer
                0x0000000008008c04       0x20 Application/User/motorcontrol.o
                0x0000000008008c04                s_fwVer
 .rodata.AHBPrescTable
                0x0000000008008c24       0x10 Drivers/CMSIS/system_stm32f3xx.o
                0x0000000008008c24                AHBPrescTable
 .rodata.APBPrescTable
                0x0000000008008c34        0x8 Drivers/CMSIS/system_stm32f3xx.o
                0x0000000008008c34                APBPrescTable
 .rodata.aPLLMULFactorTable
                0x0000000008008c3c       0x10 Drivers/STM32F3xx_HAL_Driver/stm32f3xx_hal_rcc.o
                0x0000000008008c3c                aPLLMULFactorTable
 .rodata.aPredivFactorTable
                0x0000000008008c4c       0x10 Drivers/STM32F3xx_HAL_Driver/stm32f3xx_hal_rcc.o
                0x0000000008008c4c                aPredivFactorTable
 .rodata.CSWTCH.52
                0x0000000008008c5c        0x4 Drivers/STM32F3xx_HAL_Driver/stm32f3xx_hal_uart.o
 .rodata.UFCP_Usart_Timeout_none
                0x0000000008008c60        0x2 Middlewares/MotorControl/usart_frame_communication_protocol.o
 .rodata.UFCP_Usart_Timeout_start
                0x0000000008008c62        0x2 Middlewares/MotorControl/usart_frame_communication_protocol.o
 .rodata.UFCP_Usart_Timeout_stop
                0x0000000008008c64        0x2 Middlewares/MotorControl/usart_frame_communication_protocol.o
                0x0000000008008c68                . = ALIGN (0x4)
 *fill*         0x0000000008008c66        0x2 

.rel.dyn        0x0000000008008c68        0x0
 .rel.iplt      0x0000000008008c68        0x0 c:/st/stm32cubeide_1.3.0/stm32cubeide/plugins/com.st.stm32cube.ide.mcu.externaltools.gnu-tools-for-stm32.7-2018-q2-update.win32_1.4.0.202007081208/tools/bin/../lib/gcc/arm-none-eabi/7.3.1/thumb/v7e-m/fpv4-sp/hard/crtbegin.o

.ARM.extab      0x0000000008008c68        0x0
                0x0000000008008c68                . = ALIGN (0x4)
 *(.ARM.extab* .gnu.linkonce.armextab.*)
                0x0000000008008c68                . = ALIGN (0x4)

.ARM            0x0000000008008c68        0x0
                0x0000000008008c68                . = ALIGN (0x4)
                0x0000000008008c68                __exidx_start = .
 *(.ARM.exidx*)
                0x0000000008008c68                __exidx_end = .
                0x0000000008008c68                . = ALIGN (0x4)

.preinit_array  0x0000000008008c68        0x0
                0x0000000008008c68                . = ALIGN (0x4)
                0x0000000008008c68                PROVIDE (__preinit_array_start = .)
 *(.preinit_array*)
                0x0000000008008c68                PROVIDE (__preinit_array_end = .)
                0x0000000008008c68                . = ALIGN (0x4)

.init_array     0x0000000008008c68        0x4
                0x0000000008008c68                . = ALIGN (0x4)
                0x0000000008008c68                PROVIDE (__init_array_start = .)
 *(SORT_BY_NAME(.init_array.*))
 *(.init_array*)
 .init_array    0x0000000008008c68        0x4 c:/st/stm32cubeide_1.3.0/stm32cubeide/plugins/com.st.stm32cube.ide.mcu.externaltools.gnu-tools-for-stm32.7-2018-q2-update.win32_1.4.0.202007081208/tools/bin/../lib/gcc/arm-none-eabi/7.3.1/thumb/v7e-m/fpv4-sp/hard/crtbegin.o
                0x0000000008008c6c                PROVIDE (__init_array_end = .)
                0x0000000008008c6c                . = ALIGN (0x4)

.fini_array     0x0000000008008c6c        0x4
                0x0000000008008c6c                . = ALIGN (0x4)
                [!provide]                        PROVIDE (__fini_array_start = .)
 *(SORT_BY_NAME(.fini_array.*))
 *(.fini_array*)
 .fini_array    0x0000000008008c6c        0x4 c:/st/stm32cubeide_1.3.0/stm32cubeide/plugins/com.st.stm32cube.ide.mcu.externaltools.gnu-tools-for-stm32.7-2018-q2-update.win32_1.4.0.202007081208/tools/bin/../lib/gcc/arm-none-eabi/7.3.1/thumb/v7e-m/fpv4-sp/hard/crtbegin.o
                [!provide]                        PROVIDE (__fini_array_end = .)
                0x0000000008008c70                . = ALIGN (0x4)
                0x0000000008008c70                _sidata = LOADADDR (.data)

.data           0x0000000020000000      0x6dc load address 0x0000000008008c70
                0x0000000020000000                . = ALIGN (0x4)
                0x0000000020000000                _sdata = .
 *(.data)
 *(.data*)
 .data.DRV_CONF_Write
                0x0000000020000000        0x4 Application/User/main.o
                0x0000000020000000                DRV_CONF_Write
 .data.GCONF_Write
                0x0000000020000004        0x4 Application/User/main.o
                0x0000000020000004                GCONF_Write
 .data.SHORT_CONF_Write
                0x0000000020000008        0x4 Application/User/main.o
                0x0000000020000008                SHORT_CONF_Write
 .data.CircleLimitationM1
                0x000000002000000c       0xb4 Application/User/mc_config.o
                0x000000002000000c                CircleLimitationM1
 .data.ESC_M1   0x00000000200000c0       0x34 Application/User/mc_config.o
                0x00000000200000c0                ESC_M1
 .data.PIDIdHandle_M1
                0x00000000200000f4       0x2c Application/User/mc_config.o
                0x00000000200000f4                PIDIdHandle_M1
 .data.PIDIqHandle_M1
                0x0000000020000120       0x2c Application/User/mc_config.o
                0x0000000020000120                PIDIqHandle_M1
 .data.PIDSpeedHandle_M1
                0x000000002000014c       0x2c Application/User/mc_config.o
                0x000000002000014c                PIDSpeedHandle_M1
 .data.PQD_MotorPowMeasM1
                0x0000000020000178      0x114 Application/User/mc_config.o
                0x0000000020000178                PQD_MotorPowMeasM1
 .data.PWM_Handle_M1
                0x000000002000028c       0x78 Application/User/mc_config.o
                0x000000002000028c                PWM_Handle_M1
 .data.RampExtMngrHFParamsM1
                0x0000000020000304       0x18 Application/User/mc_config.o
                0x0000000020000304                RampExtMngrHFParamsM1
 .data.RealBusVoltageSensorParamsM1
                0x000000002000031c       0x28 Application/User/mc_config.o
                0x000000002000031c                RealBusVoltageSensorParamsM1
 .data.RevUpControlM1
                0x0000000020000344       0x78 Application/User/mc_config.o
                0x0000000020000344                RevUpControlM1
 .data.STO_M1   0x00000000200003bc       0x14 Application/User/mc_config.o
                0x00000000200003bc                STO_M1
 .data.STO_PLL_M1
                0x00000000200003d0      0x128 Application/User/mc_config.o
                0x00000000200003d0                STO_PLL_M1
 .data.SpeednTorqCtrlM1
                0x00000000200004f8       0x34 Application/User/mc_config.o
                0x00000000200004f8                SpeednTorqCtrlM1
 .data.TempSensorParamsM1
                0x000000002000052c       0x28 Application/User/mc_config.o
                0x000000002000052c                TempSensorParamsM1
 .data.VirtualSpeedSensorM1
                0x0000000020000554       0x38 Application/User/mc_config.o
                0x0000000020000554                VirtualSpeedSensorM1
 .data.pUSART   0x000000002000058c      0x13c Application/User/mc_config.o
                0x000000002000058c                pUSART
 .data.wConfig  0x00000000200006c8        0x4 Application/User/motorcontrol.o
                0x00000000200006c8                wConfig
 .data.SystickDividerCounter.15187
                0x00000000200006cc        0x1 Application/User/stm32f30x_mc_it.o
 *fill*         0x00000000200006cd        0x1 
 .data.bCOMATRTimeCounter
                0x00000000200006ce        0x2 Application/User/ui_task.o
 .data.SystemCoreClock
                0x00000000200006d0        0x4 Drivers/CMSIS/system_stm32f3xx.o
                0x00000000200006d0                SystemCoreClock
 .data.uwTickFreq
                0x00000000200006d4        0x1 Drivers/STM32F3xx_HAL_Driver/stm32f3xx_hal.o
                0x00000000200006d4                uwTickFreq
 *fill*         0x00000000200006d5        0x3 
 .data.uwTickPrio
                0x00000000200006d8        0x4 Drivers/STM32F3xx_HAL_Driver/stm32f3xx_hal.o
                0x00000000200006d8                uwTickPrio
                0x00000000200006dc                . = ALIGN (0x4)
                0x00000000200006dc                _edata = .

.igot.plt       0x00000000200006dc        0x0 load address 0x000000000800934c
 .igot.plt      0x00000000200006dc        0x0 c:/st/stm32cubeide_1.3.0/stm32cubeide/plugins/com.st.stm32cube.ide.mcu.externaltools.gnu-tools-for-stm32.7-2018-q2-update.win32_1.4.0.202007081208/tools/bin/../lib/gcc/arm-none-eabi/7.3.1/thumb/v7e-m/fpv4-sp/hard/crtbegin.o
                0x00000000200006dc                . = ALIGN (0x4)

.bss            0x00000000200006dc      0x4fc load address 0x000000000800934c
                0x00000000200006dc                _sbss = .
                0x00000000200006dc                __bss_start__ = _sbss
 *(.bss)
 .bss           0x00000000200006dc       0x1c c:/st/stm32cubeide_1.3.0/stm32cubeide/plugins/com.st.stm32cube.ide.mcu.externaltools.gnu-tools-for-stm32.7-2018-q2-update.win32_1.4.0.202007081208/tools/bin/../lib/gcc/arm-none-eabi/7.3.1/thumb/v7e-m/fpv4-sp/hard/crtbegin.o
 *(.bss*)
 .bss.UI_Params
                0x00000000200006f8       0x18 Application/User/mc_config.o
                0x00000000200006f8                UI_Params
 .bss.bMCBootCompleted
                0x0000000020000710        0x1 Application/User/mc_tasks.o
                0x0000000020000710                bMCBootCompleted
 *fill*         0x0000000020000711        0x1 
 .bss.hBootCapDelayCounterM1
                0x0000000020000712        0x2 Application/User/mc_tasks.o
 .bss.hMFTaskCounterM1
                0x0000000020000714        0x2 Application/User/mc_tasks.o
 .bss.hStopPermanencyCounterM1
                0x0000000020000716        0x2 Application/User/mc_tasks.o
 .bss.MPInfo    0x0000000020000718        0x8 Application/User/motor_control_protocol.o
                0x0000000020000718                MPInfo
 .bss.bCOMTimeoutCounter
                0x0000000020000720        0x2 Application/User/ui_task.o
 .bss.bUITaskCounter
                0x0000000020000722        0x2 Application/User/ui_task.o
 .bss.pMCP      0x0000000020000724        0x4 Application/User/ui_task.o
                0x0000000020000724                pMCP
 *(COMMON)
 COMMON         0x0000000020000728      0x2d8 Application/User/main.o
                0x0000000020000728                SPIRxBuf
                0x0000000020000730                hcomp6
                0x0000000020000760                hcan
                0x0000000020000788                hcomp4
                0x00000000200007b8                hadc1
                0x0000000020000808                hadc3
                0x0000000020000858                huart1
                0x00000000200008d8                hdac
                0x00000000200008ec                htim1
                0x000000002000092c                hcomp2
                0x000000002000095c                hspi1
                0x00000000200009c0                htim2
 COMMON         0x0000000020000a00        0xc Application/User/mc_config.o
                0x0000000020000a00                RealBusVoltageSensorFilterBufferM1
 COMMON         0x0000000020000a0c       0xd4 Application/User/mc_tasks.o
                0x0000000020000a0c                pOCPDisabling
                0x0000000020000a10                pTemperatureSensor
                0x0000000020000a14                pwmcHandle
                0x0000000020000a18                pPIDSpeed
                0x0000000020000a1c                pPIDIq
                0x0000000020000a20                oMCInterface
                0x0000000020000a24                pR_Brake
                0x0000000020000a28                FOCVars
                0x0000000020000a50                MCT
                0x0000000020000aa4                pCLM
                0x0000000020000aa8                pBusSensorM1
                0x0000000020000aac                Mci
                0x0000000020000ac8                STM
                0x0000000020000ad0                pREMNG
                0x0000000020000ad4                pMPM
                0x0000000020000ad8                pPIDId
                0x0000000020000adc                pSTC
 COMMON         0x0000000020000ae0        0x8 Application/User/motorcontrol.o
                0x0000000020000ae0                pMCI
                0x0000000020000ae4                pMCT
 COMMON         0x0000000020000ae8       0x3a Application/User/regular_conversion_manager.o
                0x0000000020000ae8                RCM_UserConvHandle
                0x0000000020000aec                RCM_CB_array
                0x0000000020000b0c                RCM_UserConvState
                0x0000000020000b10                RCM_handle_array
                0x0000000020000b20                RCM_UserConvValue
 *fill*         0x0000000020000b22        0x2 
 COMMON         0x0000000020000b24       0xb0 Application/User/ui_task.o
                0x0000000020000b24                MCP_UI_Params
 COMMON         0x0000000020000bd4        0x4 Drivers/STM32F3xx_HAL_Driver/stm32f3xx_hal.o
                0x0000000020000bd4                uwTick
                0x0000000020000bd8                . = ALIGN (0x4)
                0x0000000020000bd8                _ebss = .
                0x0000000020000bd8                __bss_end__ = _ebss

._user_heap_stack
                0x0000000020000bd8      0x600 load address 0x000000000800934c
                0x0000000020000bd8                . = ALIGN (0x8)
                0x0000000020000bd8                PROVIDE (end = .)
                [!provide]                        PROVIDE (_end = .)
                0x0000000020000dd8                . = (. + _Min_Heap_Size)
 *fill*         0x0000000020000bd8      0x200 
                0x00000000200011d8                . = (. + _Min_Stack_Size)
 *fill*         0x0000000020000dd8      0x400 
                0x00000000200011d8                . = ALIGN (0x8)

/DISCARD/
 libc.a(*)
 libm.a(*)
 libgcc.a(*)

.ARM.attributes
                0x0000000000000000       0x30
 *(.ARM.attributes)
 .ARM.attributes
                0x0000000000000000       0x22 c:/st/stm32cubeide_1.3.0/stm32cubeide/plugins/com.st.stm32cube.ide.mcu.externaltools.gnu-tools-for-stm32.7-2018-q2-update.win32_1.4.0.202007081208/tools/bin/../lib/gcc/arm-none-eabi/7.3.1/thumb/v7e-m/fpv4-sp/hard/crti.o
 .ARM.attributes
                0x0000000000000022       0x34 c:/st/stm32cubeide_1.3.0/stm32cubeide/plugins/com.st.stm32cube.ide.mcu.externaltools.gnu-tools-for-stm32.7-2018-q2-update.win32_1.4.0.202007081208/tools/bin/../lib/gcc/arm-none-eabi/7.3.1/thumb/v7e-m/fpv4-sp/hard/crtbegin.o
 .ARM.attributes
                0x0000000000000056       0x21 Application/Startup/startup_stm32f303cbtx.o
 .ARM.attributes
                0x0000000000000077       0x35 Application/User/esc.o
 .ARM.attributes
                0x00000000000000ac       0x35 Application/User/main.o
 .ARM.attributes
                0x00000000000000e1       0x35 Application/User/mc_api.o
 .ARM.attributes
                0x0000000000000116       0x35 Application/User/mc_config.o
 .ARM.attributes
                0x000000000000014b       0x35 Application/User/mc_interface.o
 .ARM.attributes
                0x0000000000000180       0x35 Application/User/mc_math.o
 .ARM.attributes
                0x00000000000001b5       0x35 Application/User/mc_parameters.o
 .ARM.attributes
                0x00000000000001ea       0x35 Application/User/mc_tasks.o
 .ARM.attributes
                0x000000000000021f       0x35 Application/User/motor_control_protocol.o
 .ARM.attributes
                0x0000000000000254       0x35 Application/User/motorcontrol.o
 .ARM.attributes
                0x0000000000000289       0x35 Application/User/regular_conversion_manager.o
 .ARM.attributes
                0x00000000000002be       0x35 Application/User/stm32f30x_mc_it.o
 .ARM.attributes
                0x00000000000002f3       0x35 Application/User/stm32f3xx_hal_msp.o
 .ARM.attributes
                0x0000000000000328       0x35 Application/User/ui_task.o
 .ARM.attributes
                0x000000000000035d       0x35 Application/User/user_interface.o
 .ARM.attributes
                0x0000000000000392       0x35 Drivers/CMSIS/system_stm32f3xx.o
 .ARM.attributes
                0x00000000000003c7       0x35 Drivers/STM32F3xx_HAL_Driver/stm32f3xx_hal.o
 .ARM.attributes
                0x00000000000003fc       0x35 Drivers/STM32F3xx_HAL_Driver/stm32f3xx_hal_adc_ex.o
 .ARM.attributes
                0x0000000000000431       0x35 Drivers/STM32F3xx_HAL_Driver/stm32f3xx_hal_can.o
 .ARM.attributes
                0x0000000000000466       0x35 Drivers/STM32F3xx_HAL_Driver/stm32f3xx_hal_comp.o
 .ARM.attributes
                0x000000000000049b       0x35 Drivers/STM32F3xx_HAL_Driver/stm32f3xx_hal_cortex.o
 .ARM.attributes
                0x00000000000004d0       0x35 Drivers/STM32F3xx_HAL_Driver/stm32f3xx_hal_dac.o
 .ARM.attributes
                0x0000000000000505       0x35 Drivers/STM32F3xx_HAL_Driver/stm32f3xx_hal_dac_ex.o
 .ARM.attributes
                0x000000000000053a       0x35 Drivers/STM32F3xx_HAL_Driver/stm32f3xx_hal_gpio.o
 .ARM.attributes
                0x000000000000056f       0x35 Drivers/STM32F3xx_HAL_Driver/stm32f3xx_hal_rcc.o
 .ARM.attributes
                0x00000000000005a4       0x35 Drivers/STM32F3xx_HAL_Driver/stm32f3xx_hal_rcc_ex.o
 .ARM.attributes
                0x00000000000005d9       0x35 Drivers/STM32F3xx_HAL_Driver/stm32f3xx_hal_spi.o
 .ARM.attributes
                0x000000000000060e       0x35 Drivers/STM32F3xx_HAL_Driver/stm32f3xx_hal_tim.o
 .ARM.attributes
                0x0000000000000643       0x35 Drivers/STM32F3xx_HAL_Driver/stm32f3xx_hal_tim_ex.o
 .ARM.attributes
                0x0000000000000678       0x35 Drivers/STM32F3xx_HAL_Driver/stm32f3xx_hal_uart.o
 .ARM.attributes
                0x00000000000006ad       0x35 Middlewares/MotorControl/bus_voltage_sensor.o
 .ARM.attributes
                0x00000000000006e2       0x35 Middlewares/MotorControl/circle_limitation.o
 .ARM.attributes
                0x0000000000000717       0x35 Middlewares/MotorControl/frame_communication_protocol.o
 .ARM.attributes
                0x000000000000074c       0x35 Middlewares/MotorControl/motor_power_measurement.o
 .ARM.attributes
                0x0000000000000781       0x35 Middlewares/MotorControl/ntc_temperature_sensor.o
 .ARM.attributes
                0x00000000000007b6       0x35 Middlewares/MotorControl/pid_regulator.o
 .ARM.attributes
                0x00000000000007eb       0x35 Middlewares/MotorControl/pqd_motor_power_measurement.o
 .ARM.attributes
                0x0000000000000820       0x35 Middlewares/MotorControl/pwm_common.o
 .ARM.attributes
                0x0000000000000855       0x35 Middlewares/MotorControl/pwm_curr_fdbk.o
 .ARM.attributes
                0x000000000000088a       0x35 Middlewares/MotorControl/r3_1_f30x_pwm_curr_fdbk.o
 .ARM.attributes
                0x00000000000008bf       0x35 Middlewares/MotorControl/r_divider_bus_voltage_sensor.o
 .ARM.attributes
                0x00000000000008f4       0x35 Middlewares/MotorControl/ramp_ext_mngr.o
 .ARM.attributes
                0x0000000000000929       0x35 Middlewares/MotorControl/speed_pos_fdbk.o
 .ARM.attributes
                0x000000000000095e       0x35 Middlewares/MotorControl/speed_torq_ctrl.o
 .ARM.attributes
                0x0000000000000993       0x35 Middlewares/MotorControl/state_machine.o
 .ARM.attributes
                0x00000000000009c8       0x35 Middlewares/MotorControl/usart_frame_communication_protocol.o
 .ARM.attributes
                0x00000000000009fd       0x35 Middlewares/MotorControl/virtual_speed_sensor.o
 .ARM.attributes
                0x0000000000000a32       0x35 ../../MCSDK_v5.4.4/MotorControl/lib\libmc-gcc_M4_NoCCMRAM.lib(revup_ctrl.o)
 .ARM.attributes
                0x0000000000000a67       0x35 ../../MCSDK_v5.4.4/MotorControl/lib\libmc-gcc_M4_NoCCMRAM.lib(sto_pll_speed_pos_fdbk.o)
 .ARM.attributes
                0x0000000000000a9c       0x34 c:/st/stm32cubeide_1.3.0/stm32cubeide/plugins/com.st.stm32cube.ide.mcu.externaltools.gnu-tools-for-stm32.7-2018-q2-update.win32_1.4.0.202007081208/tools/bin/../lib/gcc/arm-none-eabi/7.3.1/../../../../arm-none-eabi/lib/thumb/v7e-m/fpv4-sp/hard\libc_nano.a(lib_a-init.o)
 .ARM.attributes
                0x0000000000000ad0       0x34 c:/st/stm32cubeide_1.3.0/stm32cubeide/plugins/com.st.stm32cube.ide.mcu.externaltools.gnu-tools-for-stm32.7-2018-q2-update.win32_1.4.0.202007081208/tools/bin/../lib/gcc/arm-none-eabi/7.3.1/../../../../arm-none-eabi/lib/thumb/v7e-m/fpv4-sp/hard\libc_nano.a(lib_a-memset.o)
 .ARM.attributes
                0x0000000000000b04       0x22 c:/st/stm32cubeide_1.3.0/stm32cubeide/plugins/com.st.stm32cube.ide.mcu.externaltools.gnu-tools-for-stm32.7-2018-q2-update.win32_1.4.0.202007081208/tools/bin/../lib/gcc/arm-none-eabi/7.3.1/thumb/v7e-m/fpv4-sp/hard/crtn.o
OUTPUT(SinESC_Wing_1.0A.elf elf32-littlearm)

.comment        0x0000000000000000       0xfa
 .comment       0x0000000000000000       0x7b Application/User/esc.o
                                         0x7c (size before relaxing)
 .comment       0x000000000000007b       0x7c Application/User/main.o
 .comment       0x000000000000007b       0x7c Application/User/mc_api.o
 .comment       0x000000000000007b       0x7c Application/User/mc_config.o
 .comment       0x000000000000007b       0x7c Application/User/mc_interface.o
 .comment       0x000000000000007b       0x7c Application/User/mc_math.o
 .comment       0x000000000000007b       0x7c Application/User/mc_parameters.o
 .comment       0x000000000000007b       0x7c Application/User/mc_tasks.o
 .comment       0x000000000000007b       0x7c Application/User/motor_control_protocol.o
 .comment       0x000000000000007b       0x7c Application/User/motorcontrol.o
 .comment       0x000000000000007b       0x7c Application/User/regular_conversion_manager.o
 .comment       0x000000000000007b       0x7c Application/User/stm32f30x_mc_it.o
 .comment       0x000000000000007b       0x7c Application/User/stm32f3xx_hal_msp.o
 .comment       0x000000000000007b       0x7c Application/User/ui_task.o
 .comment       0x000000000000007b       0x7c Application/User/user_interface.o
 .comment       0x000000000000007b       0x7c Drivers/CMSIS/system_stm32f3xx.o
 .comment       0x000000000000007b       0x7c Drivers/STM32F3xx_HAL_Driver/stm32f3xx_hal.o
 .comment       0x000000000000007b       0x7c Drivers/STM32F3xx_HAL_Driver/stm32f3xx_hal_adc_ex.o
 .comment       0x000000000000007b       0x7c Drivers/STM32F3xx_HAL_Driver/stm32f3xx_hal_can.o
 .comment       0x000000000000007b       0x7c Drivers/STM32F3xx_HAL_Driver/stm32f3xx_hal_comp.o
 .comment       0x000000000000007b       0x7c Drivers/STM32F3xx_HAL_Driver/stm32f3xx_hal_cortex.o
 .comment       0x000000000000007b       0x7c Drivers/STM32F3xx_HAL_Driver/stm32f3xx_hal_dac.o
 .comment       0x000000000000007b       0x7c Drivers/STM32F3xx_HAL_Driver/stm32f3xx_hal_dac_ex.o
 .comment       0x000000000000007b       0x7c Drivers/STM32F3xx_HAL_Driver/stm32f3xx_hal_gpio.o
 .comment       0x000000000000007b       0x7c Drivers/STM32F3xx_HAL_Driver/stm32f3xx_hal_rcc.o
 .comment       0x000000000000007b       0x7c Drivers/STM32F3xx_HAL_Driver/stm32f3xx_hal_rcc_ex.o
 .comment       0x000000000000007b       0x7c Drivers/STM32F3xx_HAL_Driver/stm32f3xx_hal_spi.o
 .comment       0x000000000000007b       0x7c Drivers/STM32F3xx_HAL_Driver/stm32f3xx_hal_tim.o
 .comment       0x000000000000007b       0x7c Drivers/STM32F3xx_HAL_Driver/stm32f3xx_hal_tim_ex.o
 .comment       0x000000000000007b       0x7c Drivers/STM32F3xx_HAL_Driver/stm32f3xx_hal_uart.o
 .comment       0x000000000000007b       0x7c Middlewares/MotorControl/bus_voltage_sensor.o
 .comment       0x000000000000007b       0x7c Middlewares/MotorControl/circle_limitation.o
 .comment       0x000000000000007b       0x7c Middlewares/MotorControl/frame_communication_protocol.o
 .comment       0x000000000000007b       0x7c Middlewares/MotorControl/motor_power_measurement.o
 .comment       0x000000000000007b       0x7c Middlewares/MotorControl/ntc_temperature_sensor.o
 .comment       0x000000000000007b       0x7c Middlewares/MotorControl/pid_regulator.o
 .comment       0x000000000000007b       0x7c Middlewares/MotorControl/pqd_motor_power_measurement.o
 .comment       0x000000000000007b       0x7c Middlewares/MotorControl/pwm_common.o
 .comment       0x000000000000007b       0x7c Middlewares/MotorControl/pwm_curr_fdbk.o
 .comment       0x000000000000007b       0x7c Middlewares/MotorControl/r3_1_f30x_pwm_curr_fdbk.o
 .comment       0x000000000000007b       0x7c Middlewares/MotorControl/r_divider_bus_voltage_sensor.o
 .comment       0x000000000000007b       0x7c Middlewares/MotorControl/ramp_ext_mngr.o
 .comment       0x000000000000007b       0x7c Middlewares/MotorControl/speed_pos_fdbk.o
 .comment       0x000000000000007b       0x7c Middlewares/MotorControl/speed_torq_ctrl.o
 .comment       0x000000000000007b       0x7c Middlewares/MotorControl/state_machine.o
 .comment       0x000000000000007b       0x7c Middlewares/MotorControl/usart_frame_communication_protocol.o
 .comment       0x000000000000007b       0x7c Middlewares/MotorControl/virtual_speed_sensor.o
 .comment       0x000000000000007b       0x7f ../../MCSDK_v5.4.4/MotorControl/lib\libmc-gcc_M4_NoCCMRAM.lib(revup_ctrl.o)
                                         0x80 (size before relaxing)
 .comment       0x00000000000000fa       0x80 ../../MCSDK_v5.4.4/MotorControl/lib\libmc-gcc_M4_NoCCMRAM.lib(sto_pll_speed_pos_fdbk.o)

.debug_frame    0x0000000000000000       0x4c
 .debug_frame   0x0000000000000000       0x2c c:/st/stm32cubeide_1.3.0/stm32cubeide/plugins/com.st.stm32cube.ide.mcu.externaltools.gnu-tools-for-stm32.7-2018-q2-update.win32_1.4.0.202007081208/tools/bin/../lib/gcc/arm-none-eabi/7.3.1/../../../../arm-none-eabi/lib/thumb/v7e-m/fpv4-sp/hard\libc_nano.a(lib_a-init.o)
 .debug_frame   0x000000000000002c       0x20 c:/st/stm32cubeide_1.3.0/stm32cubeide/plugins/com.st.stm32cube.ide.mcu.externaltools.gnu-tools-for-stm32.7-2018-q2-update.win32_1.4.0.202007081208/tools/bin/../lib/gcc/arm-none-eabi/7.3.1/../../../../arm-none-eabi/lib/thumb/v7e-m/fpv4-sp/hard\libc_nano.a(lib_a-memset.o)