stm32g4xx_hal_adc.c:925:13:HAL_ADC_MspInit	0	static
stm32g4xx_hal_adc.c:404:19:HAL_ADC_Init	24	static
stm32g4xx_hal_adc.c:942:13:HAL_ADC_MspDeInit	0	static
stm32g4xx_hal_adc.c:1420:19:HAL_ADC_PollForConversion	24	static
stm32g4xx_hal_adc.c:1599:19:HAL_ADC_PollForEvent	24	static
stm32g4xx_hal_adc.c:2230:10:HAL_ADC_GetValue	0	static
stm32g4xx_hal_adc.c:2251:19:HAL_ADC_StartSampling	0	static
stm32g4xx_hal_adc.c:2273:19:HAL_ADC_StopSampling	0	static
stm32g4xx_hal_adc.c:2660:13:HAL_ADC_ConvCpltCallback	0	static
stm32g4xx_hal_adc.c:2675:13:HAL_ADC_ConvHalfCpltCallback	0	static
stm32g4xx_hal_adc.c:3619:6:ADC_DMAHalfConvCplt	8	static
stm32g4xx_hal_adc.c:2690:13:HAL_ADC_LevelOutOfWindowCallback	0	static
stm32g4xx_hal_adc.c:2712:13:HAL_ADC_ErrorCallback	0	static
stm32g4xx_hal_adc.c:2290:6:HAL_ADC_IRQHandler	24	static
stm32g4xx_hal_adc.c:3541:6:ADC_DMAConvCplt	8	static
stm32g4xx_hal_adc.c:3637:6:ADC_DMAError	8	static
stm32g4xx_hal_adc.c:2758:19:HAL_ADC_ConfigChannel	32	static,ignoring_inline_asm
stm32g4xx_hal_adc.c:2987:19:HAL_ADC_AnalogWDGConfig	16	static,ignoring_inline_asm
stm32g4xx_hal_adc.c:3242:10:HAL_ADC_GetState	0	static
stm32g4xx_hal_adc.c:3256:10:HAL_ADC_GetError	0	static
stm32g4xx_hal_adc.c:3286:19:ADC_ConversionStop	16	static
stm32g4xx_hal_adc.c:3416:19:ADC_Enable	16	static
stm32g4xx_hal_adc.c:1231:19:HAL_ADC_Start	16	static
stm32g4xx_hal_adc.c:1744:19:HAL_ADC_Start_IT	16	static
stm32g4xx_hal_adc.c:2004:19:HAL_ADC_Start_DMA	24	static
stm32g4xx_hal_adc.c:3483:19:ADC_Disable	16	static
stm32g4xx_hal_adc.c:723:19:HAL_ADC_DeInit	24	static
stm32g4xx_hal_adc.c:1366:19:HAL_ADC_Stop	8	static
stm32g4xx_hal_adc.c:1951:19:HAL_ADC_Stop_IT	8	static
stm32g4xx_hal_adc.c:2145:19:HAL_ADC_Stop_DMA	16	static
