stm32g4xx_hal_adc_ex.c:136:19:HAL_ADCEx_Calibration_Start	24	static
stm32g4xx_hal_adc_ex.c:210:10:HAL_ADCEx_Calibration_GetValue	0	static
stm32g4xx_hal_adc_ex.c:230:19:HAL_ADCEx_Calibration_SetValue	12	static
stm32g4xx_hal_adc_ex.c:286:19:HAL_ADCEx_InjectedStart	16	static
stm32g4xx_hal_adc_ex.c:435:19:HAL_ADCEx_InjectedStop	8	static
stm32g4xx_hal_adc_ex.c:490:19:HAL_ADCEx_InjectedPollForConversion	24	static
stm32g4xx_hal_adc_ex.c:627:19:HAL_ADCEx_InjectedStart_IT	16	static
stm32g4xx_hal_adc_ex.c:800:19:HAL_ADCEx_InjectedStop_IT	8	static
stm32g4xx_hal_adc_ex.c:867:19:HAL_ADCEx_MultiModeStart_DMA	136	static
stm32g4xx_hal_adc_ex.c:982:19:HAL_ADCEx_MultiModeStop_DMA	128	static
stm32g4xx_hal_adc_ex.c:1095:10:HAL_ADCEx_MultiModeGetValue	0	static
stm32g4xx_hal_adc_ex.c:1142:10:HAL_ADCEx_InjectedGetValue	0	static
stm32g4xx_hal_adc_ex.c:1177:13:HAL_ADCEx_InjectedConvCpltCallback	0	static
stm32g4xx_hal_adc_ex.c:1196:13:HAL_ADCEx_InjectedQueueOverflowCallback	0	static
stm32g4xx_hal_adc_ex.c:1211:13:HAL_ADCEx_LevelOutOfWindow2Callback	0	static
stm32g4xx_hal_adc_ex.c:1226:13:HAL_ADCEx_LevelOutOfWindow3Callback	0	static
stm32g4xx_hal_adc_ex.c:1242:13:HAL_ADCEx_EndOfSamplingCallback	0	static
stm32g4xx_hal_adc_ex.c:1259:19:HAL_ADCEx_RegularStop	8	static
stm32g4xx_hal_adc_ex.c:1317:19:HAL_ADCEx_RegularStop_IT	8	static
stm32g4xx_hal_adc_ex.c:1377:19:HAL_ADCEx_RegularStop_DMA	16	static
stm32g4xx_hal_adc_ex.c:1464:19:HAL_ADCEx_RegularMultiModeStop_DMA	128	static
stm32g4xx_hal_adc_ex.c:1638:19:HAL_ADCEx_InjectedConfigChannel	32	static,ignoring_inline_asm
stm32g4xx_hal_adc_ex.c:2079:19:HAL_ADCEx_MultiModeConfigChannel	16	static
stm32g4xx_hal_adc_ex.c:2192:19:HAL_ADCEx_EnableInjectedQueue	0	static
stm32g4xx_hal_adc_ex.c:2233:19:HAL_ADCEx_DisableInjectedQueue	0	static
stm32g4xx_hal_adc_ex.c:2270:19:HAL_ADCEx_DisableVoltageRegulator	0	static
stm32g4xx_hal_adc_ex.c:2307:19:HAL_ADCEx_EnterADCDeepPowerDownMode	0	static
