stm32g4xx_hal_dac.c:511:13:HAL_DAC_MspInit	0	static
stm32g4xx_hal_dac.c:405:19:HAL_DAC_Init	8	static
stm32g4xx_hal_dac.c:527:13:HAL_DAC_MspDeInit	0	static
stm32g4xx_hal_dac.c:466:19:HAL_DAC_DeInit	8	static
stm32g4xx_hal_dac.c:572:19:HAL_DAC_Start	24	static
stm32g4xx_hal_dac.c:630:19:HAL_DAC_Stop	16	static
stm32g4xx_hal_dac.c:667:19:HAL_DAC_Start_DMA	24	static
stm32g4xx_hal_dac.c:800:19:HAL_DAC_Stop_DMA	16	static
stm32g4xx_hal_dac.c:933:19:HAL_DAC_SetValue	16	static
stm32g4xx_hal_dac.c:969:13:HAL_DAC_ConvCpltCallbackCh1	0	static
stm32g4xx_hal_dac.c:1594:6:DAC_DMAConvCpltCh1	8	static
stm32g4xx_hal_dac.c:985:13:HAL_DAC_ConvHalfCpltCallbackCh1	0	static
stm32g4xx_hal_dac.c:1613:6:DAC_DMAHalfConvCpltCh1	8	static
stm32g4xx_hal_dac.c:1001:13:HAL_DAC_ErrorCallbackCh1	0	static
stm32g4xx_hal_dac.c:1630:6:DAC_DMAErrorCh1	8	static
stm32g4xx_hal_dac.c:1017:13:HAL_DAC_DMAUnderrunCallbackCh1	0	static
stm32g4xx_hal_dac.c:859:6:HAL_DAC_IRQHandler	8	static
stm32g4xx_hal_dac.c:1059:10:HAL_DAC_GetValue	0	static
stm32g4xx_hal_dac.c:1094:19:HAL_DAC_ConfigChannel	24	static
stm32g4xx_hal_dac.c:1321:22:HAL_DAC_GetState	0	static
stm32g4xx_hal_dac.c:1334:10:HAL_DAC_GetError	0	static
