stm32g4xx_hal_dac_ex.c:119:19:HAL_DACEx_DualStart	16	static
stm32g4xx_hal_dac_ex.c:166:19:HAL_DACEx_DualStop	8	static
stm32g4xx_hal_dac_ex.c:201:19:HAL_DACEx_DualStart_DMA	24	static
stm32g4xx_hal_dac_ex.c:314:19:HAL_DACEx_DualStop_DMA	16	static
stm32g4xx_hal_dac_ex.c:393:19:HAL_DACEx_TriangleWaveGenerate	8	static
stm32g4xx_hal_dac_ex.c:445:19:HAL_DACEx_NoiseWaveGenerate	8	static
stm32g4xx_hal_dac_ex.c:494:19:HAL_DACEx_SawtoothWaveGenerate	8	static
stm32g4xx_hal_dac_ex.c:556:19:HAL_DACEx_SawtoothWaveDataReset	8	static
stm32g4xx_hal_dac_ex.c:612:19:HAL_DACEx_SawtoothWaveDataStep	8	static
stm32g4xx_hal_dac_ex.c:668:19:HAL_DACEx_DualSetValue	0	static
stm32g4xx_hal_dac_ex.c:704:13:HAL_DACEx_ConvCpltCallbackCh2	0	static
stm32g4xx_hal_dac_ex.c:1024:6:DAC_DMAConvCpltCh2	8	static
stm32g4xx_hal_dac_ex.c:720:13:HAL_DACEx_ConvHalfCpltCallbackCh2	0	static
stm32g4xx_hal_dac_ex.c:1043:6:DAC_DMAHalfConvCpltCh2	8	static
stm32g4xx_hal_dac_ex.c:736:13:HAL_DACEx_ErrorCallbackCh2	0	static
stm32g4xx_hal_dac_ex.c:1060:6:DAC_DMAErrorCh2	8	static
stm32g4xx_hal_dac_ex.c:752:13:HAL_DACEx_DMAUnderrunCallbackCh2	0	static
stm32g4xx_hal_dac_ex.c:779:19:HAL_DACEx_SelfCalibrate	56	static
stm32g4xx_hal_dac_ex.c:913:19:HAL_DACEx_SetUserTrimming	16	static
stm32g4xx_hal_dac_ex.c:959:10:HAL_DACEx_GetTrimOffset	0	static
stm32g4xx_hal_dac_ex.c:992:10:HAL_DACEx_DualGetValue	0	static
