mc_tasks.c:550:13:FOC_Clear	24	static
mc_tasks.c:122:13:MCboot	72	static
mc_tasks.c:586:13:FOC_InitAdditionalMethods	0	static
mc_tasks.c:603:13:FOC_CalcCurrRef	8	static
mc_tasks.c:626:13:TSK_SetChargeBootCapDelayM1	0	static
mc_tasks.c:637:13:TSK_ChargeBootCapDelayHasElapsedM1	0	static
mc_tasks.c:653:13:TSK_SetStopPermanencyTimeM1	0	static
mc_tasks.c:664:13:TSK_StopPermanencyTimeHasElapsedM1	0	static
mc_tasks.c:327:13:TSK_MediumFrequencyTaskM1	24	static
mc_tasks.c:282:13:MC_Scheduler	16	static
mc_tasks.c:689:16:TSK_HighFrequencyTask	64	static
mc_tasks.c:826:13:TSK_SafetyTask_PWMOFF	16	static
mc_tasks.c:804:13:TSK_SafetyTask	8	static
mc_tasks.c:262:13:MC_RunMotorControlTasks	8	static
mc_tasks.c:873:23:GetMCI	0	static
mc_tasks.c:892:22:GetMCT	0	static
mc_tasks.c:908:13:TSK_HardwareFaultTask	8	static
mc_tasks.c:923:13:mc_lock_pins	48	static
