stm32f3xx_hal_msp.c:66:6:HAL_MspInit	8	static
stm32f3xx_hal_msp.c:90:6:HAL_ADC_MspInit	40	static
stm32f3xx_hal_msp.c:125:6:HAL_ADC_MspDeInit	8	static
stm32f3xx_hal_msp.c:157:6:HAL_SPI_MspInit	48	static
stm32f3xx_hal_msp.c:194:6:HAL_SPI_MspDeInit	0	static
stm32f3xx_hal_msp.c:224:6:HAL_TIM_Base_MspInit	8	static
stm32f3xx_hal_msp.c:240:6:HAL_TIM_MspPostInit	48	static
stm32f3xx_hal_msp.c:292:6:HAL_TIM_Base_MspDeInit	8	static
stm32f3xx_hal_msp.c:318:6:HAL_UART_MspInit	48	static
stm32f3xx_hal_msp.c:354:6:HAL_UART_MspDeInit	8	static
