user_interface.c:61:13:UI_Init	8	static
user_interface.c:76:13:UI_SelectMC	0	static
user_interface.c:95:16:UI_GetSelectedMC	0	static
user_interface.c:107:17:UI_GetSelectedMCConfig	0	static
user_interface.c:120:13:UI_SetReg	24	static
user_interface.c:324:16:UI_GetReg	80	static
user_interface.c:873:13:UI_ExecCmd	8	static
user_interface.c:966:13:UI_ExecSpeedRamp	8	static
user_interface.c:983:13:UI_ExecTorqueRamp	8	static
user_interface.c:1009:13:UI_GetRevupData	24	static
user_interface.c:1040:13:UI_SetRevupData	24	static
user_interface.c:1061:13:UI_SetCurrentReferences	16	static
user_interface.c:1080:13:UI_GetMPInfo	0	static
