mc_tasks.c:565:13:FOC_Clear	24	static
mc_tasks.c:124:13:MCboot	72	static
mc_tasks.c:609:13:FOC_InitAdditionalMethods	0	static
mc_tasks.c:630:13:FOC_CalcCurrRef	32	static
mc_tasks.c:664:13:TSK_SetChargeBootCapDelayM1	0	static
mc_tasks.c:675:13:TSK_ChargeBootCapDelayHasElapsedM1	0	static
mc_tasks.c:691:13:TSK_SetStopPermanencyTimeM1	0	static
mc_tasks.c:702:13:TSK_StopPermanencyTimeHasElapsedM1	0	static
mc_tasks.c:342:13:TSK_MediumFrequencyTaskM1	24	static
mc_tasks.c:297:13:MC_Scheduler	16	static
mc_tasks.c:727:16:TSK_HighFrequencyTask	64	static
mc_tasks.c:869:13:TSK_SafetyTask_PWMOFF	24	static
mc_tasks.c:847:13:TSK_SafetyTask	8	static
mc_tasks.c:277:13:MC_RunMotorControlTasks	8	static
mc_tasks.c:920:23:GetMCI	0	static
mc_tasks.c:939:22:GetMCT	0	static
mc_tasks.c:955:13:TSK_HardwareFaultTask	8	static
mc_tasks.c:970:13:mc_lock_pins	88	static
