stm32g4xx_hal_msp.c:66:6:HAL_MspInit	16	static
stm32g4xx_hal_msp.c:96:6:HAL_ADC_MspInit	64	static
stm32g4xx_hal_msp.c:165:6:HAL_ADC_MspDeInit	8	static
stm32g4xx_hal_msp.c:239:6:HAL_COMP_MspInit	48	static
stm32g4xx_hal_msp.c:308:6:HAL_COMP_MspDeInit	0	static
stm32g4xx_hal_msp.c:364:6:HAL_CORDIC_MspInit	8	static
stm32g4xx_hal_msp.c:386:6:HAL_CORDIC_MspDeInit	0	static
stm32g4xx_hal_msp.c:408:6:HAL_DAC_MspInit	8	static
stm32g4xx_hal_msp.c:430:6:HAL_DAC_MspDeInit	0	static
stm32g4xx_hal_msp.c:452:6:HAL_OPAMP_MspInit	48	static
stm32g4xx_hal_msp.c:527:6:HAL_OPAMP_MspDeInit	0	static
stm32g4xx_hal_msp.c:589:6:HAL_TIM_Base_MspInit	8	static
stm32g4xx_hal_msp.c:605:6:HAL_TIM_MspPostInit	64	static
stm32g4xx_hal_msp.c:658:6:HAL_TIM_Base_MspDeInit	8	static
stm32g4xx_hal_msp.c:684:6:HAL_UART_MspInit	48	static
stm32g4xx_hal_msp.c:720:6:HAL_UART_MspDeInit	8	static
