ui_task.c:38:6:UI_TaskInit	40	static
ui_task.c:51:13:UI_Scheduler	0	static
ui_task.c:69:23:GetMCP	0	static
ui_task.c:74:13:UI_IdleTimeHasElapsed	0	static
ui_task.c:84:13:UI_SetIdleTime	0	static
ui_task.c:89:13:UI_SerialCommunicationTimeOutHasElapsed	0	static
ui_task.c:100:13:UI_SerialCommunicationATRTimeHasElapsed	0	static
ui_task.c:111:13:UI_SerialCommunicationTimeOutStop	0	static
ui_task.c:116:13:UI_SerialCommunicationTimeOutStart	0	static
ui_task.c:121:13:UI_HandleStartStopButton_cb	8	static
