r3_2_g4xx_pwm_curr_fdbk.c:210:13:R3_2_ADCxInit	8	static
r3_2_g4xx_pwm_curr_fdbk.c:465:13:R3_2_GetPhaseCurrents	16	static
r3_2_g4xx_pwm_curr_fdbk.c:631:10:R3_2_SetADCSampPointPolarization	4	static
r3_2_g4xx_pwm_curr_fdbk.c:660:10:R3_2_SetADCSampPointSectX	12	static
r3_2_g4xx_pwm_curr_fdbk.c:772:13:R3_2_HFCurrentsPolarizationAB	12	static
r3_2_g4xx_pwm_curr_fdbk.c:810:13:R3_2_HFCurrentsPolarizationC	4	static
r3_2_g4xx_pwm_curr_fdbk.c:844:13:R3_2_TurnOnLowSides	12	static
r3_2_g4xx_pwm_curr_fdbk.c:888:13:R3_2_SwitchOnPWM	8	static
r3_2_g4xx_pwm_curr_fdbk.c:948:13:R3_2_SwitchOffPWM	8	static
r3_2_g4xx_pwm_curr_fdbk.c:1376:13:R3_2_RLGetPhaseCurrents	8	static
r3_2_g4xx_pwm_curr_fdbk.c:1421:13:R3_2_RLTurnOnLowSides	12	static
r3_2_g4xx_pwm_curr_fdbk.c:1462:13:R3_2_RLSwitchOnPWM	16	static
r3_2_g4xx_pwm_curr_fdbk.c:1140:13:R3_2_SetAOReferenceVoltage	16	static
r3_2_g4xx_pwm_curr_fdbk.c:81:13:R3_2_Init	64	static
r3_2_g4xx_pwm_curr_fdbk.c:349:13:R3_2_CurrentReadingPolarization	32	static
r3_2_g4xx_pwm_curr_fdbk.c:1004:15:R3_2_TIMx_UP_IRQHandler	24	static
r3_2_g4xx_pwm_curr_fdbk.c:1058:15:R3_2_BRK2_IRQHandler	8	static
r3_2_g4xx_pwm_curr_fdbk.c:1086:15:R3_2_BRK_IRQHandler	0	static
r3_2_g4xx_pwm_curr_fdbk.c:1103:17:R3_2_IsOverCurrentOccurred	0	static
r3_2_g4xx_pwm_curr_fdbk.c:1173:6:R3_2_RLDetectionModeEnable	4	static
r3_2_g4xx_pwm_curr_fdbk.c:1230:6:R3_2_RLDetectionModeDisable	12	static
r3_2_g4xx_pwm_curr_fdbk.c:1313:10:R3_2_RLDetectionModeSetDuty	12	static
r3_2_g4xx_pwm_curr_fdbk.c:1529:6:RLTurnOnLowSidesAndStart	8	static
