Archive member included to satisfy reference by file (symbol)

../../MCSDK_v5.4.5/MotorControl/lib\libmc-gcc_M4_NoCCMRAM.lib(feed_forward_ctrl.o)
                              Application/User/mc_tasks.o (FF_Init)
../../MCSDK_v5.4.5/MotorControl/lib\libmc-gcc_M4_NoCCMRAM.lib(flux_weakening_ctrl.o)
                              Application/User/mc_tasks.o (FW_Init)
../../MCSDK_v5.4.5/MotorControl/lib\libmc-gcc_M4_NoCCMRAM.lib(revup_ctrl.o)
                              Application/User/mc_tasks.o (RUC_Init)
../../MCSDK_v5.4.5/MotorControl/lib\libmc-gcc_M4_NoCCMRAM.lib(sto_pll_speed_pos_fdbk.o)
                              Application/User/mc_tasks.o (STO_PLL_CalcElAngle)
c:/st/stm32cubeide_1.3.0/stm32cubeide/plugins/com.st.stm32cube.ide.mcu.externaltools.gnu-tools-for-stm32.9-2020-q2-update.win32_1.5.0.202011040924/tools/bin/../lib/gcc/arm-none-eabi/9.3.1/../../../../arm-none-eabi/lib/thumb/v7e-m+fp/hard\libc_nano.a(lib_a-errno.o)
                              Application/User/syscalls.o (__errno)
c:/st/stm32cubeide_1.3.0/stm32cubeide/plugins/com.st.stm32cube.ide.mcu.externaltools.gnu-tools-for-stm32.9-2020-q2-update.win32_1.5.0.202011040924/tools/bin/../lib/gcc/arm-none-eabi/9.3.1/../../../../arm-none-eabi/lib/thumb/v7e-m+fp/hard\libc_nano.a(lib_a-exit.o)
                              c:/st/stm32cubeide_1.3.0/stm32cubeide/plugins/com.st.stm32cube.ide.mcu.externaltools.gnu-tools-for-stm32.9-2020-q2-update.win32_1.5.0.202011040924/tools/bin/../lib/gcc/arm-none-eabi/9.3.1/../../../../arm-none-eabi/lib/thumb/v7e-m+fp/hard/crt0.o (exit)
c:/st/stm32cubeide_1.3.0/stm32cubeide/plugins/com.st.stm32cube.ide.mcu.externaltools.gnu-tools-for-stm32.9-2020-q2-update.win32_1.5.0.202011040924/tools/bin/../lib/gcc/arm-none-eabi/9.3.1/../../../../arm-none-eabi/lib/thumb/v7e-m+fp/hard\libc_nano.a(lib_a-impure.o)
                              c:/st/stm32cubeide_1.3.0/stm32cubeide/plugins/com.st.stm32cube.ide.mcu.externaltools.gnu-tools-for-stm32.9-2020-q2-update.win32_1.5.0.202011040924/tools/bin/../lib/gcc/arm-none-eabi/9.3.1/../../../../arm-none-eabi/lib/thumb/v7e-m+fp/hard\libc_nano.a(lib_a-exit.o) (_global_impure_ptr)
c:/st/stm32cubeide_1.3.0/stm32cubeide/plugins/com.st.stm32cube.ide.mcu.externaltools.gnu-tools-for-stm32.9-2020-q2-update.win32_1.5.0.202011040924/tools/bin/../lib/gcc/arm-none-eabi/9.3.1/../../../../arm-none-eabi/lib/thumb/v7e-m+fp/hard\libc_nano.a(lib_a-init.o)
                              c:/st/stm32cubeide_1.3.0/stm32cubeide/plugins/com.st.stm32cube.ide.mcu.externaltools.gnu-tools-for-stm32.9-2020-q2-update.win32_1.5.0.202011040924/tools/bin/../lib/gcc/arm-none-eabi/9.3.1/../../../../arm-none-eabi/lib/thumb/v7e-m+fp/hard/crt0.o (__libc_init_array)
c:/st/stm32cubeide_1.3.0/stm32cubeide/plugins/com.st.stm32cube.ide.mcu.externaltools.gnu-tools-for-stm32.9-2020-q2-update.win32_1.5.0.202011040924/tools/bin/../lib/gcc/arm-none-eabi/9.3.1/../../../../arm-none-eabi/lib/thumb/v7e-m+fp/hard\libc_nano.a(lib_a-memset.o)
                              c:/st/stm32cubeide_1.3.0/stm32cubeide/plugins/com.st.stm32cube.ide.mcu.externaltools.gnu-tools-for-stm32.9-2020-q2-update.win32_1.5.0.202011040924/tools/bin/../lib/gcc/arm-none-eabi/9.3.1/../../../../arm-none-eabi/lib/thumb/v7e-m+fp/hard/crt0.o (memset)
c:/st/stm32cubeide_1.3.0/stm32cubeide/plugins/com.st.stm32cube.ide.mcu.externaltools.gnu-tools-for-stm32.9-2020-q2-update.win32_1.5.0.202011040924/tools/bin/../lib/gcc/arm-none-eabi/9.3.1/thumb/v7e-m+fp/hard\libgcc.a(_aeabi_ldivmod.o)
                              Drivers/STM32G4xx_HAL_Driver/stm32g4xx_hal_uart.o (__aeabi_ldivmod)
c:/st/stm32cubeide_1.3.0/stm32cubeide/plugins/com.st.stm32cube.ide.mcu.externaltools.gnu-tools-for-stm32.9-2020-q2-update.win32_1.5.0.202011040924/tools/bin/../lib/gcc/arm-none-eabi/9.3.1/thumb/v7e-m+fp/hard\libgcc.a(_aeabi_uldivmod.o)
                              Drivers/STM32G4xx_HAL_Driver/stm32g4xx_hal_uart.o (__aeabi_uldivmod)
c:/st/stm32cubeide_1.3.0/stm32cubeide/plugins/com.st.stm32cube.ide.mcu.externaltools.gnu-tools-for-stm32.9-2020-q2-update.win32_1.5.0.202011040924/tools/bin/../lib/gcc/arm-none-eabi/9.3.1/thumb/v7e-m+fp/hard\libgcc.a(_udivmoddi4.o)
                              c:/st/stm32cubeide_1.3.0/stm32cubeide/plugins/com.st.stm32cube.ide.mcu.externaltools.gnu-tools-for-stm32.9-2020-q2-update.win32_1.5.0.202011040924/tools/bin/../lib/gcc/arm-none-eabi/9.3.1/thumb/v7e-m+fp/hard\libgcc.a(_aeabi_ldivmod.o) (__udivmoddi4)
c:/st/stm32cubeide_1.3.0/stm32cubeide/plugins/com.st.stm32cube.ide.mcu.externaltools.gnu-tools-for-stm32.9-2020-q2-update.win32_1.5.0.202011040924/tools/bin/../lib/gcc/arm-none-eabi/9.3.1/thumb/v7e-m+fp/hard\libgcc.a(_dvmd_tls.o)
                              c:/st/stm32cubeide_1.3.0/stm32cubeide/plugins/com.st.stm32cube.ide.mcu.externaltools.gnu-tools-for-stm32.9-2020-q2-update.win32_1.5.0.202011040924/tools/bin/../lib/gcc/arm-none-eabi/9.3.1/thumb/v7e-m+fp/hard\libgcc.a(_aeabi_ldivmod.o) (__aeabi_ldiv0)

Allocating common symbols
[...]
Memory Configuration

Name             Origin             Length             Attributes
RAM              0x0000000020000000 0x0000000000008000 xrw
FLASH            0x0000000008000000 0x0000000000020000 xr
*default*        0x0000000000000000 0xffffffffffffffff

Linker script and memory map

LOAD c:/st/stm32cubeide_1.3.0/stm32cubeide/plugins/com.st.stm32cube.ide.mcu.externaltools.gnu-tools-for-stm32.9-2020-q2-update.win32_1.5.0.202011040924/tools/bin/../lib/gcc/arm-none-eabi/9.3.1/thumb/v7e-m+fp/hard/crti.o
LOAD c:/st/stm32cubeide_1.3.0/stm32cubeide/plugins/com.st.stm32cube.ide.mcu.externaltools.gnu-tools-for-stm32.9-2020-q2-update.win32_1.5.0.202011040924/tools/bin/../lib/gcc/arm-none-eabi/9.3.1/thumb/v7e-m+fp/hard/crtbegin.o
LOAD c:/st/stm32cubeide_1.3.0/stm32cubeide/plugins/com.st.stm32cube.ide.mcu.externaltools.gnu-tools-for-stm32.9-2020-q2-update.win32_1.5.0.202011040924/tools/bin/../lib/gcc/arm-none-eabi/9.3.1/../../../../arm-none-eabi/lib/thumb/v7e-m+fp/hard/crt0.o
LOAD Application/Startup/startup_stm32g431cbux.o
LOAD Application/User/main.o
LOAD Application/User/mc_api.o
LOAD Application/User/mc_config.o
LOAD Application/User/mc_interface.o
LOAD Application/User/mc_math.o
LOAD Application/User/mc_parameters.o
LOAD Application/User/mc_tasks.o
LOAD Application/User/motor_control_protocol.o
LOAD Application/User/motorcontrol.o
LOAD Application/User/regular_conversion_manager.o
LOAD Application/User/stm32g4xx_hal_msp.o
LOAD Application/User/stm32g4xx_it.o
LOAD Application/User/stm32g4xx_mc_it.o
LOAD Application/User/syscalls.o
LOAD Application/User/sysmem.o
LOAD Application/User/ui_task.o
LOAD Application/User/user_interface.o
LOAD Drivers/CMSIS/system_stm32g4xx.o
LOAD Drivers/STM32G4xx_HAL_Driver/stm32g4xx_hal.o
LOAD Drivers/STM32G4xx_HAL_Driver/stm32g4xx_hal_adc.o
LOAD Drivers/STM32G4xx_HAL_Driver/stm32g4xx_hal_adc_ex.o
LOAD Drivers/STM32G4xx_HAL_Driver/stm32g4xx_hal_comp.o
LOAD Drivers/STM32G4xx_HAL_Driver/stm32g4xx_hal_cordic.o
LOAD Drivers/STM32G4xx_HAL_Driver/stm32g4xx_hal_cortex.o
LOAD Drivers/STM32G4xx_HAL_Driver/stm32g4xx_hal_dac.o
LOAD Drivers/STM32G4xx_HAL_Driver/stm32g4xx_hal_dac_ex.o
LOAD Drivers/STM32G4xx_HAL_Driver/stm32g4xx_hal_dma.o
LOAD Drivers/STM32G4xx_HAL_Driver/stm32g4xx_hal_dma_ex.o
LOAD Drivers/STM32G4xx_HAL_Driver/stm32g4xx_hal_exti.o
LOAD Drivers/STM32G4xx_HAL_Driver/stm32g4xx_hal_flash.o
LOAD Drivers/STM32G4xx_HAL_Driver/stm32g4xx_hal_flash_ex.o
LOAD Drivers/STM32G4xx_HAL_Driver/stm32g4xx_hal_flash_ramfunc.o
LOAD Drivers/STM32G4xx_HAL_Driver/stm32g4xx_hal_gpio.o
LOAD Drivers/STM32G4xx_HAL_Driver/stm32g4xx_hal_opamp.o
LOAD Drivers/STM32G4xx_HAL_Driver/stm32g4xx_hal_opamp_ex.o
LOAD Drivers/STM32G4xx_HAL_Driver/stm32g4xx_hal_pwr.o
LOAD Drivers/STM32G4xx_HAL_Driver/stm32g4xx_hal_pwr_ex.o
LOAD Drivers/STM32G4xx_HAL_Driver/stm32g4xx_hal_rcc.o
LOAD Drivers/STM32G4xx_HAL_Driver/stm32g4xx_hal_rcc_ex.o
LOAD Drivers/STM32G4xx_HAL_Driver/stm32g4xx_hal_tim.o
LOAD Drivers/STM32G4xx_HAL_Driver/stm32g4xx_hal_tim_ex.o
LOAD Drivers/STM32G4xx_HAL_Driver/stm32g4xx_hal_uart.o
LOAD Drivers/STM32G4xx_HAL_Driver/stm32g4xx_hal_uart_ex.o
LOAD Drivers/STM32G4xx_HAL_Driver/stm32g4xx_ll_adc.o
LOAD Middlewares/MotorControl/bus_voltage_sensor.o
LOAD Middlewares/MotorControl/circle_limitation.o
LOAD Middlewares/MotorControl/digital_output.o
LOAD Middlewares/MotorControl/frame_communication_protocol.o
LOAD Middlewares/MotorControl/motor_power_measurement.o
LOAD Middlewares/MotorControl/ntc_temperature_sensor.o
LOAD Middlewares/MotorControl/open_loop.o
LOAD Middlewares/MotorControl/pid_regulator.o
LOAD Middlewares/MotorControl/pqd_motor_power_measurement.o
LOAD Middlewares/MotorControl/pwm_common.o
LOAD Middlewares/MotorControl/pwm_curr_fdbk.o
LOAD Middlewares/MotorControl/r3_2_g4xx_pwm_curr_fdbk.o
LOAD Middlewares/MotorControl/r_divider_bus_voltage_sensor.o
LOAD Middlewares/MotorControl/ramp_ext_mngr.o
LOAD Middlewares/MotorControl/speed_pos_fdbk.o
LOAD Middlewares/MotorControl/speed_torq_ctrl.o
LOAD Middlewares/MotorControl/state_machine.o
LOAD Middlewares/MotorControl/ui_irq_handler.o
LOAD Middlewares/MotorControl/usart_frame_communication_protocol.o
LOAD Middlewares/MotorControl/virtual_speed_sensor.o
LOAD ../../MCSDK_v5.4.5/MotorControl/lib\libmc-gcc_M4_NoCCMRAM.lib
START GROUP
LOAD ../../MCSDK_v5.4.5/MotorControl/lib\libmc-gcc_M4_NoCCMRAM.lib
END GROUP
START GROUP
LOAD c:/st/stm32cubeide_1.3.0/stm32cubeide/plugins/com.st.stm32cube.ide.mcu.externaltools.gnu-tools-for-stm32.9-2020-q2-update.win32_1.5.0.202011040924/tools/bin/../lib/gcc/arm-none-eabi/9.3.1/../../../../arm-none-eabi/lib/thumb/v7e-m+fp/hard\libc_nano.a
LOAD c:/st/stm32cubeide_1.3.0/stm32cubeide/plugins/com.st.stm32cube.ide.mcu.externaltools.gnu-tools-for-stm32.9-2020-q2-update.win32_1.5.0.202011040924/tools/bin/../lib/gcc/arm-none-eabi/9.3.1/../../../../arm-none-eabi/lib/thumb/v7e-m+fp/hard\libm.a
END GROUP
START GROUP
LOAD c:/st/stm32cubeide_1.3.0/stm32cubeide/plugins/com.st.stm32cube.ide.mcu.externaltools.gnu-tools-for-stm32.9-2020-q2-update.win32_1.5.0.202011040924/tools/bin/../lib/gcc/arm-none-eabi/9.3.1/thumb/v7e-m+fp/hard\libgcc.a
LOAD c:/st/stm32cubeide_1.3.0/stm32cubeide/plugins/com.st.stm32cube.ide.mcu.externaltools.gnu-tools-for-stm32.9-2020-q2-update.win32_1.5.0.202011040924/tools/bin/../lib/gcc/arm-none-eabi/9.3.1/../../../../arm-none-eabi/lib/thumb/v7e-m+fp/hard\libc_nano.a
END GROUP
START GROUP
LOAD c:/st/stm32cubeide_1.3.0/stm32cubeide/plugins/com.st.stm32cube.ide.mcu.externaltools.gnu-tools-for-stm32.9-2020-q2-update.win32_1.5.0.202011040924/tools/bin/../lib/gcc/arm-none-eabi/9.3.1/thumb/v7e-m+fp/hard\libgcc.a
LOAD c:/st/stm32cubeide_1.3.0/stm32cubeide/plugins/com.st.stm32cube.ide.mcu.externaltools.gnu-tools-for-stm32.9-2020-q2-update.win32_1.5.0.202011040924/tools/bin/../lib/gcc/arm-none-eabi/9.3.1/../../../../arm-none-eabi/lib/thumb/v7e-m+fp/hard\libc_nano.a
LOAD c:/st/stm32cubeide_1.3.0/stm32cubeide/plugins/com.st.stm32cube.ide.mcu.externaltools.gnu-tools-for-stm32.9-2020-q2-update.win32_1.5.0.202011040924/tools/bin/../lib/gcc/arm-none-eabi/9.3.1/../../../../arm-none-eabi/lib/thumb/v7e-m+fp/hard\libnosys.a
END GROUP
START GROUP
LOAD c:/st/stm32cubeide_1.3.0/stm32cubeide/plugins/com.st.stm32cube.ide.mcu.externaltools.gnu-tools-for-stm32.9-2020-q2-update.win32_1.5.0.202011040924/tools/bin/../lib/gcc/arm-none-eabi/9.3.1/thumb/v7e-m+fp/hard\libgcc.a
LOAD c:/st/stm32cubeide_1.3.0/stm32cubeide/plugins/com.st.stm32cube.ide.mcu.externaltools.gnu-tools-for-stm32.9-2020-q2-update.win32_1.5.0.202011040924/tools/bin/../lib/gcc/arm-none-eabi/9.3.1/../../../../arm-none-eabi/lib/thumb/v7e-m+fp/hard\libc_nano.a
LOAD c:/st/stm32cubeide_1.3.0/stm32cubeide/plugins/com.st.stm32cube.ide.mcu.externaltools.gnu-tools-for-stm32.9-2020-q2-update.win32_1.5.0.202011040924/tools/bin/../lib/gcc/arm-none-eabi/9.3.1/../../../../arm-none-eabi/lib/thumb/v7e-m+fp/hard\libnosys.a
END GROUP
LOAD c:/st/stm32cubeide_1.3.0/stm32cubeide/plugins/com.st.stm32cube.ide.mcu.externaltools.gnu-tools-for-stm32.9-2020-q2-update.win32_1.5.0.202011040924/tools/bin/../lib/gcc/arm-none-eabi/9.3.1/thumb/v7e-m+fp/hard/crtend.o
LOAD c:/st/stm32cubeide_1.3.0/stm32cubeide/plugins/com.st.stm32cube.ide.mcu.externaltools.gnu-tools-for-stm32.9-2020-q2-update.win32_1.5.0.202011040924/tools/bin/../lib/gcc/arm-none-eabi/9.3.1/thumb/v7e-m+fp/hard/crtn.o
                0x0000000020008000                _estack = (ORIGIN (RAM) + LENGTH (RAM))
                0x0000000000000200                _Min_Heap_Size = 0x200
                0x0000000000000400                _Min_Stack_Size = 0x400

.isr_vector     0x0000000008000000      0x1d8
                0x0000000008000000                . = ALIGN (0x4)
 *(.isr_vector)
 .isr_vector    0x0000000008000000      0x1d8 Application/Startup/startup_stm32g431cbux.o
                0x0000000008000000                g_pfnVectors
                0x00000000080001d8                . = ALIGN (0x4)

.text           0x00000000080001d8     0x8f70
                0x00000000080001d8                . = ALIGN (0x4)
 *(.text)
 .text          0x00000000080001d8       0x40 c:/st/stm32cubeide_1.3.0/stm32cubeide/plugins/com.st.stm32cube.ide.mcu.externaltools.gnu-tools-for-stm32.9-2020-q2-update.win32_1.5.0.202011040924/tools/bin/../lib/gcc/arm-none-eabi/9.3.1/thumb/v7e-m+fp/hard/crtbegin.o
 .text          0x0000000008000218       0x30 c:/st/stm32cubeide_1.3.0/stm32cubeide/plugins/com.st.stm32cube.ide.mcu.externaltools.gnu-tools-for-stm32.9-2020-q2-update.win32_1.5.0.202011040924/tools/bin/../lib/gcc/arm-none-eabi/9.3.1/thumb/v7e-m+fp/hard\libgcc.a(_aeabi_uldivmod.o)
                0x0000000008000218                __aeabi_uldivmod
 .text          0x0000000008000248      0x2c4 c:/st/stm32cubeide_1.3.0/stm32cubeide/plugins/com.st.stm32cube.ide.mcu.externaltools.gnu-tools-for-stm32.9-2020-q2-update.win32_1.5.0.202011040924/tools/bin/../lib/gcc/arm-none-eabi/9.3.1/thumb/v7e-m+fp/hard\libgcc.a(_udivmoddi4.o)
                0x0000000008000248                __udivmoddi4
 .text          0x000000000800050c        0x4 c:/st/stm32cubeide_1.3.0/stm32cubeide/plugins/com.st.stm32cube.ide.mcu.externaltools.gnu-tools-for-stm32.9-2020-q2-update.win32_1.5.0.202011040924/tools/bin/../lib/gcc/arm-none-eabi/9.3.1/thumb/v7e-m+fp/hard\libgcc.a(_dvmd_tls.o)
                0x000000000800050c                __aeabi_idiv0
                0x000000000800050c                __aeabi_ldiv0
 *(.text*)
 .text.Reset_Handler
                0x0000000008000510       0x50 Application/Startup/startup_stm32g431cbux.o
                0x0000000008000510                Reset_Handler
 .text.Default_Handler
                0x0000000008000560        0x2 Application/Startup/startup_stm32g431cbux.o
                0x0000000008000560                RTC_Alarm_IRQHandler
                0x0000000008000560                EXTI2_IRQHandler
                0x0000000008000560                TIM8_TRG_COM_IRQHandler
                0x0000000008000560                TIM8_CC_IRQHandler
                0x0000000008000560                DebugMon_Handler
                0x0000000008000560                TIM1_CC_IRQHandler
                0x0000000008000560                USB_HP_IRQHandler
                0x0000000008000560                CORDIC_IRQHandler
                0x0000000008000560                PendSV_Handler
                0x0000000008000560                NMI_Handler
                0x0000000008000560                EXTI3_IRQHandler
                0x0000000008000560                I2C3_ER_IRQHandler
                0x0000000008000560                EXTI0_IRQHandler
                0x0000000008000560                I2C2_EV_IRQHandler
                0x0000000008000560                FPU_IRQHandler
                0x0000000008000560                FDCAN1_IT1_IRQHandler
                0x0000000008000560                UsageFault_Handler
                0x0000000008000560                SPI1_IRQHandler
                0x0000000008000560                TIM6_DAC_IRQHandler
                0x0000000008000560                TIM8_UP_IRQHandler
                0x0000000008000560                DMA2_Channel2_IRQHandler
                0x0000000008000560                DMA1_Channel4_IRQHandler
                0x0000000008000560                USART3_IRQHandler
                0x0000000008000560                TIM4_IRQHandler
                0x0000000008000560                DMA2_Channel1_IRQHandler
                0x0000000008000560                I2C1_EV_IRQHandler
                0x0000000008000560                DMA1_Channel6_IRQHandler
                0x0000000008000560                UART4_IRQHandler
                0x0000000008000560                DMA2_Channel4_IRQHandler
                0x0000000008000560                TIM3_IRQHandler
                0x0000000008000560                RCC_IRQHandler
                0x0000000008000560                DMA1_Channel1_IRQHandler
                0x0000000008000560                Default_Handler
                0x0000000008000560                RTC_TAMP_LSECSS_IRQHandler
                0x0000000008000560                FMAC_IRQHandler
                0x0000000008000560                TIM7_IRQHandler
                0x0000000008000560                UCPD1_IRQHandler
                0x0000000008000560                I2C3_EV_IRQHandler
                0x0000000008000560                EXTI9_5_IRQHandler
                0x0000000008000560                RTC_WKUP_IRQHandler
                0x0000000008000560                PVD_PVM_IRQHandler
                0x0000000008000560                SPI2_IRQHandler
                0x0000000008000560                MemManage_Handler
                0x0000000008000560                SVC_Handler
                0x0000000008000560                DMA2_Channel5_IRQHandler
                0x0000000008000560                CRS_IRQHandler
                0x0000000008000560                DMA1_Channel5_IRQHandler
                0x0000000008000560                USB_LP_IRQHandler
                0x0000000008000560                EXTI4_IRQHandler
                0x0000000008000560                RNG_IRQHandler
                0x0000000008000560                TIM1_TRG_COM_TIM17_IRQHandler
                0x0000000008000560                DMA1_Channel3_IRQHandler
                0x0000000008000560                WWDG_IRQHandler
                0x0000000008000560                LPUART1_IRQHandler
                0x0000000008000560                DMA2_Channel6_IRQHandler
                0x0000000008000560                FDCAN1_IT0_IRQHandler
                0x0000000008000560                TIM2_IRQHandler
                0x0000000008000560                COMP1_2_3_IRQHandler
                0x0000000008000560                EXTI1_IRQHandler
                0x0000000008000560                I2C2_ER_IRQHandler
                0x0000000008000560                DMA1_Channel2_IRQHandler
                0x0000000008000560                TIM8_BRK_IRQHandler
                0x0000000008000560                FLASH_IRQHandler
                0x0000000008000560                BusFault_Handler
                0x0000000008000560                USART1_IRQHandler
                0x0000000008000560                SPI3_IRQHandler
                0x0000000008000560                I2C1_ER_IRQHandler
                0x0000000008000560                LPTIM1_IRQHandler
                0x0000000008000560                DMAMUX_OVR_IRQHandler
                0x0000000008000560                USBWakeUp_IRQHandler
                0x0000000008000560                SAI1_IRQHandler
                0x0000000008000560                DMA2_Channel3_IRQHandler
                0x0000000008000560                COMP4_IRQHandler
 *fill*         0x0000000008000562        0x2 
 .text.SystemClock_Config
                0x0000000008000564       0x98 Application/User/main.o
                0x0000000008000564                SystemClock_Config
 *fill*         0x00000000080005fc        0x4 
 .text.startup.main
                0x0000000008000600      0x640 Application/User/main.o
                0x0000000008000600                main
 .text.MC_StartMotor1
                0x0000000008000c40        0xc Application/User/mc_api.o
                0x0000000008000c40                MC_StartMotor1
 .text.MC_StopMotor1
                0x0000000008000c4c        0xc Application/User/mc_api.o
                0x0000000008000c4c                MC_StopMotor1
 .text.MC_GetSTMStateMotor1
                0x0000000008000c58        0xc Application/User/mc_api.o
                0x0000000008000c58                MC_GetSTMStateMotor1
 .text.MCI_Init
                0x0000000008000c64       0x1c Application/User/mc_interface.o
                0x0000000008000c64                MCI_Init
 .text.MCI_ExecSpeedRamp
                0x0000000008000c80       0x18 Application/User/mc_interface.o
                0x0000000008000c80                MCI_ExecSpeedRamp
 .text.MCI_ExecTorqueRamp
                0x0000000008000c98       0x14 Application/User/mc_interface.o
                0x0000000008000c98                MCI_ExecTorqueRamp
 .text.MCI_SetCurrentReferences
                0x0000000008000cac       0x14 Application/User/mc_interface.o
                0x0000000008000cac                MCI_SetCurrentReferences
 .text.MCI_StartMotor
                0x0000000008000cc0       0x14 Application/User/mc_interface.o
                0x0000000008000cc0                MCI_StartMotor
 .text.MCI_StopMotor
                0x0000000008000cd4        0x8 Application/User/mc_interface.o
                0x0000000008000cd4                MCI_StopMotor
 .text.MCI_FaultAcknowledged
                0x0000000008000cdc        0x8 Application/User/mc_interface.o
                0x0000000008000cdc                MCI_FaultAcknowledged
 .text.MCI_EncoderAlign
                0x0000000008000ce4        0x8 Application/User/mc_interface.o
                0x0000000008000ce4                MCI_EncoderAlign
 .text.MCI_ExecBufferedCommands
                0x0000000008000cec       0x78 Application/User/mc_interface.o
                0x0000000008000cec                MCI_ExecBufferedCommands
 .text.MCI_GetSTMState
                0x0000000008000d64        0x8 Application/User/mc_interface.o
                0x0000000008000d64                MCI_GetSTMState
 .text.MCI_GetControlMode
                0x0000000008000d6c        0x4 Application/User/mc_interface.o
                0x0000000008000d6c                MCI_GetControlMode
 .text.MCI_GetImposedMotorDirection
                0x0000000008000d70       0x44 Application/User/mc_interface.o
                0x0000000008000d70                MCI_GetImposedMotorDirection
 .text.MCI_GetLastRampFinalSpeed
                0x0000000008000db4       0x10 Application/User/mc_interface.o
                0x0000000008000db4                MCI_GetLastRampFinalSpeed
 .text.MCI_StopRamp
                0x0000000008000dc4        0x8 Application/User/mc_interface.o
                0x0000000008000dc4                MCI_StopRamp
 .text.MCI_GetAvrgMecSpeedUnit
                0x0000000008000dcc       0x10 Application/User/mc_interface.o
                0x0000000008000dcc                MCI_GetAvrgMecSpeedUnit
 .text.MCI_GetMecSpeedRefUnit
                0x0000000008000ddc        0x8 Application/User/mc_interface.o
                0x0000000008000ddc                MCI_GetMecSpeedRefUnit
 .text.MCI_GetIab
                0x0000000008000de4       0x1c Application/User/mc_interface.o
                0x0000000008000de4                MCI_GetIab
 .text.MCI_GetIalphabeta
                0x0000000008000e00       0x1c Application/User/mc_interface.o
                0x0000000008000e00                MCI_GetIalphabeta
 .text.MCI_GetIqd
                0x0000000008000e1c       0x1c Application/User/mc_interface.o
                0x0000000008000e1c                MCI_GetIqd
 .text.MCI_GetIqdref
                0x0000000008000e38       0x1c Application/User/mc_interface.o
                0x0000000008000e38                MCI_GetIqdref
 .text.MCI_GetVqd
                0x0000000008000e54       0x1c Application/User/mc_interface.o
                0x0000000008000e54                MCI_GetVqd
 .text.MCI_GetValphabeta
                0x0000000008000e70       0x1c Application/User/mc_interface.o
                0x0000000008000e70                MCI_GetValphabeta
 .text.MCI_GetTeref
                0x0000000008000e8c        0x8 Application/User/mc_interface.o
                0x0000000008000e8c                MCI_GetTeref
 .text.MCI_SetIdref
                0x0000000008000e94       0x14 Application/User/mc_interface.o
                0x0000000008000e94                MCI_SetIdref
 .text.MCI_Clear_Iqdref
                0x0000000008000ea8       0x14 Application/User/mc_interface.o
                0x0000000008000ea8                MCI_Clear_Iqdref
 .text.MCM_Clarke
                0x0000000008000ebc       0x54 Application/User/mc_math.o
                0x0000000008000ebc                MCM_Clarke
 .text.MCM_Trig_Functions
                0x0000000008000f10       0x30 Application/User/mc_math.o
                0x0000000008000f10                MCM_Trig_Functions
 .text.MCM_Park
                0x0000000008000f40       0x84 Application/User/mc_math.o
                0x0000000008000f40                MCM_Park
 .text.MCM_Rev_Park
                0x0000000008000fc4       0x40 Application/User/mc_math.o
                0x0000000008000fc4                MCM_Rev_Park
 .text.MCM_Sqrt
                0x0000000008001004       0x70 Application/User/mc_math.o
                0x0000000008001004                MCM_Sqrt
 .text.FOC_Clear
                0x0000000008001074       0xa8 Application/User/mc_tasks.o
                0x0000000008001074                FOC_Clear
 .text.MCboot   0x000000000800111c      0x25c Application/User/mc_tasks.o
                0x000000000800111c                MCboot
 .text.FOC_InitAdditionalMethods
                0x0000000008001378       0x14 Application/User/mc_tasks.o
                0x0000000008001378                FOC_InitAdditionalMethods
 .text.FOC_CalcCurrRef
                0x000000000800138c       0x7c Application/User/mc_tasks.o
                0x000000000800138c                FOC_CalcCurrRef
 .text.TSK_SetChargeBootCapDelayM1
                0x0000000008001408        0xc Application/User/mc_tasks.o
                0x0000000008001408                TSK_SetChargeBootCapDelayM1
 .text.TSK_ChargeBootCapDelayHasElapsedM1
                0x0000000008001414       0x14 Application/User/mc_tasks.o
                0x0000000008001414                TSK_ChargeBootCapDelayHasElapsedM1
 .text.TSK_SetStopPermanencyTimeM1
                0x0000000008001428        0xc Application/User/mc_tasks.o
                0x0000000008001428                TSK_SetStopPermanencyTimeM1
 .text.TSK_StopPermanencyTimeHasElapsedM1
                0x0000000008001434       0x14 Application/User/mc_tasks.o
                0x0000000008001434                TSK_StopPermanencyTimeHasElapsedM1
 .text.TSK_MediumFrequencyTaskM1
                0x0000000008001448      0x2a4 Application/User/mc_tasks.o
                0x0000000008001448                TSK_MediumFrequencyTaskM1
 .text.MC_Scheduler
                0x00000000080016ec       0x58 Application/User/mc_tasks.o
                0x00000000080016ec                MC_Scheduler
 .text.TSK_HighFrequencyTask
                0x0000000008001744      0x1bc Application/User/mc_tasks.o
                0x0000000008001744                TSK_HighFrequencyTask
 .text.TSK_SafetyTask_PWMOFF
                0x0000000008001900       0x98 Application/User/mc_tasks.o
                0x0000000008001900                TSK_SafetyTask_PWMOFF
 .text.TSK_SafetyTask
                0x0000000008001998       0x20 Application/User/mc_tasks.o
                0x0000000008001998                TSK_SafetyTask
 .text.MC_RunMotorControlTasks
                0x00000000080019b8       0x20 Application/User/mc_tasks.o
                0x00000000080019b8                MC_RunMotorControlTasks
 .text.TSK_HardwareFaultTask
                0x00000000080019d8       0x20 Application/User/mc_tasks.o
                0x00000000080019d8                TSK_HardwareFaultTask
 .text.mc_lock_pins
                0x00000000080019f8      0x160 Application/User/mc_tasks.o
                0x00000000080019f8                mc_lock_pins
 .text.MCP_ReceivedFrame
                0x0000000008001b58      0x5ec Application/User/motor_control_protocol.o
                0x0000000008001b58                MCP_ReceivedFrame
 .text.MCP_WaitNextFrame
                0x0000000008002144       0x1c Application/User/motor_control_protocol.o
                0x0000000008002144                MCP_WaitNextFrame
 .text.MCP_Init
                0x0000000008002160       0x40 Application/User/motor_control_protocol.o
                0x0000000008002160                MCP_Init
 .text.MCP_OnTimeOut
                0x00000000080021a0        0x8 Application/User/motor_control_protocol.o
                0x00000000080021a0                MCP_OnTimeOut
 .text.MCP_SentFrame
                0x00000000080021a8        0x8 Application/User/motor_control_protocol.o
                0x00000000080021a8                MCP_SentFrame
 .text.MX_MotorControl_Init
                0x00000000080021b0       0x4c Application/User/motorcontrol.o
                0x00000000080021b0                MX_MotorControl_Init
 .text.RCM_RegisterRegConv
                0x00000000080021fc      0x1a8 Application/User/regular_conversion_manager.o
                0x00000000080021fc                RCM_RegisterRegConv
 .text.RCM_ExecRegularConv
                0x00000000080023a4      0x184 Application/User/regular_conversion_manager.o
                0x00000000080023a4                RCM_ExecRegularConv
 .text.RCM_ExecUserConv
                0x0000000008002528       0x60 Application/User/regular_conversion_manager.o
                0x0000000008002528                RCM_ExecUserConv
 .text.RCM_ExecNextConv
                0x0000000008002588       0x94 Application/User/regular_conversion_manager.o
                0x0000000008002588                RCM_ExecNextConv
 .text.RCM_ReadOngoingConv
                0x000000000800261c       0x4c Application/User/regular_conversion_manager.o
                0x000000000800261c                RCM_ReadOngoingConv
 .text.HAL_MspInit
                0x0000000008002668       0x40 Application/User/stm32g4xx_hal_msp.o
                0x0000000008002668                HAL_MspInit
 .text.HAL_ADC_MspInit
                0x00000000080026a8       0xf8 Application/User/stm32g4xx_hal_msp.o
                0x00000000080026a8                HAL_ADC_MspInit
 .text.HAL_COMP_MspInit
                0x00000000080027a0       0xc0 Application/User/stm32g4xx_hal_msp.o
                0x00000000080027a0                HAL_COMP_MspInit
 .text.HAL_CORDIC_MspInit
                0x0000000008002860       0x30 Application/User/stm32g4xx_hal_msp.o
                0x0000000008002860                HAL_CORDIC_MspInit
 .text.HAL_DAC_MspInit
                0x0000000008002890       0x30 Application/User/stm32g4xx_hal_msp.o
                0x0000000008002890                HAL_DAC_MspInit
 .text.HAL_OPAMP_MspInit
                0x00000000080028c0       0xc0 Application/User/stm32g4xx_hal_msp.o
                0x00000000080028c0                HAL_OPAMP_MspInit
 .text.HAL_TIM_Base_MspInit
                0x0000000008002980       0x2c Application/User/stm32g4xx_hal_msp.o
                0x0000000008002980                HAL_TIM_Base_MspInit
 .text.HAL_TIM_MspPostInit
                0x00000000080029ac       0xbc Application/User/stm32g4xx_hal_msp.o
                0x00000000080029ac                HAL_TIM_MspPostInit
 .text.HAL_UART_MspInit
                0x0000000008002a68       0x70 Application/User/stm32g4xx_hal_msp.o
                0x0000000008002a68                HAL_UART_MspInit
 .text.ADC1_2_IRQHandler
                0x0000000008002ad8        0xc Application/User/stm32g4xx_mc_it.o
                0x0000000008002ad8                ADC1_2_IRQHandler
 .text.TIM1_UP_TIM16_IRQHandler
                0x0000000008002ae4       0x18 Application/User/stm32g4xx_mc_it.o
                0x0000000008002ae4                TIM1_UP_TIM16_IRQHandler
 .text.TIM1_BRK_TIM15_IRQHandler
                0x0000000008002afc       0x3c Application/User/stm32g4xx_mc_it.o
                0x0000000008002afc                TIM1_BRK_TIM15_IRQHandler
 .text.USART2_IRQHandler
                0x0000000008002b38       0x68 Application/User/stm32g4xx_mc_it.o
                0x0000000008002b38                USART2_IRQHandler
 .text.HardFault_Handler
                0x0000000008002ba0       0x6c Application/User/stm32g4xx_mc_it.o
                0x0000000008002ba0                HardFault_Handler
 .text.SysTick_Handler
                0x0000000008002c0c       0x30 Application/User/stm32g4xx_mc_it.o
                0x0000000008002c0c                SysTick_Handler
 .text.EXTI15_10_IRQHandler
                0x0000000008002c3c       0x18 Application/User/stm32g4xx_mc_it.o
                0x0000000008002c3c                EXTI15_10_IRQHandler
 .text.UI_TaskInit
                0x0000000008002c54       0x80 Application/User/ui_task.o
                0x0000000008002c54                UI_TaskInit
 .text.UI_Scheduler
                0x0000000008002cd4       0x44 Application/User/ui_task.o
                0x0000000008002cd4                UI_Scheduler
 .text.UI_SerialCommunicationTimeOutStop
                0x0000000008002d18        0xc Application/User/ui_task.o
                0x0000000008002d18                UI_SerialCommunicationTimeOutStop
 .text.UI_SerialCommunicationTimeOutStart
                0x0000000008002d24        0xc Application/User/ui_task.o
                0x0000000008002d24                UI_SerialCommunicationTimeOutStart
 .text.UI_HandleStartStopButton_cb
                0x0000000008002d30       0x18 Application/User/ui_task.o
                0x0000000008002d30                UI_HandleStartStopButton_cb
 .text.UI_Init  0x0000000008002d48       0x14 Application/User/user_interface.o
                0x0000000008002d48                UI_Init
 .text.UI_SelectMC
                0x0000000008002d5c       0x10 Application/User/user_interface.o
                0x0000000008002d5c                UI_SelectMC
 .text.UI_GetSelectedMC
                0x0000000008002d6c        0x4 Application/User/user_interface.o
                0x0000000008002d6c                UI_GetSelectedMC
 .text.UI_SetReg
                0x0000000008002d70      0x350 Application/User/user_interface.o
                0x0000000008002d70                UI_SetReg
 .text.UI_GetReg
                0x00000000080030c0      0x658 Application/User/user_interface.o
                0x00000000080030c0                UI_GetReg
 .text.UI_ExecCmd
                0x0000000008003718       0x78 Application/User/user_interface.o
                0x0000000008003718                UI_ExecCmd
 .text.UI_ExecSpeedRamp
                0x0000000008003790       0x24 Application/User/user_interface.o
                0x0000000008003790                UI_ExecSpeedRamp
 .text.UI_ExecTorqueRamp
                0x00000000080037b4       0x14 Application/User/user_interface.o
                0x00000000080037b4                UI_ExecTorqueRamp
 .text.UI_GetRevupData
                0x00000000080037c8       0x3c Application/User/user_interface.o
                0x00000000080037c8                UI_GetRevupData
 .text.UI_SetRevupData
                0x0000000008003804       0x38 Application/User/user_interface.o
                0x0000000008003804                UI_SetRevupData
 .text.UI_SetCurrentReferences
                0x000000000800383c       0x20 Application/User/user_interface.o
                0x000000000800383c                UI_SetCurrentReferences
 .text.UI_GetMPInfo
                0x000000000800385c        0x4 Application/User/user_interface.o
                0x000000000800385c                UI_GetMPInfo
 .text.SystemInit
                0x0000000008003860       0x1c Drivers/CMSIS/system_stm32g4xx.o
                0x0000000008003860                SystemInit
 .text.HAL_InitTick
                0x000000000800387c       0x4c Drivers/STM32G4xx_HAL_Driver/stm32g4xx_hal.o
                0x000000000800387c                HAL_InitTick
 .text.HAL_Init
                0x00000000080038c8       0x20 Drivers/STM32G4xx_HAL_Driver/stm32g4xx_hal.o
                0x00000000080038c8                HAL_Init
 .text.HAL_IncTick
                0x00000000080038e8       0x18 Drivers/STM32G4xx_HAL_Driver/stm32g4xx_hal.o
                0x00000000080038e8                HAL_IncTick
 .text.HAL_GetTick
                0x0000000008003900        0xc Drivers/STM32G4xx_HAL_Driver/stm32g4xx_hal.o
                0x0000000008003900                HAL_GetTick
 .text.HAL_Delay
                0x000000000800390c       0x24 Drivers/STM32G4xx_HAL_Driver/stm32g4xx_hal.o
                0x000000000800390c                HAL_Delay
 .text.HAL_ADC_Init
                0x0000000008003930      0x208 Drivers/STM32G4xx_HAL_Driver/stm32g4xx_hal_adc.o
                0x0000000008003930                HAL_ADC_Init
 .text.HAL_ADC_ConfigChannel
                0x0000000008003b38      0x4d4 Drivers/STM32G4xx_HAL_Driver/stm32g4xx_hal_adc.o
                0x0000000008003b38                HAL_ADC_ConfigChannel
 .text.HAL_ADCEx_InjectedConfigChannel
                0x000000000800400c      0x608 Drivers/STM32G4xx_HAL_Driver/stm32g4xx_hal_adc_ex.o
                0x000000000800400c                HAL_ADCEx_InjectedConfigChannel
 .text.HAL_ADCEx_MultiModeConfigChannel
                0x0000000008004614       0xc4 Drivers/STM32G4xx_HAL_Driver/stm32g4xx_hal_adc_ex.o
                0x0000000008004614                HAL_ADCEx_MultiModeConfigChannel
 .text.HAL_COMP_Init
                0x00000000080046d8      0x148 Drivers/STM32G4xx_HAL_Driver/stm32g4xx_hal_comp.o
                0x00000000080046d8                HAL_COMP_Init
 .text.HAL_CORDIC_Init
                0x0000000008004820       0x34 Drivers/STM32G4xx_HAL_Driver/stm32g4xx_hal_cordic.o
                0x0000000008004820                HAL_CORDIC_Init
 .text.HAL_NVIC_SetPriorityGrouping
                0x0000000008004854       0x28 Drivers/STM32G4xx_HAL_Driver/stm32g4xx_hal_cortex.o
                0x0000000008004854                HAL_NVIC_SetPriorityGrouping
 .text.HAL_NVIC_SetPriority
                0x000000000800487c       0x70 Drivers/STM32G4xx_HAL_Driver/stm32g4xx_hal_cortex.o
                0x000000000800487c                HAL_NVIC_SetPriority
 .text.HAL_NVIC_EnableIRQ
                0x00000000080048ec       0x1c Drivers/STM32G4xx_HAL_Driver/stm32g4xx_hal_cortex.o
                0x00000000080048ec                HAL_NVIC_EnableIRQ
 .text.HAL_SYSTICK_Config
                0x0000000008004908       0x34 Drivers/STM32G4xx_HAL_Driver/stm32g4xx_hal_cortex.o
                0x0000000008004908                HAL_SYSTICK_Config
 .text.HAL_SYSTICK_Callback
                0x000000000800493c        0x4 Drivers/STM32G4xx_HAL_Driver/stm32g4xx_hal_cortex.o
                0x000000000800493c                HAL_SYSTICK_Callback
 .text.HAL_SYSTICK_IRQHandler
                0x0000000008004940        0x8 Drivers/STM32G4xx_HAL_Driver/stm32g4xx_hal_cortex.o
                0x0000000008004940                HAL_SYSTICK_IRQHandler
 .text.HAL_DAC_Init
                0x0000000008004948       0x2c Drivers/STM32G4xx_HAL_Driver/stm32g4xx_hal_dac.o
                0x0000000008004948                HAL_DAC_Init
 .text.HAL_DAC_ConfigChannel
                0x0000000008004974      0x1cc Drivers/STM32G4xx_HAL_Driver/stm32g4xx_hal_dac.o
                0x0000000008004974                HAL_DAC_ConfigChannel
 .text.HAL_GPIO_Init
                0x0000000008004b40      0x1e8 Drivers/STM32G4xx_HAL_Driver/stm32g4xx_hal_gpio.o
                0x0000000008004b40                HAL_GPIO_Init
 .text.HAL_OPAMP_Init
                0x0000000008004d28      0x10c Drivers/STM32G4xx_HAL_Driver/stm32g4xx_hal_opamp.o
                0x0000000008004d28                HAL_OPAMP_Init
 .text.HAL_PWREx_ControlVoltageScaling
                0x0000000008004e34       0xfc Drivers/STM32G4xx_HAL_Driver/stm32g4xx_hal_pwr_ex.o
                0x0000000008004e34                HAL_PWREx_ControlVoltageScaling
 .text.HAL_PWREx_DisableUCPDDeadBattery
                0x0000000008004f30       0x10 Drivers/STM32G4xx_HAL_Driver/stm32g4xx_hal_pwr_ex.o
                0x0000000008004f30                HAL_PWREx_DisableUCPDDeadBattery
 .text.HAL_RCC_OscConfig
                0x0000000008004f40      0x498 Drivers/STM32G4xx_HAL_Driver/stm32g4xx_hal_rcc.o
                0x0000000008004f40                HAL_RCC_OscConfig
 .text.HAL_RCC_GetSysClockFreq
                0x00000000080053d8       0x70 Drivers/STM32G4xx_HAL_Driver/stm32g4xx_hal_rcc.o
                0x00000000080053d8                HAL_RCC_GetSysClockFreq
 .text.HAL_RCC_ClockConfig
                0x0000000008005448      0x224 Drivers/STM32G4xx_HAL_Driver/stm32g4xx_hal_rcc.o
                0x0000000008005448                HAL_RCC_ClockConfig
 .text.HAL_RCC_GetHCLKFreq
                0x000000000800566c        0xc Drivers/STM32G4xx_HAL_Driver/stm32g4xx_hal_rcc.o
                0x000000000800566c                HAL_RCC_GetHCLKFreq
 .text.HAL_RCC_GetPCLK1Freq
                0x0000000008005678       0x24 Drivers/STM32G4xx_HAL_Driver/stm32g4xx_hal_rcc.o
                0x0000000008005678                HAL_RCC_GetPCLK1Freq
 .text.HAL_RCC_GetPCLK2Freq
                0x000000000800569c       0x24 Drivers/STM32G4xx_HAL_Driver/stm32g4xx_hal_rcc.o
                0x000000000800569c                HAL_RCC_GetPCLK2Freq
 .text.HAL_RCCEx_PeriphCLKConfig
                0x00000000080056c0      0x298 Drivers/STM32G4xx_HAL_Driver/stm32g4xx_hal_rcc_ex.o
                0x00000000080056c0                HAL_RCCEx_PeriphCLKConfig
 .text.TIM_OC1_SetConfig
                0x0000000008005958       0x7c Drivers/STM32G4xx_HAL_Driver/stm32g4xx_hal_tim.o
 .text.TIM_OC3_SetConfig
                0x00000000080059d4       0x80 Drivers/STM32G4xx_HAL_Driver/stm32g4xx_hal_tim.o
 .text.TIM_OC4_SetConfig
                0x0000000008005a54       0x80 Drivers/STM32G4xx_HAL_Driver/stm32g4xx_hal_tim.o
 .text.HAL_TIM_Base_Init
                0x0000000008005ad4      0x108 Drivers/STM32G4xx_HAL_Driver/stm32g4xx_hal_tim.o
                0x0000000008005ad4                HAL_TIM_Base_Init
 .text.HAL_TIM_PWM_MspInit
                0x0000000008005bdc        0x4 Drivers/STM32G4xx_HAL_Driver/stm32g4xx_hal_tim.o
                0x0000000008005bdc                HAL_TIM_PWM_MspInit
 .text.HAL_TIM_PWM_Init
                0x0000000008005be0      0x108 Drivers/STM32G4xx_HAL_Driver/stm32g4xx_hal_tim.o
                0x0000000008005be0                HAL_TIM_PWM_Init
 .text.HAL_TIM_SlaveConfigSynchro
                0x0000000008005ce8      0x104 Drivers/STM32G4xx_HAL_Driver/stm32g4xx_hal_tim.o
                0x0000000008005ce8                HAL_TIM_SlaveConfigSynchro
 .text.TIM_OC2_SetConfig
                0x0000000008005dec       0x80 Drivers/STM32G4xx_HAL_Driver/stm32g4xx_hal_tim.o
                0x0000000008005dec                TIM_OC2_SetConfig
 .text.HAL_TIM_PWM_ConfigChannel
                0x0000000008005e6c      0x1f4 Drivers/STM32G4xx_HAL_Driver/stm32g4xx_hal_tim.o
                0x0000000008005e6c                HAL_TIM_PWM_ConfigChannel
 .text.HAL_TIMEx_MasterConfigSynchronization
                0x0000000008006060       0x90 Drivers/STM32G4xx_HAL_Driver/stm32g4xx_hal_tim_ex.o
                0x0000000008006060                HAL_TIMEx_MasterConfigSynchronization
 .text.HAL_TIMEx_ConfigBreakDeadTime
                0x00000000080060f0       0x9c Drivers/STM32G4xx_HAL_Driver/stm32g4xx_hal_tim_ex.o
                0x00000000080060f0                HAL_TIMEx_ConfigBreakDeadTime
 .text.HAL_TIMEx_ConfigBreakInput
                0x000000000800618c       0xb0 Drivers/STM32G4xx_HAL_Driver/stm32g4xx_hal_tim_ex.o
                0x000000000800618c                HAL_TIMEx_ConfigBreakInput
 .text.UART_AdvFeatureConfig
                0x000000000800623c       0xb0 Drivers/STM32G4xx_HAL_Driver/stm32g4xx_hal_uart.o
                0x000000000800623c                UART_AdvFeatureConfig
 .text.UART_CheckIdleState
                0x00000000080062ec       0xc4 Drivers/STM32G4xx_HAL_Driver/stm32g4xx_hal_uart.o
                0x00000000080062ec                UART_CheckIdleState
 .text.HAL_UART_Init
                0x00000000080063b0      0x374 Drivers/STM32G4xx_HAL_Driver/stm32g4xx_hal_uart.o
                0x00000000080063b0                HAL_UART_Init
 .text.HAL_UARTEx_DisableFifoMode
                0x0000000008006724       0x3c Drivers/STM32G4xx_HAL_Driver/stm32g4xx_hal_uart_ex.o
                0x0000000008006724                HAL_UARTEx_DisableFifoMode
 .text.HAL_UARTEx_SetTxFifoThreshold
                0x0000000008006760       0xa4 Drivers/STM32G4xx_HAL_Driver/stm32g4xx_hal_uart_ex.o
                0x0000000008006760                HAL_UARTEx_SetTxFifoThreshold
 .text.HAL_UARTEx_SetRxFifoThreshold
                0x0000000008006804       0xa4 Drivers/STM32G4xx_HAL_Driver/stm32g4xx_hal_uart_ex.o
                0x0000000008006804                HAL_UARTEx_SetRxFifoThreshold
 .text.VBS_GetAvBusVoltage_d
                0x00000000080068a8        0x4 Middlewares/MotorControl/bus_voltage_sensor.o
                0x00000000080068a8                VBS_GetAvBusVoltage_d
 .text.VBS_GetAvBusVoltage_V
                0x00000000080068ac        0xc Middlewares/MotorControl/bus_voltage_sensor.o
                0x00000000080068ac                VBS_GetAvBusVoltage_V
 .text.Circle_Limitation
                0x00000000080068b8       0x64 Middlewares/MotorControl/circle_limitation.o
                0x00000000080068b8                Circle_Limitation
 .text.FCP_Init
                0x000000000800691c       0x18 Middlewares/MotorControl/frame_communication_protocol.o
                0x000000000800691c                FCP_Init
 .text.FCP_SetClient
                0x0000000008006934       0x10 Middlewares/MotorControl/frame_communication_protocol.o
                0x0000000008006934                FCP_SetClient
 .text.FCP_CalcCRC
                0x0000000008006944       0x2c Middlewares/MotorControl/frame_communication_protocol.o
                0x0000000008006944                FCP_CalcCRC
 .text.MPM_Clear
                0x0000000008006970       0x18 Middlewares/MotorControl/motor_power_measurement.o
                0x0000000008006970                MPM_Clear
 .text.MPM_CalcElMotorPower
                0x0000000008006988       0x44 Middlewares/MotorControl/motor_power_measurement.o
                0x0000000008006988                MPM_CalcElMotorPower
 .text.MPM_GetAvrgElMotorPowerW
                0x00000000080069cc        0x8 Middlewares/MotorControl/motor_power_measurement.o
                0x00000000080069cc                MPM_GetAvrgElMotorPowerW
 .text.NTC_SetFaultState
                0x00000000080069d4       0x1c Middlewares/MotorControl/ntc_temperature_sensor.o
                0x00000000080069d4                NTC_SetFaultState
 .text.NTC_Clear
                0x00000000080069f0        0x8 Middlewares/MotorControl/ntc_temperature_sensor.o
                0x00000000080069f0                NTC_Clear
 .text.NTC_Init
                0x00000000080069f8       0x24 Middlewares/MotorControl/ntc_temperature_sensor.o
                0x00000000080069f8                NTC_Init
 .text.NTC_CalcAvTemp
                0x0000000008006a1c       0x38 Middlewares/MotorControl/ntc_temperature_sensor.o
                0x0000000008006a1c                NTC_CalcAvTemp
 .text.NTC_GetAvTemp_C
                0x0000000008006a54       0x2c Middlewares/MotorControl/ntc_temperature_sensor.o
                0x0000000008006a54                NTC_GetAvTemp_C
 .text.PID_HandleInit
                0x0000000008006a80       0x10 Middlewares/MotorControl/pid_regulator.o
                0x0000000008006a80                PID_HandleInit
 .text.PID_SetKP
                0x0000000008006a90        0x4 Middlewares/MotorControl/pid_regulator.o
                0x0000000008006a90                PID_SetKP
 .text.PID_SetKI
                0x0000000008006a94        0x4 Middlewares/MotorControl/pid_regulator.o
                0x0000000008006a94                PID_SetKI
 .text.PID_GetKP
                0x0000000008006a98        0x8 Middlewares/MotorControl/pid_regulator.o
                0x0000000008006a98                PID_GetKP
 .text.PID_GetKI
                0x0000000008006aa0        0x8 Middlewares/MotorControl/pid_regulator.o
                0x0000000008006aa0                PID_GetKI
 .text.PID_SetIntegralTerm
                0x0000000008006aa8        0x4 Middlewares/MotorControl/pid_regulator.o
                0x0000000008006aa8                PID_SetIntegralTerm
 .text.PID_GetKPDivisor
                0x0000000008006aac        0x4 Middlewares/MotorControl/pid_regulator.o
                0x0000000008006aac                PID_GetKPDivisor
 .text.PID_GetKIDivisor
                0x0000000008006ab0        0x4 Middlewares/MotorControl/pid_regulator.o
                0x0000000008006ab0                PID_GetKIDivisor
 .text.PID_SetLowerIntegralTermLimit
                0x0000000008006ab4        0x4 Middlewares/MotorControl/pid_regulator.o
                0x0000000008006ab4                PID_SetLowerIntegralTermLimit
 .text.PID_SetUpperIntegralTermLimit
                0x0000000008006ab8        0x4 Middlewares/MotorControl/pid_regulator.o
                0x0000000008006ab8                PID_SetUpperIntegralTermLimit
 .text.PID_SetKD
                0x0000000008006abc        0x4 Middlewares/MotorControl/pid_regulator.o
                0x0000000008006abc                PID_SetKD
 .text.PID_GetKD
                0x0000000008006ac0        0x8 Middlewares/MotorControl/pid_regulator.o
                0x0000000008006ac0                PID_GetKD
 .text.PI_Controller
                0x0000000008006ac8       0x8c Middlewares/MotorControl/pid_regulator.o
                0x0000000008006ac8                PI_Controller
 .text.PQD_CalcElMotorPower
                0x0000000008006b54       0x68 Middlewares/MotorControl/pqd_motor_power_measurement.o
                0x0000000008006b54                PQD_CalcElMotorPower
 .text.startTimers
                0x0000000008006bbc       0x70 Middlewares/MotorControl/pwm_common.o
                0x0000000008006bbc                startTimers
 .text.waitForPolarizationEnd
                0x0000000008006c2c       0x44 Middlewares/MotorControl/pwm_common.o
                0x0000000008006c2c                waitForPolarizationEnd
 .text.PWMC_GetPhaseCurrents
                0x0000000008006c70        0x4 Middlewares/MotorControl/pwm_curr_fdbk.o
                0x0000000008006c70                PWMC_GetPhaseCurrents
 .text.PWMC_SetPhaseVoltage
                0x0000000008006c74      0x250 Middlewares/MotorControl/pwm_curr_fdbk.o
                0x0000000008006c74                PWMC_SetPhaseVoltage
 .text.PWMC_SwitchOffPWM
                0x0000000008006ec4        0x4 Middlewares/MotorControl/pwm_curr_fdbk.o
                0x0000000008006ec4                PWMC_SwitchOffPWM
 .text.PWMC_CurrentReadingCalibr
                0x0000000008006ec8       0x54 Middlewares/MotorControl/pwm_curr_fdbk.o
                0x0000000008006ec8                PWMC_CurrentReadingCalibr
 .text.PWMC_CheckOverCurrent
                0x0000000008006f1c        0x4 Middlewares/MotorControl/pwm_curr_fdbk.o
                0x0000000008006f1c                PWMC_CheckOverCurrent
 .text.R3_2_ADCxInit
                0x0000000008006f20       0xb4 Middlewares/MotorControl/r3_2_g4xx_pwm_curr_fdbk.o
 .text.R3_2_GetPhaseCurrents
                0x0000000008006fd4      0x16c Middlewares/MotorControl/r3_2_g4xx_pwm_curr_fdbk.o
                0x0000000008006fd4                R3_2_GetPhaseCurrents
 .text.R3_2_SetADCSampPointPolarization
                0x0000000008007140       0x3c Middlewares/MotorControl/r3_2_g4xx_pwm_curr_fdbk.o
                0x0000000008007140                R3_2_SetADCSampPointPolarization
 .text.R3_2_SetADCSampPointSectX
                0x000000000800717c       0x74 Middlewares/MotorControl/r3_2_g4xx_pwm_curr_fdbk.o
                0x000000000800717c                R3_2_SetADCSampPointSectX
 .text.R3_2_HFCurrentsPolarizationAB
                0x00000000080071f0       0x4c Middlewares/MotorControl/r3_2_g4xx_pwm_curr_fdbk.o
 .text.R3_2_HFCurrentsPolarizationC
                0x000000000800723c       0x44 Middlewares/MotorControl/r3_2_g4xx_pwm_curr_fdbk.o
 .text.R3_2_TurnOnLowSides
                0x0000000008007280       0x50 Middlewares/MotorControl/r3_2_g4xx_pwm_curr_fdbk.o
                0x0000000008007280                R3_2_TurnOnLowSides
 .text.R3_2_SwitchOnPWM
                0x00000000080072d0       0x94 Middlewares/MotorControl/r3_2_g4xx_pwm_curr_fdbk.o
                0x00000000080072d0                R3_2_SwitchOnPWM
 .text.R3_2_SwitchOffPWM
                0x0000000008007364       0x60 Middlewares/MotorControl/r3_2_g4xx_pwm_curr_fdbk.o
                0x0000000008007364                R3_2_SwitchOffPWM
 .text.R3_2_RLGetPhaseCurrents
                0x00000000080073c4       0x54 Middlewares/MotorControl/r3_2_g4xx_pwm_curr_fdbk.o
 .text.R3_2_RLTurnOnLowSides
                0x0000000008007418       0x4c Middlewares/MotorControl/r3_2_g4xx_pwm_curr_fdbk.o
 .text.R3_2_RLSwitchOnPWM
                0x0000000008007464       0xb0 Middlewares/MotorControl/r3_2_g4xx_pwm_curr_fdbk.o
 .text.R3_2_SetAOReferenceVoltage
                0x0000000008007514       0x94 Middlewares/MotorControl/r3_2_g4xx_pwm_curr_fdbk.o
 .text.R3_2_Init
                0x00000000080075a8      0x294 Middlewares/MotorControl/r3_2_g4xx_pwm_curr_fdbk.o
                0x00000000080075a8                R3_2_Init
 .text.R3_2_CurrentReadingPolarization
                0x000000000800783c      0x138 Middlewares/MotorControl/r3_2_g4xx_pwm_curr_fdbk.o
                0x000000000800783c                R3_2_CurrentReadingPolarization
 .text.R3_2_TIMx_UP_IRQHandler
                0x0000000008007974       0x84 Middlewares/MotorControl/r3_2_g4xx_pwm_curr_fdbk.o
                0x0000000008007974                R3_2_TIMx_UP_IRQHandler
 .text.R3_2_BRK2_IRQHandler
                0x00000000080079f8       0x40 Middlewares/MotorControl/r3_2_g4xx_pwm_curr_fdbk.o
                0x00000000080079f8                R3_2_BRK2_IRQHandler
 .text.R3_2_BRK_IRQHandler
                0x0000000008007a38       0x20 Middlewares/MotorControl/r3_2_g4xx_pwm_curr_fdbk.o
                0x0000000008007a38                R3_2_BRK_IRQHandler
 .text.R3_2_IsOverCurrentOccurred
                0x0000000008007a58       0x28 Middlewares/MotorControl/r3_2_g4xx_pwm_curr_fdbk.o
                0x0000000008007a58                R3_2_IsOverCurrentOccurred
 .text.R3_2_RLDetectionModeEnable
                0x0000000008007a80       0xd4 Middlewares/MotorControl/r3_2_g4xx_pwm_curr_fdbk.o
                0x0000000008007a80                R3_2_RLDetectionModeEnable
 .text.R3_2_RLDetectionModeDisable
                0x0000000008007b54       0xec Middlewares/MotorControl/r3_2_g4xx_pwm_curr_fdbk.o
                0x0000000008007b54                R3_2_RLDetectionModeDisable
 .text.R3_2_RLDetectionModeSetDuty
                0x0000000008007c40       0x74 Middlewares/MotorControl/r3_2_g4xx_pwm_curr_fdbk.o
                0x0000000008007c40                R3_2_RLDetectionModeSetDuty
 .text.RVBS_Clear
                0x0000000008007cb4       0x38 Middlewares/MotorControl/r_divider_bus_voltage_sensor.o
                0x0000000008007cb4                RVBS_Clear
 .text.RVBS_Init
                0x0000000008007cec       0x18 Middlewares/MotorControl/r_divider_bus_voltage_sensor.o
                0x0000000008007cec                RVBS_Init
 .text.RVBS_CheckFaultState
                0x0000000008007d04       0x18 Middlewares/MotorControl/r_divider_bus_voltage_sensor.o
                0x0000000008007d04                RVBS_CheckFaultState
 .text.RVBS_CalcAvVbus
                0x0000000008007d1c       0x6c Middlewares/MotorControl/r_divider_bus_voltage_sensor.o
                0x0000000008007d1c                RVBS_CalcAvVbus
 .text.REMNG_Init
                0x0000000008007d88       0x10 Middlewares/MotorControl/ramp_ext_mngr.o
                0x0000000008007d88                REMNG_Init
 .text.REMNG_Calc
                0x0000000008007d98       0x44 Middlewares/MotorControl/ramp_ext_mngr.o
                0x0000000008007d98                REMNG_Calc
 .text.REMNG_RampCompleted
                0x0000000008007ddc        0xc Middlewares/MotorControl/ramp_ext_mngr.o
                0x0000000008007ddc                REMNG_RampCompleted
 .text.getScalingFactor
                0x0000000008007de8       0x2c Middlewares/MotorControl/ramp_ext_mngr.o
                0x0000000008007de8                getScalingFactor
 .text.REMNG_ExecRamp
                0x0000000008007e14       0x84 Middlewares/MotorControl/ramp_ext_mngr.o
                0x0000000008007e14                REMNG_ExecRamp
 .text.SPD_GetElAngle
                0x0000000008007e98        0x8 Middlewares/MotorControl/speed_pos_fdbk.o
                0x0000000008007e98                SPD_GetElAngle
 .text.SPD_GetAvrgMecSpeedUnit
                0x0000000008007ea0        0x8 Middlewares/MotorControl/speed_pos_fdbk.o
                0x0000000008007ea0                SPD_GetAvrgMecSpeedUnit
 .text.SPD_GetElSpeedDpp
                0x0000000008007ea8        0x8 Middlewares/MotorControl/speed_pos_fdbk.o
                0x0000000008007ea8                SPD_GetElSpeedDpp
 .text.SPD_GetInstElSpeedDpp
                0x0000000008007eb0        0x8 Middlewares/MotorControl/speed_pos_fdbk.o
                0x0000000008007eb0                SPD_GetInstElSpeedDpp
 .text.SPD_IsMecSpeedReliable
                0x0000000008007eb8       0x58 Middlewares/MotorControl/speed_pos_fdbk.o
                0x0000000008007eb8                SPD_IsMecSpeedReliable
 .text.SPD_GetS16Speed
                0x0000000008007f10       0x14 Middlewares/MotorControl/speed_pos_fdbk.o
                0x0000000008007f10                SPD_GetS16Speed
 .text.STC_Init
                0x0000000008007f24       0x28 Middlewares/MotorControl/speed_torq_ctrl.o
                0x0000000008007f24                STC_Init
 .text.STC_SetSpeedSensor
                0x0000000008007f4c        0x4 Middlewares/MotorControl/speed_torq_ctrl.o
                0x0000000008007f4c                STC_SetSpeedSensor
 .text.STC_GetSpeedSensor
                0x0000000008007f50        0x4 Middlewares/MotorControl/speed_torq_ctrl.o
                0x0000000008007f50                STC_GetSpeedSensor
 .text.STC_Clear
                0x0000000008007f54       0x10 Middlewares/MotorControl/speed_torq_ctrl.o
                0x0000000008007f54                STC_Clear
 .text.STC_GetMecSpeedRefUnit
                0x0000000008007f64       0x10 Middlewares/MotorControl/speed_torq_ctrl.o
                0x0000000008007f64                STC_GetMecSpeedRefUnit
 .text.STC_GetTorqueRef
                0x0000000008007f74       0x10 Middlewares/MotorControl/speed_torq_ctrl.o
                0x0000000008007f74                STC_GetTorqueRef
 .text.STC_SetControlMode
                0x0000000008007f84        0x8 Middlewares/MotorControl/speed_torq_ctrl.o
                0x0000000008007f84                STC_SetControlMode
 .text.STC_ExecRamp
                0x0000000008007f8c       0x90 Middlewares/MotorControl/speed_torq_ctrl.o
                0x0000000008007f8c                STC_ExecRamp
 .text.STC_StopRamp
                0x000000000800801c        0x8 Middlewares/MotorControl/speed_torq_ctrl.o
                0x000000000800801c                STC_StopRamp
 .text.STC_CalcTorqueReference
                0x0000000008008024       0x64 Middlewares/MotorControl/speed_torq_ctrl.o
                0x0000000008008024                STC_CalcTorqueReference
 .text.STC_GetMecSpeedRefUnitDefault
                0x0000000008008088        0x8 Middlewares/MotorControl/speed_torq_ctrl.o
                0x0000000008008088                STC_GetMecSpeedRefUnitDefault
 .text.STC_GetMaxAppPositiveMecSpeedUnit
                0x0000000008008090        0x4 Middlewares/MotorControl/speed_torq_ctrl.o
                0x0000000008008090                STC_GetMaxAppPositiveMecSpeedUnit
 .text.STC_GetMinAppNegativeMecSpeedUnit
                0x0000000008008094        0x8 Middlewares/MotorControl/speed_torq_ctrl.o
                0x0000000008008094                STC_GetMinAppNegativeMecSpeedUnit
 .text.STC_GetDefaultIqdref
                0x000000000800809c       0x1c Middlewares/MotorControl/speed_torq_ctrl.o
                0x000000000800809c                STC_GetDefaultIqdref
 .text.STC_ForceSpeedReferenceToCurrentSpeed
                0x00000000080080b8       0x10 Middlewares/MotorControl/speed_torq_ctrl.o
                0x00000000080080b8                STC_ForceSpeedReferenceToCurrentSpeed
 .text.STM_Init
                0x00000000080080c8        0xc Middlewares/MotorControl/state_machine.o
                0x00000000080080c8                STM_Init
 .text.STM_FaultProcessing
                0x00000000080080d4       0x3c Middlewares/MotorControl/state_machine.o
                0x00000000080080d4                STM_FaultProcessing
 .text.STM_NextState
                0x0000000008008110       0xe8 Middlewares/MotorControl/state_machine.o
                0x0000000008008110                STM_NextState
 .text.STM_GetState
                0x00000000080081f8        0x4 Middlewares/MotorControl/state_machine.o
                0x00000000080081f8                STM_GetState
 .text.STM_FaultAcknowledged
                0x00000000080081fc       0x18 Middlewares/MotorControl/state_machine.o
                0x00000000080081fc                STM_FaultAcknowledged
 .text.STM_GetFaultState
                0x0000000008008214        0xc Middlewares/MotorControl/state_machine.o
                0x0000000008008214                STM_GetFaultState
 .text.UFCP_Init
                0x0000000008008220        0x4 Middlewares/MotorControl/usart_frame_communication_protocol.o
                0x0000000008008220                UFCP_Init
 .text.UFCP_TX_IRQ_Handler
                0x0000000008008224       0x60 Middlewares/MotorControl/usart_frame_communication_protocol.o
                0x0000000008008224                UFCP_TX_IRQ_Handler
 .text.UFCP_Receive
                0x0000000008008284       0x20 Middlewares/MotorControl/usart_frame_communication_protocol.o
                0x0000000008008284                UFCP_Receive
 .text.UFCP_Send
                0x00000000080082a4       0xb0 Middlewares/MotorControl/usart_frame_communication_protocol.o
                0x00000000080082a4                UFCP_Send
 .text.UFCP_RX_IRQ_Handler
                0x0000000008008354       0xc4 Middlewares/MotorControl/usart_frame_communication_protocol.o
                0x0000000008008354                UFCP_RX_IRQ_Handler
 .text.UFCP_OVR_IRQ_Handler
                0x0000000008008418       0x1c Middlewares/MotorControl/usart_frame_communication_protocol.o
                0x0000000008008418                UFCP_OVR_IRQ_Handler
 .text.UFCP_AbortReceive
                0x0000000008008434        0x8 Middlewares/MotorControl/usart_frame_communication_protocol.o
                0x0000000008008434                UFCP_AbortReceive
 .text.VSS_Clear
                0x000000000800843c       0x1c Middlewares/MotorControl/virtual_speed_sensor.o
                0x000000000800843c                VSS_Clear
 .text.VSS_Init
                0x0000000008008458        0x8 Middlewares/MotorControl/virtual_speed_sensor.o
                0x0000000008008458                VSS_Init
 .text.VSS_CalcElAngle
                0x0000000008008460       0xa0 Middlewares/MotorControl/virtual_speed_sensor.o
                0x0000000008008460                VSS_CalcElAngle
 .text.VSS_CalcAvrgMecSpeedUnit
                0x0000000008008500       0x94 Middlewares/MotorControl/virtual_speed_sensor.o
                0x0000000008008500                VSS_CalcAvrgMecSpeedUnit
 .text.VSS_SetMecAngle
                0x0000000008008594       0x10 Middlewares/MotorControl/virtual_speed_sensor.o
                0x0000000008008594                VSS_SetMecAngle
 .text.VSS_SetMecAcceleration
                0x00000000080085a4       0x7c Middlewares/MotorControl/virtual_speed_sensor.o
                0x00000000080085a4                VSS_SetMecAcceleration
 .text.VSS_SetStartTransition
                0x0000000008008620       0x1c Middlewares/MotorControl/virtual_speed_sensor.o
                0x0000000008008620                VSS_SetStartTransition
 .text.VSS_TransitionEnded
                0x000000000800863c        0x8 Middlewares/MotorControl/virtual_speed_sensor.o
                0x000000000800863c                VSS_TransitionEnded
 .text.FF_Init  0x0000000008008644       0x18 ../../MCSDK_v5.4.5/MotorControl/lib\libmc-gcc_M4_NoCCMRAM.lib(feed_forward_ctrl.o)
                0x0000000008008644                FF_Init
 .text.FF_Clear
                0x000000000800865c        0x8 ../../MCSDK_v5.4.5/MotorControl/lib\libmc-gcc_M4_NoCCMRAM.lib(feed_forward_ctrl.o)
                0x000000000800865c                FF_Clear
 .text.FF_VqdffComputation
                0x0000000008008664       0xb4 ../../MCSDK_v5.4.5/MotorControl/lib\libmc-gcc_M4_NoCCMRAM.lib(feed_forward_ctrl.o)
                0x0000000008008664                FF_VqdffComputation
 .text.FF_VqdConditioning
                0x0000000008008718       0x50 ../../MCSDK_v5.4.5/MotorControl/lib\libmc-gcc_M4_NoCCMRAM.lib(feed_forward_ctrl.o)
                0x0000000008008718                FF_VqdConditioning
 .text.FF_DataProcess
                0x0000000008008768       0x2c ../../MCSDK_v5.4.5/MotorControl/lib\libmc-gcc_M4_NoCCMRAM.lib(feed_forward_ctrl.o)
                0x0000000008008768                FF_DataProcess
 .text.FF_InitFOCAdditionalMethods
                0x0000000008008794       0x1c ../../MCSDK_v5.4.5/MotorControl/lib\libmc-gcc_M4_NoCCMRAM.lib(feed_forward_ctrl.o)
                0x0000000008008794                FF_InitFOCAdditionalMethods
 .text.FF_SetFFConstants
                0x00000000080087b0       0x1c ../../MCSDK_v5.4.5/MotorControl/lib\libmc-gcc_M4_NoCCMRAM.lib(feed_forward_ctrl.o)
                0x00000000080087b0                FF_SetFFConstants
 .text.FF_GetFFConstants
                0x00000000080087cc       0x14 ../../MCSDK_v5.4.5/MotorControl/lib\libmc-gcc_M4_NoCCMRAM.lib(feed_forward_ctrl.o)
                0x00000000080087cc                FF_GetFFConstants
 .text.FF_GetVqdff
                0x00000000080087e0       0x18 ../../MCSDK_v5.4.5/MotorControl/lib\libmc-gcc_M4_NoCCMRAM.lib(feed_forward_ctrl.o)
                0x00000000080087e0                FF_GetVqdff
 .text.FF_GetVqdAvPIout
                0x00000000080087f8       0x18 ../../MCSDK_v5.4.5/MotorControl/lib\libmc-gcc_M4_NoCCMRAM.lib(feed_forward_ctrl.o)
                0x00000000080087f8                FF_GetVqdAvPIout
 .text.FW_Init  0x0000000008008810        0xc ../../MCSDK_v5.4.5/MotorControl/lib\libmc-gcc_M4_NoCCMRAM.lib(flux_weakening_ctrl.o)
                0x0000000008008810                FW_Init
 .text.FW_Clear
                0x000000000800881c       0x18 ../../MCSDK_v5.4.5/MotorControl/lib\libmc-gcc_M4_NoCCMRAM.lib(flux_weakening_ctrl.o)
                0x000000000800881c                FW_Clear
 .text.FW_CalcCurrRef
                0x0000000008008834       0xb0 ../../MCSDK_v5.4.5/MotorControl/lib\libmc-gcc_M4_NoCCMRAM.lib(flux_weakening_ctrl.o)
                0x0000000008008834                FW_CalcCurrRef
 .text.FW_DataProcess
                0x00000000080088e4       0x2c ../../MCSDK_v5.4.5/MotorControl/lib\libmc-gcc_M4_NoCCMRAM.lib(flux_weakening_ctrl.o)
                0x00000000080088e4                FW_DataProcess
 .text.FW_SetVref
                0x0000000008008910        0x4 ../../MCSDK_v5.4.5/MotorControl/lib\libmc-gcc_M4_NoCCMRAM.lib(flux_weakening_ctrl.o)
                0x0000000008008910                FW_SetVref
 .text.FW_GetVref
                0x0000000008008914        0x4 ../../MCSDK_v5.4.5/MotorControl/lib\libmc-gcc_M4_NoCCMRAM.lib(flux_weakening_ctrl.o)
                0x0000000008008914                FW_GetVref
 .text.FW_GetAvVPercentage
                0x0000000008008918       0x18 ../../MCSDK_v5.4.5/MotorControl/lib\libmc-gcc_M4_NoCCMRAM.lib(flux_weakening_ctrl.o)
                0x0000000008008918                FW_GetAvVPercentage
 .text.RUC_Init
                0x0000000008008930       0x7c ../../MCSDK_v5.4.5/MotorControl/lib\libmc-gcc_M4_NoCCMRAM.lib(revup_ctrl.o)
                0x0000000008008930                RUC_Init
 .text.RUC_Clear
                0x00000000080089ac       0x90 ../../MCSDK_v5.4.5/MotorControl/lib\libmc-gcc_M4_NoCCMRAM.lib(revup_ctrl.o)
                0x00000000080089ac                RUC_Clear
 .text.RUC_Exec
                0x0000000008008a3c       0x74 ../../MCSDK_v5.4.5/MotorControl/lib\libmc-gcc_M4_NoCCMRAM.lib(revup_ctrl.o)
                0x0000000008008a3c                RUC_Exec
 .text.RUC_FirstAccelerationStageReached
                0x0000000008008ab0       0x14 ../../MCSDK_v5.4.5/MotorControl/lib\libmc-gcc_M4_NoCCMRAM.lib(revup_ctrl.o)
                0x0000000008008ab0                RUC_FirstAccelerationStageReached
 .text.RUC_SetPhaseDurationms
                0x0000000008008ac4        0xc ../../MCSDK_v5.4.5/MotorControl/lib\libmc-gcc_M4_NoCCMRAM.lib(revup_ctrl.o)
                0x0000000008008ac4                RUC_SetPhaseDurationms
 .text.RUC_SetPhaseFinalMecSpeedUnit
                0x0000000008008ad0        0xc ../../MCSDK_v5.4.5/MotorControl/lib\libmc-gcc_M4_NoCCMRAM.lib(revup_ctrl.o)
                0x0000000008008ad0                RUC_SetPhaseFinalMecSpeedUnit
 .text.RUC_SetPhaseFinalTorque
                0x0000000008008adc        0xc ../../MCSDK_v5.4.5/MotorControl/lib\libmc-gcc_M4_NoCCMRAM.lib(revup_ctrl.o)
                0x0000000008008adc                RUC_SetPhaseFinalTorque
 .text.RUC_GetPhaseDurationms
                0x0000000008008ae8        0xc ../../MCSDK_v5.4.5/MotorControl/lib\libmc-gcc_M4_NoCCMRAM.lib(revup_ctrl.o)
                0x0000000008008ae8                RUC_GetPhaseDurationms
 .text.RUC_GetPhaseFinalMecSpeedUnit
                0x0000000008008af4       0x10 ../../MCSDK_v5.4.5/MotorControl/lib\libmc-gcc_M4_NoCCMRAM.lib(revup_ctrl.o)
                0x0000000008008af4                RUC_GetPhaseFinalMecSpeedUnit
 .text.RUC_GetPhaseFinalTorque
                0x0000000008008b04       0x10 ../../MCSDK_v5.4.5/MotorControl/lib\libmc-gcc_M4_NoCCMRAM.lib(revup_ctrl.o)
                0x0000000008008b04                RUC_GetPhaseFinalTorque
 .text.RUC_GetNumberOfPhases
                0x0000000008008b14        0x8 ../../MCSDK_v5.4.5/MotorControl/lib\libmc-gcc_M4_NoCCMRAM.lib(revup_ctrl.o)
                0x0000000008008b14                RUC_GetNumberOfPhases
 .text.STO_PLL_CalcElAngle
                0x0000000008008b1c      0x1d4 ../../MCSDK_v5.4.5/MotorControl/lib\libmc-gcc_M4_NoCCMRAM.lib(sto_pll_speed_pos_fdbk.o)
                0x0000000008008b1c                STO_PLL_CalcElAngle
 .text.STO_PLL_CalcAvrgMecSpeedUnit
                0x0000000008008cf0      0x140 ../../MCSDK_v5.4.5/MotorControl/lib\libmc-gcc_M4_NoCCMRAM.lib(sto_pll_speed_pos_fdbk.o)
                0x0000000008008cf0                STO_PLL_CalcAvrgMecSpeedUnit
 .text.STO_PLL_CalcAvrgElSpeedDpp
                0x0000000008008e30       0x54 ../../MCSDK_v5.4.5/MotorControl/lib\libmc-gcc_M4_NoCCMRAM.lib(sto_pll_speed_pos_fdbk.o)
                0x0000000008008e30                STO_PLL_CalcAvrgElSpeedDpp
 .text.STO_PLL_Clear
                0x0000000008008e84       0x5c ../../MCSDK_v5.4.5/MotorControl/lib\libmc-gcc_M4_NoCCMRAM.lib(sto_pll_speed_pos_fdbk.o)
                0x0000000008008e84                STO_PLL_Clear
 .text.STO_PLL_Init
                0x0000000008008ee0       0x74 ../../MCSDK_v5.4.5/MotorControl/lib\libmc-gcc_M4_NoCCMRAM.lib(sto_pll_speed_pos_fdbk.o)
                0x0000000008008ee0                STO_PLL_Init
 .text.STO_PLL_IsObserverConverged
                0x0000000008008f54       0xa8 ../../MCSDK_v5.4.5/MotorControl/lib\libmc-gcc_M4_NoCCMRAM.lib(sto_pll_speed_pos_fdbk.o)
                0x0000000008008f54                STO_PLL_IsObserverConverged
 .text.STO_PLL_GetEstimatedBemf
                0x0000000008008ffc       0x18 ../../MCSDK_v5.4.5/MotorControl/lib\libmc-gcc_M4_NoCCMRAM.lib(sto_pll_speed_pos_fdbk.o)
                0x0000000008008ffc                STO_PLL_GetEstimatedBemf
 .text.STO_PLL_GetEstimatedCurrent
                0x0000000008009014       0x28 ../../MCSDK_v5.4.5/MotorControl/lib\libmc-gcc_M4_NoCCMRAM.lib(sto_pll_speed_pos_fdbk.o)
                0x0000000008009014                STO_PLL_GetEstimatedCurrent
 .text.STO_PLL_GetObserverGains
                0x000000000800903c       0x10 ../../MCSDK_v5.4.5/MotorControl/lib\libmc-gcc_M4_NoCCMRAM.lib(sto_pll_speed_pos_fdbk.o)
                0x000000000800903c                STO_PLL_GetObserverGains
 .text.STO_PLL_SetObserverGains
                0x000000000800904c        0x8 ../../MCSDK_v5.4.5/MotorControl/lib\libmc-gcc_M4_NoCCMRAM.lib(sto_pll_speed_pos_fdbk.o)
                0x000000000800904c                STO_PLL_SetObserverGains
 .text.STO_GetPLLGains
                0x0000000008009054       0x1c ../../MCSDK_v5.4.5/MotorControl/lib\libmc-gcc_M4_NoCCMRAM.lib(sto_pll_speed_pos_fdbk.o)
                0x0000000008009054                STO_GetPLLGains
 .text.STO_SetPLLGains
                0x0000000008009070       0x1c ../../MCSDK_v5.4.5/MotorControl/lib\libmc-gcc_M4_NoCCMRAM.lib(sto_pll_speed_pos_fdbk.o)
                0x0000000008009070                STO_SetPLLGains
 .text.STO_OTF_ResetPLL
                0x000000000800908c        0xc ../../MCSDK_v5.4.5/MotorControl/lib\libmc-gcc_M4_NoCCMRAM.lib(sto_pll_speed_pos_fdbk.o)
                0x000000000800908c                STO_OTF_ResetPLL
 .text.STO_ResetPLL
                0x0000000008009098        0x8 ../../MCSDK_v5.4.5/MotorControl/lib\libmc-gcc_M4_NoCCMRAM.lib(sto_pll_speed_pos_fdbk.o)
                0x0000000008009098                STO_ResetPLL
 .text.STO_PLL_GetEstimatedBemfLevel
                0x00000000080090a0        0x8 ../../MCSDK_v5.4.5/MotorControl/lib\libmc-gcc_M4_NoCCMRAM.lib(sto_pll_speed_pos_fdbk.o)
                0x00000000080090a0                STO_PLL_GetEstimatedBemfLevel
 .text.STO_PLL_GetObservedBemfLevel
                0x00000000080090a8        0x8 ../../MCSDK_v5.4.5/MotorControl/lib\libmc-gcc_M4_NoCCMRAM.lib(sto_pll_speed_pos_fdbk.o)
                0x00000000080090a8                STO_PLL_GetObservedBemfLevel
 .text.STO_PLL_IsVarianceTight
                0x00000000080090b0        0x8 ../../MCSDK_v5.4.5/MotorControl/lib\libmc-gcc_M4_NoCCMRAM.lib(sto_pll_speed_pos_fdbk.o)
                0x00000000080090b0                STO_PLL_IsVarianceTight
 .text.STO_PLL_ForceConvergency1
                0x00000000080090b8        0xc ../../MCSDK_v5.4.5/MotorControl/lib\libmc-gcc_M4_NoCCMRAM.lib(sto_pll_speed_pos_fdbk.o)
                0x00000000080090b8                STO_PLL_ForceConvergency1
 .text.STO_PLL_ForceConvergency2
                0x00000000080090c4        0xc ../../MCSDK_v5.4.5/MotorControl/lib\libmc-gcc_M4_NoCCMRAM.lib(sto_pll_speed_pos_fdbk.o)
                0x00000000080090c4                STO_PLL_ForceConvergency2
 .text.STO_SetDirection
                0x00000000080090d0        0x8 ../../MCSDK_v5.4.5/MotorControl/lib\libmc-gcc_M4_NoCCMRAM.lib(sto_pll_speed_pos_fdbk.o)
                0x00000000080090d0                STO_SetDirection
 .text.__libc_init_array
                0x00000000080090d8       0x48 c:/st/stm32cubeide_1.3.0/stm32cubeide/plugins/com.st.stm32cube.ide.mcu.externaltools.gnu-tools-for-stm32.9-2020-q2-update.win32_1.5.0.202011040924/tools/bin/../lib/gcc/arm-none-eabi/9.3.1/../../../../arm-none-eabi/lib/thumb/v7e-m+fp/hard\libc_nano.a(lib_a-init.o)
                0x00000000080090d8                __libc_init_array
 .text.memset   0x0000000008009120       0x10 c:/st/stm32cubeide_1.3.0/stm32cubeide/plugins/com.st.stm32cube.ide.mcu.externaltools.gnu-tools-for-stm32.9-2020-q2-update.win32_1.5.0.202011040924/tools/bin/../lib/gcc/arm-none-eabi/9.3.1/../../../../arm-none-eabi/lib/thumb/v7e-m+fp/hard\libc_nano.a(lib_a-memset.o)
                0x0000000008009120                memset
 *(.glue_7)
 .glue_7        0x0000000008009130        0x0 linker stubs
 *(.glue_7t)
 .glue_7t       0x0000000008009130        0x0 linker stubs
 *(.eh_frame)
 .eh_frame      0x0000000008009130        0x0 c:/st/stm32cubeide_1.3.0/stm32cubeide/plugins/com.st.stm32cube.ide.mcu.externaltools.gnu-tools-for-stm32.9-2020-q2-update.win32_1.5.0.202011040924/tools/bin/../lib/gcc/arm-none-eabi/9.3.1/thumb/v7e-m+fp/hard/crtbegin.o
 *(.init)
 .init          0x0000000008009130        0x4 c:/st/stm32cubeide_1.3.0/stm32cubeide/plugins/com.st.stm32cube.ide.mcu.externaltools.gnu-tools-for-stm32.9-2020-q2-update.win32_1.5.0.202011040924/tools/bin/../lib/gcc/arm-none-eabi/9.3.1/thumb/v7e-m+fp/hard/crti.o
                0x0000000008009130                _init
 .init          0x0000000008009134        0x8 c:/st/stm32cubeide_1.3.0/stm32cubeide/plugins/com.st.stm32cube.ide.mcu.externaltools.gnu-tools-for-stm32.9-2020-q2-update.win32_1.5.0.202011040924/tools/bin/../lib/gcc/arm-none-eabi/9.3.1/thumb/v7e-m+fp/hard/crtn.o
 *(.fini)
 .fini          0x000000000800913c        0x4 c:/st/stm32cubeide_1.3.0/stm32cubeide/plugins/com.st.stm32cube.ide.mcu.externaltools.gnu-tools-for-stm32.9-2020-q2-update.win32_1.5.0.202011040924/tools/bin/../lib/gcc/arm-none-eabi/9.3.1/thumb/v7e-m+fp/hard/crti.o
                0x000000000800913c                _fini
 .fini          0x0000000008009140        0x8 c:/st/stm32cubeide_1.3.0/stm32cubeide/plugins/com.st.stm32cube.ide.mcu.externaltools.gnu-tools-for-stm32.9-2020-q2-update.win32_1.5.0.202011040924/tools/bin/../lib/gcc/arm-none-eabi/9.3.1/thumb/v7e-m+fp/hard/crtn.o
                0x0000000008009148                . = ALIGN (0x4)
                0x0000000008009148                _etext = .

.vfp11_veneer   0x0000000008009148        0x0
 .vfp11_veneer  0x0000000008009148        0x0 linker stubs

.v4_bx          0x0000000008009148        0x0
 .v4_bx         0x0000000008009148        0x0 linker stubs

.iplt           0x0000000008009148        0x0
 .iplt          0x0000000008009148        0x0 c:/st/stm32cubeide_1.3.0/stm32cubeide/plugins/com.st.stm32cube.ide.mcu.externaltools.gnu-tools-for-stm32.9-2020-q2-update.win32_1.5.0.202011040924/tools/bin/../lib/gcc/arm-none-eabi/9.3.1/thumb/v7e-m+fp/hard/crtbegin.o

.rodata         0x0000000008009148      0x2ac
                0x0000000008009148                . = ALIGN (0x4)
 *(.rodata)
 .rodata        0x0000000008009148        0x8 Drivers/STM32G4xx_HAL_Driver/stm32g4xx_hal_uart_ex.o
 *(.rodata*)
 .rodata.R3_2_ParamsM1
                0x0000000008009150       0xc4 Application/User/mc_parameters.o
                0x0000000008009150                R3_2_ParamsM1
 .rodata.R3_3_OPAMPParamsM1
                0x0000000008009214       0x6c Application/User/mc_parameters.o
                0x0000000008009214                R3_3_OPAMPParamsM1
 .rodata.s_fwVer
                0x0000000008009280       0x20 Application/User/motorcontrol.o
                0x0000000008009280                s_fwVer
 .rodata.AHBPrescTable
                0x00000000080092a0       0x10 Drivers/CMSIS/system_stm32g4xx.o
                0x00000000080092a0                AHBPrescTable
 .rodata.APBPrescTable
                0x00000000080092b0        0x8 Drivers/CMSIS/system_stm32g4xx.o
                0x00000000080092b0                APBPrescTable
 .rodata.CSWTCH.160
                0x00000000080092b8       0x40 Drivers/STM32G4xx_HAL_Driver/stm32g4xx_hal_tim_ex.o
 .rodata.CSWTCH.161
                0x00000000080092f8       0x40 Drivers/STM32G4xx_HAL_Driver/stm32g4xx_hal_tim_ex.o
 .rodata.CSWTCH.162
                0x0000000008009338       0x40 Drivers/STM32G4xx_HAL_Driver/stm32g4xx_hal_tim_ex.o
 .rodata.CSWTCH.163
                0x0000000008009378       0x40 Drivers/STM32G4xx_HAL_Driver/stm32g4xx_hal_tim_ex.o
 .rodata.CSWTCH.61
                0x00000000080093b8        0x3 Drivers/STM32G4xx_HAL_Driver/stm32g4xx_hal_uart.o
 *fill*         0x00000000080093bb        0x1 
 .rodata.CSWTCH.62
                0x00000000080093bc        0xd Drivers/STM32G4xx_HAL_Driver/stm32g4xx_hal_uart.o
 *fill*         0x00000000080093c9        0x3 
 .rodata.UARTPrescTable
                0x00000000080093cc       0x18 Drivers/STM32G4xx_HAL_Driver/stm32g4xx_hal_uart.o
                0x00000000080093cc                UARTPrescTable
 .rodata.HAL_UARTEx_EnableFifoMode.str1.4
                0x00000000080093e4        0x9 Drivers/STM32G4xx_HAL_Driver/stm32g4xx_hal_uart_ex.o
 *fill*         0x00000000080093ed        0x1 
 .rodata.UFCP_Usart_Timeout_none
                0x00000000080093ee        0x2 Middlewares/MotorControl/usart_frame_communication_protocol.o
 .rodata.UFCP_Usart_Timeout_start
                0x00000000080093f0        0x2 Middlewares/MotorControl/usart_frame_communication_protocol.o
 .rodata.UFCP_Usart_Timeout_stop
                0x00000000080093f2        0x2 Middlewares/MotorControl/usart_frame_communication_protocol.o
                0x00000000080093f4                . = ALIGN (0x4)

.ARM.extab      0x00000000080093f4        0x0
                0x00000000080093f4                . = ALIGN (0x4)
 *(.ARM.extab* .gnu.linkonce.armextab.*)
                0x00000000080093f4                . = ALIGN (0x4)

.ARM            0x00000000080093f4        0x8
                0x00000000080093f4                . = ALIGN (0x4)
                0x00000000080093f4                __exidx_start = .
 *(.ARM.exidx*)
 .ARM.exidx     0x00000000080093f4        0x8 c:/st/stm32cubeide_1.3.0/stm32cubeide/plugins/com.st.stm32cube.ide.mcu.externaltools.gnu-tools-for-stm32.9-2020-q2-update.win32_1.5.0.202011040924/tools/bin/../lib/gcc/arm-none-eabi/9.3.1/thumb/v7e-m+fp/hard\libgcc.a(_udivmoddi4.o)
                0x00000000080093fc                __exidx_end = .
                0x00000000080093fc                . = ALIGN (0x4)

.rel.dyn        0x00000000080093fc        0x0
 .rel.iplt      0x00000000080093fc        0x0 c:/st/stm32cubeide_1.3.0/stm32cubeide/plugins/com.st.stm32cube.ide.mcu.externaltools.gnu-tools-for-stm32.9-2020-q2-update.win32_1.5.0.202011040924/tools/bin/../lib/gcc/arm-none-eabi/9.3.1/thumb/v7e-m+fp/hard/crtbegin.o

.preinit_array  0x00000000080093fc        0x0
                0x00000000080093fc                . = ALIGN (0x4)
                0x00000000080093fc                PROVIDE (__preinit_array_start = .)
 *(.preinit_array*)
                0x00000000080093fc                PROVIDE (__preinit_array_end = .)
                0x00000000080093fc                . = ALIGN (0x4)

.init_array     0x00000000080093fc        0x4
                0x00000000080093fc                . = ALIGN (0x4)
                0x00000000080093fc                PROVIDE (__init_array_start = .)
 *(SORT_BY_NAME(.init_array.*))
 *(.init_array*)
 .init_array    0x00000000080093fc        0x4 c:/st/stm32cubeide_1.3.0/stm32cubeide/plugins/com.st.stm32cube.ide.mcu.externaltools.gnu-tools-for-stm32.9-2020-q2-update.win32_1.5.0.202011040924/tools/bin/../lib/gcc/arm-none-eabi/9.3.1/thumb/v7e-m+fp/hard/crtbegin.o
                0x0000000008009400                PROVIDE (__init_array_end = .)
                0x0000000008009400                . = ALIGN (0x4)

.fini_array     0x0000000008009400        0x4
                0x0000000008009400                . = ALIGN (0x4)
                [!provide]                        PROVIDE (__fini_array_start = .)
 *(SORT_BY_NAME(.fini_array.*))
 *(.fini_array*)
 .fini_array    0x0000000008009400        0x4 c:/st/stm32cubeide_1.3.0/stm32cubeide/plugins/com.st.stm32cube.ide.mcu.externaltools.gnu-tools-for-stm32.9-2020-q2-update.win32_1.5.0.202011040924/tools/bin/../lib/gcc/arm-none-eabi/9.3.1/thumb/v7e-m+fp/hard/crtbegin.o
                [!provide]                        PROVIDE (__fini_array_end = .)
                0x0000000008009404                . = ALIGN (0x4)
                0x0000000008009404                _sidata = LOADADDR (.data)

.data           0x0000000020000000      0x724 load address 0x0000000008009404
                0x0000000020000000                . = ALIGN (0x4)
                0x0000000020000000                _sdata = .
 *(.data)
 *(.data*)
 .data.CircleLimitationM1
                0x0000000020000000       0xb4 Application/User/mc_config.o
                0x0000000020000000                CircleLimitationM1
 .data.FF_M1    0x00000000200000b4       0x38 Application/User/mc_config.o
                0x00000000200000b4                FF_M1
 .data.FW_M1    0x00000000200000ec       0x20 Application/User/mc_config.o
                0x00000000200000ec                FW_M1
 .data.PIDFluxWeakeningHandle_M1
                0x000000002000010c       0x2c Application/User/mc_config.o
                0x000000002000010c                PIDFluxWeakeningHandle_M1
 .data.PIDIdHandle_M1
                0x0000000020000138       0x2c Application/User/mc_config.o
                0x0000000020000138                PIDIdHandle_M1
 .data.PIDIqHandle_M1
                0x0000000020000164       0x2c Application/User/mc_config.o
                0x0000000020000164                PIDIqHandle_M1
 .data.PIDSpeedHandle_M1
                0x0000000020000190       0x2c Application/User/mc_config.o
                0x0000000020000190                PIDSpeedHandle_M1
 .data.PQD_MotorPowMeasM1
                0x00000000200001bc      0x114 Application/User/mc_config.o
                0x00000000200001bc                PQD_MotorPowMeasM1
 .data.PWM_Handle_M1
                0x00000000200002d0       0x7c Application/User/mc_config.o
                0x00000000200002d0                PWM_Handle_M1
 .data.RampExtMngrHFParamsM1
                0x000000002000034c       0x18 Application/User/mc_config.o
                0x000000002000034c                RampExtMngrHFParamsM1
 .data.RealBusVoltageSensorParamsM1
                0x0000000020000364       0x28 Application/User/mc_config.o
                0x0000000020000364                RealBusVoltageSensorParamsM1
 .data.RevUpControlM1
                0x000000002000038c       0x78 Application/User/mc_config.o
                0x000000002000038c                RevUpControlM1
 .data.STO_M1   0x0000000020000404       0x14 Application/User/mc_config.o
                0x0000000020000404                STO_M1
 .data.STO_PLL_M1
                0x0000000020000418      0x128 Application/User/mc_config.o
                0x0000000020000418                STO_PLL_M1
 .data.SpeednTorqCtrlM1
                0x0000000020000540       0x34 Application/User/mc_config.o
                0x0000000020000540                SpeednTorqCtrlM1
 .data.TempSensorParamsM1
                0x0000000020000574       0x28 Application/User/mc_config.o
                0x0000000020000574                TempSensorParamsM1
 .data.VirtualSpeedSensorM1
                0x000000002000059c       0x38 Application/User/mc_config.o
                0x000000002000059c                VirtualSpeedSensorM1
 .data.pUSART   0x00000000200005d4      0x13c Application/User/mc_config.o
                0x00000000200005d4                pUSART
 .data.wConfig  0x0000000020000710        0x4 Application/User/motorcontrol.o
                0x0000000020000710                wConfig
 .data.SystickDividerCounter.16561
                0x0000000020000714        0x1 Application/User/stm32g4xx_mc_it.o
 *fill*         0x0000000020000715        0x1 
 .data.bCOMATRTimeCounter
                0x0000000020000716        0x2 Application/User/ui_task.o
 .data.SystemCoreClock
                0x0000000020000718        0x4 Drivers/CMSIS/system_stm32g4xx.o
                0x0000000020000718                SystemCoreClock
 .data.uwTickFreq
                0x000000002000071c        0x4 Drivers/STM32G4xx_HAL_Driver/stm32g4xx_hal.o
                0x000000002000071c                uwTickFreq
 .data.uwTickPrio
                0x0000000020000720        0x4 Drivers/STM32G4xx_HAL_Driver/stm32g4xx_hal.o
                0x0000000020000720                uwTickPrio
                0x0000000020000724                . = ALIGN (0x4)
                0x0000000020000724                _edata = .

.igot.plt       0x0000000020000724        0x0 load address 0x0000000008009b28
 .igot.plt      0x0000000020000724        0x0 c:/st/stm32cubeide_1.3.0/stm32cubeide/plugins/com.st.stm32cube.ide.mcu.externaltools.gnu-tools-for-stm32.9-2020-q2-update.win32_1.5.0.202011040924/tools/bin/../lib/gcc/arm-none-eabi/9.3.1/thumb/v7e-m+fp/hard/crtbegin.o
                0x0000000020000724                . = ALIGN (0x4)

.bss            0x0000000020000724      0x554 load address 0x0000000008009b28
                0x0000000020000724                _sbss = .
                0x0000000020000724                __bss_start__ = _sbss
 *(.bss)
 .bss           0x0000000020000724       0x1c c:/st/stm32cubeide_1.3.0/stm32cubeide/plugins/com.st.stm32cube.ide.mcu.externaltools.gnu-tools-for-stm32.9-2020-q2-update.win32_1.5.0.202011040924/tools/bin/../lib/gcc/arm-none-eabi/9.3.1/thumb/v7e-m+fp/hard/crtbegin.o
 *(.bss*)
 .bss.UI_Params
                0x0000000020000740       0x18 Application/User/mc_config.o
                0x0000000020000740                UI_Params
 .bss.bMCBootCompleted
                0x0000000020000758        0x1 Application/User/mc_tasks.o
                0x0000000020000758                bMCBootCompleted
 *fill*         0x0000000020000759        0x1 
 .bss.hBootCapDelayCounterM1
                0x000000002000075a        0x2 Application/User/mc_tasks.o
 .bss.hMFTaskCounterM1
                0x000000002000075c        0x2 Application/User/mc_tasks.o
 .bss.hStopPermanencyCounterM1
                0x000000002000075e        0x2 Application/User/mc_tasks.o
 .bss.MPInfo    0x0000000020000760        0x8 Application/User/motor_control_protocol.o
                0x0000000020000760                MPInfo
 .bss.HAL_RCC_ADC12_CLK_ENABLED
                0x0000000020000768        0x4 Application/User/stm32g4xx_hal_msp.o
 .bss.bCOMTimeoutCounter
                0x000000002000076c        0x2 Application/User/ui_task.o
 .bss.bUITaskCounter
                0x000000002000076e        0x2 Application/User/ui_task.o
 .bss.pMCP      0x0000000020000770        0x4 Application/User/ui_task.o
                0x0000000020000770                pMCP
 *(COMMON)
 COMMON         0x0000000020000774      0x30c Application/User/main.o
                0x0000000020000774                hopamp2
                0x00000000200007b0                hdac3
                0x00000000200007c4                hadc2
                0x0000000020000830                hopamp3
                0x000000002000086c                hcomp1
                0x0000000020000890                hopamp1
                0x00000000200008cc                hcomp4
                0x00000000200008f0                hadc1
                0x000000002000095c                hcordic
                0x0000000020000984                htim1
                0x00000000200009d0                hcomp2
                0x00000000200009f4                huart2
 COMMON         0x0000000020000a80        0xc Application/User/mc_config.o
                0x0000000020000a80                RealBusVoltageSensorFilterBufferM1
 COMMON         0x0000000020000a8c       0xdc Application/User/mc_tasks.o
                0x0000000020000a8c                pOCPDisabling
                0x0000000020000a90                pFF
                0x0000000020000a94                pTemperatureSensor
                0x0000000020000a98                pwmcHandle
                0x0000000020000a9c                pPIDSpeed
                0x0000000020000aa0                pPIDIq
                0x0000000020000aa4                oMCInterface
                0x0000000020000aa8                pR_Brake
                0x0000000020000aac                FOCVars
                0x0000000020000ad4                MCT
                0x0000000020000b28                pCLM
                0x0000000020000b2c                pBusSensorM1
                0x0000000020000b30                Mci
                0x0000000020000b4c                STM
                0x0000000020000b54                pREMNG
                0x0000000020000b58                pMPM
                0x0000000020000b5c                pFW
                0x0000000020000b60                pPIDId
                0x0000000020000b64                pSTC
 COMMON         0x0000000020000b68        0x8 Application/User/motorcontrol.o
                0x0000000020000b68                pMCI
                0x0000000020000b6c                pMCT
 COMMON         0x0000000020000b70       0x52 Application/User/regular_conversion_manager.o
                0x0000000020000b70                RCM_currentHandle
                0x0000000020000b71                RCM_UserConvHandle
                0x0000000020000b74                RCM_NoInj_array
                0x0000000020000b8c                RCM_CB_array
                0x0000000020000bac                RCM_UserConvState
                0x0000000020000bb0                RCM_handle_array
                0x0000000020000bc0                RCM_UserConvValue
 *fill*         0x0000000020000bc2        0x2 
 COMMON         0x0000000020000bc4       0xb0 Application/User/ui_task.o
                0x0000000020000bc4                MCP_UI_Params
 COMMON         0x0000000020000c74        0x4 Drivers/STM32G4xx_HAL_Driver/stm32g4xx_hal.o
                0x0000000020000c74                uwTick
                0x0000000020000c78                . = ALIGN (0x4)
                0x0000000020000c78                _ebss = .
                0x0000000020000c78                __bss_end__ = _ebss

._user_heap_stack
                0x0000000020000c78      0x600 load address 0x0000000008009b28
                0x0000000020000c78                . = ALIGN (0x8)
                [!provide]                        PROVIDE (end = .)
                0x0000000020000c78                PROVIDE (_end = .)
                0x0000000020000e78                . = (. + _Min_Heap_Size)
 *fill*         0x0000000020000c78      0x200 
                0x0000000020001278                . = (. + _Min_Stack_Size)
 *fill*         0x0000000020000e78      0x400 
                0x0000000020001278                . = ALIGN (0x8)

/DISCARD/
 libc.a(*)
 libm.a(*)
 libgcc.a(*)

.ARM.attributes
                0x0000000000000000       0x30
 *(.ARM.attributes)
 .ARM.attributes
                0x0000000000000000       0x1e c:/st/stm32cubeide_1.3.0/stm32cubeide/plugins/com.st.stm32cube.ide.mcu.externaltools.gnu-tools-for-stm32.9-2020-q2-update.win32_1.5.0.202011040924/tools/bin/../lib/gcc/arm-none-eabi/9.3.1/thumb/v7e-m+fp/hard/crti.o
 .ARM.attributes
                0x000000000000001e       0x34 c:/st/stm32cubeide_1.3.0/stm32cubeide/plugins/com.st.stm32cube.ide.mcu.externaltools.gnu-tools-for-stm32.9-2020-q2-update.win32_1.5.0.202011040924/tools/bin/../lib/gcc/arm-none-eabi/9.3.1/thumb/v7e-m+fp/hard/crtbegin.o
 .ARM.attributes
                0x0000000000000052       0x21 Application/Startup/startup_stm32g431cbux.o
 .ARM.attributes
                0x0000000000000073       0x30 Application/User/main.o
 .ARM.attributes
                0x00000000000000a3       0x30 Application/User/mc_api.o
 .ARM.attributes
                0x00000000000000d3       0x35 Application/User/mc_config.o
 .ARM.attributes
                0x0000000000000108       0x30 Application/User/mc_interface.o
 .ARM.attributes
                0x0000000000000138       0x30 Application/User/mc_math.o
 .ARM.attributes
                0x0000000000000168       0x35 Application/User/mc_parameters.o
 .ARM.attributes
                0x000000000000019d       0x30 Application/User/mc_tasks.o
 .ARM.attributes
                0x00000000000001cd       0x30 Application/User/motor_control_protocol.o
 .ARM.attributes
                0x00000000000001fd       0x30 Application/User/motorcontrol.o
 .ARM.attributes
                0x000000000000022d       0x30 Application/User/regular_conversion_manager.o
 .ARM.attributes
                0x000000000000025d       0x30 Application/User/stm32g4xx_hal_msp.o
 .ARM.attributes
                0x000000000000028d       0x30 Application/User/stm32g4xx_mc_it.o
 .ARM.attributes
                0x00000000000002bd       0x30 Application/User/ui_task.o
 .ARM.attributes
                0x00000000000002ed       0x30 Application/User/user_interface.o
 .ARM.attributes
                0x000000000000031d       0x30 Drivers/CMSIS/system_stm32g4xx.o
 .ARM.attributes
                0x000000000000034d       0x30 Drivers/STM32G4xx_HAL_Driver/stm32g4xx_hal.o
 .ARM.attributes
                0x000000000000037d       0x30 Drivers/STM32G4xx_HAL_Driver/stm32g4xx_hal_adc.o
 .ARM.attributes
                0x00000000000003ad       0x30 Drivers/STM32G4xx_HAL_Driver/stm32g4xx_hal_adc_ex.o
 .ARM.attributes
                0x00000000000003dd       0x30 Drivers/STM32G4xx_HAL_Driver/stm32g4xx_hal_comp.o
 .ARM.attributes
                0x000000000000040d       0x30 Drivers/STM32G4xx_HAL_Driver/stm32g4xx_hal_cordic.o
 .ARM.attributes
                0x000000000000043d       0x30 Drivers/STM32G4xx_HAL_Driver/stm32g4xx_hal_cortex.o
 .ARM.attributes
                0x000000000000046d       0x30 Drivers/STM32G4xx_HAL_Driver/stm32g4xx_hal_dac.o
 .ARM.attributes
                0x000000000000049d       0x30 Drivers/STM32G4xx_HAL_Driver/stm32g4xx_hal_gpio.o
 .ARM.attributes
                0x00000000000004cd       0x30 Drivers/STM32G4xx_HAL_Driver/stm32g4xx_hal_opamp.o
 .ARM.attributes
                0x00000000000004fd       0x30 Drivers/STM32G4xx_HAL_Driver/stm32g4xx_hal_pwr_ex.o
 .ARM.attributes
                0x000000000000052d       0x30 Drivers/STM32G4xx_HAL_Driver/stm32g4xx_hal_rcc.o
 .ARM.attributes
                0x000000000000055d       0x30 Drivers/STM32G4xx_HAL_Driver/stm32g4xx_hal_rcc_ex.o
 .ARM.attributes
                0x000000000000058d       0x30 Drivers/STM32G4xx_HAL_Driver/stm32g4xx_hal_tim.o
 .ARM.attributes
                0x00000000000005bd       0x30 Drivers/STM32G4xx_HAL_Driver/stm32g4xx_hal_tim_ex.o
 .ARM.attributes
                0x00000000000005ed       0x30 Drivers/STM32G4xx_HAL_Driver/stm32g4xx_hal_uart.o
 .ARM.attributes
                0x000000000000061d       0x30 Drivers/STM32G4xx_HAL_Driver/stm32g4xx_hal_uart_ex.o
 .ARM.attributes
                0x000000000000064d       0x30 Middlewares/MotorControl/bus_voltage_sensor.o
 .ARM.attributes
                0x000000000000067d       0x30 Middlewares/MotorControl/circle_limitation.o
 .ARM.attributes
                0x00000000000006ad       0x30 Middlewares/MotorControl/frame_communication_protocol.o
 .ARM.attributes
                0x00000000000006dd       0x30 Middlewares/MotorControl/motor_power_measurement.o
 .ARM.attributes
                0x000000000000070d       0x30 Middlewares/MotorControl/ntc_temperature_sensor.o
 .ARM.attributes
                0x000000000000073d       0x30 Middlewares/MotorControl/pid_regulator.o
 .ARM.attributes
                0x000000000000076d       0x30 Middlewares/MotorControl/pqd_motor_power_measurement.o
 .ARM.attributes
                0x000000000000079d       0x30 Middlewares/MotorControl/pwm_common.o
 .ARM.attributes
                0x00000000000007cd       0x30 Middlewares/MotorControl/pwm_curr_fdbk.o
 .ARM.attributes