mc_interface.c:60:13:MCI_Init	4	static
mc_interface.c:87:13:MCI_ExecSpeedRamp	0	static
mc_interface.c:113:13:MCI_ExecTorqueRamp	8	static
mc_interface.c:133:13:MCI_SetCurrentReferences	16	static
mc_interface.c:163:13:MCI_StartMotor	8	static
mc_interface.c:190:13:MCI_StopMotor	0	static
mc_interface.c:204:13:MCI_FaultAcknowledged	0	static
mc_interface.c:224:13:MCI_EncoderAlign	0	static
mc_interface.c:237:13:MCI_ExecBufferedCommands	8	static
mc_interface.c:297:28:MCI_IsCommandAcknowledged	0	static
mc_interface.c:314:17:MCI_GetSTMState	0	static
mc_interface.c:330:17:MCI_GetOccurredFaults	8	static
mc_interface.c:344:17:MCI_GetCurrentFaults	8	static
mc_interface.c:355:23:MCI_GetControlMode	0	static
mc_interface.c:367:16:MCI_GetImposedMotorDirection	0	static
mc_interface.c:404:16:MCI_GetLastRampFinalSpeed	0	static
mc_interface.c:421:13:MCI_RampCompleted	8	static
mc_interface.c:438:13:MCI_StopSpeedRamp	0	static
mc_interface.c:447:13:MCI_StopRamp	0	static
mc_interface.c:460:13:MCI_GetSpdSensorReliability	8	static
mc_interface.c:473:16:MCI_GetAvrgMecSpeedUnit	8	static
mc_interface.c:486:16:MCI_GetMecSpeedRefUnit	0	static
mc_interface.c:496:13:MCI_GetIab	8	static
mc_interface.c:506:20:MCI_GetIalphabeta	8	static
mc_interface.c:516:13:MCI_GetIqd	8	static
mc_interface.c:527:13:MCI_GetIqdHF	8	static
mc_interface.c:537:13:MCI_GetIqdref	8	static
mc_interface.c:547:13:MCI_GetVqd	8	static
mc_interface.c:557:20:MCI_GetValphabeta	8	static
mc_interface.c:568:16:MCI_GetElAngledpp	0	static
mc_interface.c:579:16:MCI_GetTeref	0	static
mc_interface.c:591:16:MCI_GetPhaseCurrentAmplitude	8	static
mc_interface.c:618:16:MCI_GetPhaseVoltageAmplitude	8	static
mc_interface.c:647:13:MCI_SetIdref	0	static
mc_interface.c:658:13:MCI_Clear_Iqdref	8	static
