mc_tasks.c:555:13:FOC_Clear	24	static
mc_tasks.c:122:13:MCboot	72	static
mc_tasks.c:591:13:FOC_InitAdditionalMethods	0	static
mc_tasks.c:608:13:FOC_CalcCurrRef	8	static
mc_tasks.c:631:13:TSK_SetChargeBootCapDelayM1	0	static
mc_tasks.c:642:13:TSK_ChargeBootCapDelayHasElapsedM1	0	static
mc_tasks.c:658:13:TSK_SetStopPermanencyTimeM1	0	static
mc_tasks.c:669:13:TSK_StopPermanencyTimeHasElapsedM1	0	static
mc_tasks.c:331:13:TSK_MediumFrequencyTaskM1	24	static
mc_tasks.c:286:13:MC_Scheduler	16	static
mc_tasks.c:694:16:TSK_HighFrequencyTask	64	static
mc_tasks.c:832:13:TSK_SafetyTask_PWMOFF	24	static
mc_tasks.c:810:13:TSK_SafetyTask	8	static
mc_tasks.c:265:13:MC_RunMotorControlTasks	8	static
mc_tasks.c:883:23:GetMCI	0	static
mc_tasks.c:902:22:GetMCT	0	static
mc_tasks.c:918:13:TSK_HardwareFaultTask	8	static
mc_tasks.c:933:13:mc_lock_pins	72	static
