stm32f3xx_hal_msp.c:66:6:HAL_MspInit	8	static
stm32f3xx_hal_msp.c:90:6:HAL_ADC_MspInit	48	static
stm32f3xx_hal_msp.c:146:6:HAL_ADC_MspDeInit	8	static
stm32f3xx_hal_msp.c:195:6:HAL_CAN_MspInit	48	static
stm32f3xx_hal_msp.c:231:6:HAL_CAN_MspDeInit	0	static
stm32f3xx_hal_msp.c:260:6:HAL_COMP_MspInit	40	static
stm32f3xx_hal_msp.c:329:6:HAL_COMP_MspDeInit	0	static
stm32f3xx_hal_msp.c:385:6:HAL_DAC_MspInit	40	static
stm32f3xx_hal_msp.c:418:6:HAL_DAC_MspDeInit	0	static
stm32f3xx_hal_msp.c:446:6:HAL_SPI_MspInit	48	static
stm32f3xx_hal_msp.c:483:6:HAL_SPI_MspDeInit	0	static
stm32f3xx_hal_msp.c:513:6:HAL_TIM_Base_MspInit	48	static
stm32f3xx_hal_msp.c:553:6:HAL_TIM_MspPostInit	56	static
stm32f3xx_hal_msp.c:612:6:HAL_TIM_Base_MspDeInit	8	static
stm32f3xx_hal_msp.c:657:6:HAL_UART_MspInit	48	static
stm32f3xx_hal_msp.c:693:6:HAL_UART_MspDeInit	8	static
