stm32f3xx_ll_system.h:1568:22:LL_DBGMCU_APB2_GRP1_FreezePeriph	16	static
stm32f3xx_ll_adc.h:4173:22:LL_ADC_INJ_SetSequencerDiscont	16	static
stm32f3xx_ll_adc.h:4430:22:LL_ADC_INJ_SetQueueMode	16	static
stm32f3xx_ll_adc.h:5770:22:LL_ADC_EnableInternalRegulator	16	static
stm32f3xx_ll_adc.h:5805:26:LL_ADC_IsInternalRegulatorEnabled	16	static
stm32f3xx_ll_adc.h:5826:22:LL_ADC_Enable	16	static
stm32f3xx_ll_adc.h:5865:26:LL_ADC_IsEnabled	16	static
stm32f3xx_ll_adc.h:5904:22:LL_ADC_StartCalibration	16	static
stm32f3xx_ll_adc.h:5920:26:LL_ADC_IsCalibrationOnGoing	16	static
stm32f3xx_ll_adc.h:6134:22:LL_ADC_INJ_StartConversion	16	static
stm32f3xx_ll_adc.h:6154:22:LL_ADC_INJ_StopConversion	16	static
stm32f3xx_ll_adc.h:6337:26:LL_ADC_IsActiveFlag_ADRDY	16	static
stm32f3xx_ll_adc.h:6472:22:LL_ADC_ClearFlag_EOC	16	static
stm32f3xx_ll_adc.h:6516:22:LL_ADC_ClearFlag_JEOC	16	static
stm32f3xx_ll_adc.h:6527:22:LL_ADC_ClearFlag_JEOS	16	static
stm32f3xx_ll_adc.h:6922:22:LL_ADC_EnableIT_JEOS	16	static
stm32f3xx_ll_adc.h:6988:22:LL_ADC_DisableIT_EOC	16	static
stm32f3xx_ll_adc.h:7032:22:LL_ADC_DisableIT_JEOC	16	static
stm32f3xx_ll_tim.h:1363:22:LL_TIM_DisableCounter	16	static
stm32f3xx_ll_tim.h:1594:22:LL_TIM_SetCounter	16	static
stm32f3xx_ll_tim.h:1691:22:LL_TIM_SetRepetitionCounter	16	static
stm32f3xx_ll_tim.h:1857:22:LL_TIM_CC_EnableChannel	16	static
stm32f3xx_ll_tim.h:1887:22:LL_TIM_CC_DisableChannel	16	static
stm32f3xx_ll_tim.h:2032:22:LL_TIM_OC_SetMode	32	static
stm32f3xx_ll_tim.h:2369:22:LL_TIM_OC_EnablePreload	24	static
stm32f3xx_ll_tim.h:2404:22:LL_TIM_OC_DisablePreload	24	static
stm32f3xx_ll_tim.h:2589:22:LL_TIM_OC_SetCompareCH1	16	static
stm32f3xx_ll_tim.h:2606:22:LL_TIM_OC_SetCompareCH2	16	static
stm32f3xx_ll_tim.h:2623:22:LL_TIM_OC_SetCompareCH3	16	static
stm32f3xx_ll_tim.h:2640:22:LL_TIM_OC_SetCompareCH4	16	static
stm32f3xx_ll_tim.h:3331:22:LL_TIM_SetTriggerOutput	16	static
stm32f3xx_ll_tim.h:3756:22:LL_TIM_EnableAllOutputs	16	static
stm32f3xx_ll_tim.h:3771:22:LL_TIM_DisableAllOutputs	16	static
stm32f3xx_ll_tim.h:3986:22:LL_TIM_ClearFlag_UPDATE	16	static
stm32f3xx_ll_tim.h:3997:26:LL_TIM_IsActiveFlag_UPDATE	16	static
stm32f3xx_ll_tim.h:4188:22:LL_TIM_ClearFlag_BRK	16	static
stm32f3xx_ll_tim.h:4211:22:LL_TIM_ClearFlag_BRK2	16	static
stm32f3xx_ll_tim.h:4222:26:LL_TIM_IsActiveFlag_BRK2	16	static
stm32f3xx_ll_tim.h:4329:22:LL_TIM_EnableIT_UPDATE	16	static
stm32f3xx_ll_tim.h:4340:22:LL_TIM_DisableIT_UPDATE	16	static
stm32f3xx_ll_tim.h:4560:22:LL_TIM_EnableIT_BRK	16	static
stm32f3xx_ll_tim.h:4838:22:LL_TIM_GenerateEvent_UPDATE	16	static
stm32f3xx_ll_gpio.h:879:22:LL_GPIO_SetOutputPin	16	static
stm32f3xx_ll_gpio.h:908:22:LL_GPIO_ResetOutputPin	16	static
stm32f3xx_ll_dac.h:1038:22:LL_DAC_Enable	16	static
stm32f3xx_ll_dac.h:1077:26:LL_DAC_IsEnabled	16	static
stm32f3xx_ll_dac.h:1173:22:LL_DAC_TrigSWConversion	16	static
stm32f3xx_ll_dac.h:1220:22:LL_DAC_ConvertData12LeftAligned	32	static,ignoring_inline_asm
stm32f3xx_ll_comp.h:1008:26:LL_COMP_GetInputMinus	16	static
stm32f3xx_ll_comp.h:1307:22:LL_COMP_Enable	16	static
stm32f3xx_ll_comp.h:1343:22:LL_COMP_Lock	16	static
r3_1_f30x_pwm_curr_fdbk.c:82:13:R3_1_Init	40	static
r3_1_f30x_pwm_curr_fdbk.c:194:13:R3_1_ADCxInit	24	static
r3_1_f30x_pwm_curr_fdbk.c:238:13:R3_1_TIMxInit	24	static
r3_1_f30x_pwm_curr_fdbk.c:327:6:R3_1_CurrentReadingPolarization	32	static
r3_1_f30x_pwm_curr_fdbk.c:441:13:R3_1_GetPhaseCurrents	40	static
r3_1_f30x_pwm_curr_fdbk.c:607:10:R3_1_SetADCSampPointPolarization	24	static
r3_1_f30x_pwm_curr_fdbk.c:636:10:R3_1_SetADCSampPointSectX	32	static
r3_1_f30x_pwm_curr_fdbk.c:708:26:R3_1_WriteTIMRegisters	32	static
r3_1_f30x_pwm_curr_fdbk.c:748:13:R3_1_HFCurrentsPolarizationAB	32	static
r3_1_f30x_pwm_curr_fdbk.c:786:13:R3_1_HFCurrentsPolarizationC	32	static
r3_1_f30x_pwm_curr_fdbk.c:820:13:R3_1_TurnOnLowSides	24	static
r3_1_f30x_pwm_curr_fdbk.c:864:13:R3_1_SwitchOnPWM	24	static
r3_1_f30x_pwm_curr_fdbk.c:921:13:R3_1_SwitchOffPWM	24	static
r3_1_f30x_pwm_curr_fdbk.c:977:15:R3_1_TIMx_UP_IRQHandler	24	static
r3_1_f30x_pwm_curr_fdbk.c:1005:15:R3_1_BRK2_IRQHandler	16	static
r3_1_f30x_pwm_curr_fdbk.c:1033:15:R3_1_BRK_IRQHandler	16	static
r3_1_f30x_pwm_curr_fdbk.c:1050:17:R3_1_IsOverCurrentOccurred	24	static
r3_1_f30x_pwm_curr_fdbk.c:1087:13:R3_1_SetAOReferenceVoltage	24	static
r3_1_f30x_pwm_curr_fdbk.c:1120:6:R3_1_RLDetectionModeEnable	24	static
r3_1_f30x_pwm_curr_fdbk.c:1176:6:R3_1_RLDetectionModeDisable	24	static
r3_1_f30x_pwm_curr_fdbk.c:1277:10:R3_1_RLDetectionModeSetDuty	32	static
r3_1_f30x_pwm_curr_fdbk.c:1334:13:R3_1_RLGetPhaseCurrents	32	static
r3_1_f30x_pwm_curr_fdbk.c:1379:13:R3_1_RLTurnOnLowSides	24	static
r3_1_f30x_pwm_curr_fdbk.c:1421:13:R3_1_RLSwitchOnPWM	32	static
r3_1_f30x_pwm_curr_fdbk.c:1501:6:RLTurnOnLowSidesAndStart	24	static
